ARM Linker, 5.02 [Build 28] [MDK-ARM Standard]

==============================================================================

Section Cross References

    startup_stm32f10x_md.o(STACK) refers (Special) to heapauxi.o(.text) for __use_two_region_memory
    startup_stm32f10x_md.o(HEAP) refers (Special) to heapauxi.o(.text) for __use_two_region_memory
    startup_stm32f10x_md.o(RESET) refers (Special) to heapauxi.o(.text) for __use_two_region_memory
    startup_stm32f10x_md.o(RESET) refers to startup_stm32f10x_md.o(STACK) for __initial_sp
    startup_stm32f10x_md.o(RESET) refers to startup_stm32f10x_md.o(.text) for Reset_Handler
    startup_stm32f10x_md.o(RESET) refers to stm32f1xx_it.o(.text) for NMI_Handler
    startup_stm32f10x_md.o(.text) refers (Special) to heapauxi.o(.text) for __use_two_region_memory
    startup_stm32f10x_md.o(.text) refers to system_stm32f1xx.o(.text) for SystemInit
    startup_stm32f10x_md.o(.text) refers to __main.o(!!!main) for __main
    startup_stm32f10x_md.o(.text) refers to startup_stm32f10x_md.o(HEAP) for Heap_Mem
    startup_stm32f10x_md.o(.text) refers to startup_stm32f10x_md.o(STACK) for Stack_Mem
    system_stm32f1xx.o(.text) refers to system_stm32f1xx.o(.data) for SystemCoreClock
    stm32f1xx_it.o(.text) refers to stm32f1xx_hal.o(.text) for HAL_IncTick
    stm32f1xx_hal.o(.text) refers to stm32f1xx_hal_rcc.o(.text) for HAL_RCC_GetHCLKFreq
    stm32f1xx_hal.o(.text) refers to stm32f1xx_hal_cortex.o(.text) for HAL_SYSTICK_Config
    stm32f1xx_hal.o(.text) refers to stm32f1xx_hal.o(.data) for uwTick
    stm32f1xx_hal_rcc.o(.text) refers to stm32f1xx_hal.o(.text) for HAL_GetTick
    stm32f1xx_hal_rcc.o(.text) refers to stm32f1xx_hal_gpio.o(.text) for HAL_GPIO_Init
    stm32f1xx_hal_rcc.o(.text) refers to stm32f1xx_hal_rcc.o(.constdata) for aAPBAHBPrescTable
    stm32f1xx_hal_rcc.o(.text) refers to system_stm32f1xx.o(.data) for SystemCoreClock
    stm32f1xx_hal_rcc_ex.o(.text) refers to stm32f1xx_hal.o(.text) for HAL_GetTick
    stm32f1xx_hal_rcc_ex.o(.text) refers to stm32f1xx_hal_rcc.o(.text) for HAL_RCC_GetPCLK2Freq
    stm32f1xx_hal_tim.o(.text) refers to stm32f1xx_hal_msp.o(.text) for HAL_TIM_Base_MspInit
    stm32f1xx_hal_tim.o(.text) refers to stm32f1xx_hal_dma.o(.text) for HAL_DMA_Start_IT
    stm32f1xx_hal_tim.o(.text) refers to stm32f1xx_hal_tim_ex.o(.text) for HAL_TIMEx_BreakCallback
    stm32f1xx_hal_tim_ex.o(.text) refers to stm32f1xx_hal_tim.o(.text) for TIM_Base_SetConfig
    stm32f1xx_hal_tim_ex.o(.text) refers to stm32f1xx_hal_dma.o(.text) for HAL_DMA_Start_IT
    stm32f1xx_hal_dma.o(.text) refers to stm32f1xx_hal.o(.text) for HAL_GetTick
    stm32f1xx_hal_adc.o(.text) refers to stm32f1xx_hal.o(.text) for HAL_GetTick
    stm32f1xx_hal_adc.o(.text) refers to stm32f1xx_hal_msp.o(.text) for HAL_ADC_MspInit
    stm32f1xx_hal_adc.o(.text) refers to stm32f1xx_hal_rcc_ex.o(.text) for HAL_RCCEx_GetPeriphCLKFreq
    stm32f1xx_hal_adc.o(.text) refers to system_stm32f1xx.o(.data) for SystemCoreClock
    stm32f1xx_hal_adc.o(.text) refers to syringe_size.o(.text) for HAL_ADC_ErrorCallback
    stm32f1xx_hal_adc.o(.text) refers to stm32f1xx_hal_dma.o(.text) for HAL_DMA_Start_IT
    stm32f1xx_hal_adc.o(.text) refers to stm32f1xx_hal_adc_ex.o(.text) for HAL_ADCEx_InjectedConvCpltCallback
    stm32f1xx_hal_adc_ex.o(.text) refers to stm32f1xx_hal_adc.o(.text) for ADC_ConversionStop_Disable
    stm32f1xx_hal_adc_ex.o(.text) refers to stm32f1xx_hal_rcc_ex.o(.text) for HAL_RCCEx_GetPeriphCLKFreq
    stm32f1xx_hal_adc_ex.o(.text) refers to stm32f1xx_hal.o(.text) for HAL_GetTick
    stm32f1xx_hal_adc_ex.o(.text) refers to system_stm32f1xx.o(.data) for SystemCoreClock
    stm32f1xx_hal_adc_ex.o(.text) refers to stm32f1xx_hal_dma.o(.text) for HAL_DMA_Start_IT
    main.o(.text) refers to rt_memclr_w.o(.text) for __aeabi_memclr4
    main.o(.text) refers to stm32f1xx_hal_rcc.o(.text) for HAL_RCC_OscConfig
    main.o(.text) refers to stm32f1xx_hal_rcc_ex.o(.text) for HAL_RCC_ClockConfig
    main.o(.text) refers to stm32f1xx_hal.o(.text) for HAL_Init
    main.o(.text) refers to stm32f1xx_lcd.o(.text) for st7783_Init
    main.o(.text) refers to switches.o(.text) for Button_Init
    main.o(.text) refers to stm32f1xx_pwm.o(.text) for TIM4_Init
    main.o(.text) refers to syringepump.o(.text) for PrintDecimal
    main.o(.text) refers to syringe_size.o(.text) for Syringe_Size
    stm32f1xx_lcd.o(.text) refers to stm32f1xx_hal_gpio.o(.text) for HAL_GPIO_WritePin
    stm32f1xx_lcd.o(.text) refers to stm32f1xx_lcd.o(.data) for m_width
    stm32f1xx_lcd.o(.text) refers to c89vsprintf.o(.text) for __c89vsprintf
    stm32f1xx_lcd.o(.text) refers to stm32f1xx_lcd.o(.constdata) for font
    stm32f1xx_lcd.o(.text) refers to stm32f1xx_lcd.o(.bss) for buf
    switches.o(.text) refers to stm32f1xx_hal_gpio.o(.text) for HAL_GPIO_Init
    syringepump.o(.text) refers to stm32f1xx_lcd.o(.text) for LCD_Printf
    syringepump.o(.text) refers to switches.o(.text) for Read_UP_Button
[...]
    .text                                    0x08008e90   Section        0  stm32f1xx_hal_msp.o(.text)
    .text                                    0x08008fe0   Section        0  c89vsprintf.o(.text)
    .text                                    0x08009004   Section       78  rt_memclr_w.o(.text)
    .text                                    0x08009052   Section        0  heapauxi.o(.text)
    .text                                    0x08009058   Section        0  _printf_pad.o(.text)
    .text                                    0x080090aa   Section        0  _printf_truncate.o(.text)
    .text                                    0x080090ce   Section        0  _printf_str.o(.text)
    .text                                    0x08009120   Section        0  _printf_dec.o(.text)
    .text                                    0x08009198   Section        0  _printf_charcount.o(.text)
    .text                                    0x080091c4   Section        0  _printf_char_common.o(.text)
    _printf_input_char                       0x080091c5   Thumb Code    10  _printf_char_common.o(.text)
    .text                                    0x080091f4   Section        0  _sputc.o(.text)
    .text                                    0x08009200   Section        0  _printf_wctomb.o(.text)
    .text                                    0x080092bc   Section        0  _printf_longlong_dec.o(.text)
    .text                                    0x08009334   Section        0  _printf_oct_int_ll.o(.text)
    _printf_longlong_oct_internal            0x08009335   Thumb Code     0  _printf_oct_int_ll.o(.text)
    .text                                    0x080093ac   Section        0  _printf_hex_int_ll_ptr.o(.text)
    _printf_hex_common                       0x080093ad   Thumb Code     0  _printf_hex_int_ll_ptr.o(.text)
    .text                                    0x08009448   Section        0  __printf_flags_ss_wp.o(.text)
    .text                                    0x080095d4   Section      138  lludiv10.o(.text)
    .text                                    0x0800965e   Section        0  _printf_intcommon.o(.text)
    .text                                    0x08009716   Section        0  _printf_fp_dec.o(.text)
    _fp_digits                               0x08009719   Thumb Code   426  _printf_fp_dec.o(.text)
    .text                                    0x08009b36   Section        0  _printf_char.o(.text)
    .text                                    0x08009b62   Section        0  _printf_wchar.o(.text)
    .text                                    0x08009b8e   Section        0  _wcrtomb.o(.text)
    .text                                    0x08009bce   Section       74  sys_stackheap_outer.o(.text)
    .text                                    0x08009c18   Section       16  rt_ctype_table.o(.text)
    .text                                    0x08009c28   Section        8  rt_locale_intlibspace.o(.text)
    .text                                    0x08009c30   Section        0  _printf_fp_infnan.o(.text)
    .text                                    0x08009cb0   Section        0  bigflt0.o(.text)
    .text                                    0x08009d94   Section        0  exit.o(.text)
    .text                                    0x08009da0   Section        8  libspace.o(.text)
    .text                                    0x08009da8   Section      128  strcmpv7m.o(.text)
    .text                                    0x08009e28   Section        0  sys_exit.o(.text)
    .text                                    0x08009e34   Section        2  use_no_semi.o(.text)
    .text                                    0x08009e36   Section        0  indicate_semi.o(.text)
    CL$$btod_d2e                             0x08009e36   Section       62  btod.o(CL$$btod_d2e)
    CL$$btod_d2e_denorm_low                  0x08009e74   Section       70  btod.o(CL$$btod_d2e_denorm_low)
    CL$$btod_d2e_norm_op1                    0x08009eba   Section       96  btod.o(CL$$btod_d2e_norm_op1)
    CL$$btod_div_common                      0x08009f1a   Section      824  btod.o(CL$$btod_div_common)
    CL$$btod_e2e                             0x0800a252   Section      198  btod.o(CL$$btod_e2e)
    CL$$btod_ediv                            0x0800a318   Section       40  btod.o(CL$$btod_ediv)
    CL$$btod_emul                            0x0800a340   Section       40  btod.o(CL$$btod_emul)
    CL$$btod_mult_common                     0x0800a368   Section      580  btod.o(CL$$btod_mult_common)
    i.__ARM_fpclassify                       0x0800a5ac   Section        0  fpclassify.o(i.__ARM_fpclassify)
    i._is_digit                              0x0800a5d4   Section        0  __printf_wp.o(i._is_digit)
    locale$$code                             0x0800a5e4   Section       44  lc_numeric_c.o(locale$$code)
    locale$$code                             0x0800a610   Section       44  lc_ctype_c.o(locale$$code)
    x$fpl$printf1                            0x0800a63c   Section        4  printf1.o(x$fpl$printf1)
    .constdata                               0x0800a640   Section       16  stm32f1xx_hal_rcc.o(.constdata)
    x$fpl$usenofp                            0x0800a640   Section        0  usenofp.o(x$fpl$usenofp)
    .constdata                               0x0800a650   Section      904  stm32f1xx_lcd.o(.constdata)
    font                                     0x0800a650   Data         640  stm32f1xx_lcd.o(.constdata)
    ST7781_regValues                         0x0800a8d0   Data         264  stm32f1xx_lcd.o(.constdata)
    .constdata                               0x0800a9d8   Section        8  _printf_wctomb.o(.constdata)
    initial_mbstate                          0x0800a9d8   Data           8  _printf_wctomb.o(.constdata)
    .constdata                               0x0800a9e0   Section       40  _printf_hex_int_ll_ptr.o(.constdata)
    uc_hextab                                0x0800a9e0   Data          20  _printf_hex_int_ll_ptr.o(.constdata)
    lc_hextab                                0x0800a9f4   Data          20  _printf_hex_int_ll_ptr.o(.constdata)
    .constdata                               0x0800aa08   Section       17  __printf_flags_ss_wp.o(.constdata)
    maptable                                 0x0800aa08   Data          17  __printf_flags_ss_wp.o(.constdata)
    .constdata                               0x0800aa1c   Section      148  bigflt0.o(.constdata)
    tenpwrs_x                                0x0800aa1c   Data          60  bigflt0.o(.constdata)
    tenpwrs_i                                0x0800aa58   Data          64  bigflt0.o(.constdata)
    locale$$data                             0x0800aad0   Section       28  lc_numeric_c.o(locale$$data)
    __lcnum_c_name                           0x0800aad4   Data           2  lc_numeric_c.o(locale$$data)
    __lcnum_c_start                          0x0800aadc   Data           0  lc_numeric_c.o(locale$$data)
    __lcnum_c_point                          0x0800aae8   Data           0  lc_numeric_c.o(locale$$data)
    __lcnum_c_thousands                      0x0800aaea   Data           0  lc_numeric_c.o(locale$$data)
    __lcnum_c_grouping                       0x0800aaeb   Data           0  lc_numeric_c.o(locale$$data)
    locale$$data                             0x0800aaec   Section      272  lc_ctype_c.o(locale$$data)
    __lcnum_c_end                            0x0800aaec   Data           0  lc_numeric_c.o(locale$$data)
    __lcctype_c_name                         0x0800aaf0   Data           2  lc_ctype_c.o(locale$$data)
    __lcctype_c_start                        0x0800aaf8   Data           0  lc_ctype_c.o(locale$$data)
    __lcctype_c_end                          0x0800abfc   Data           0  lc_ctype_c.o(locale$$data)
    .data                                    0x20000000   Section       20  system_stm32f1xx.o(.data)
    .data                                    0x20000014   Section        4  stm32f1xx_hal.o(.data)
    uwTick                                   0x20000014   Data           4  stm32f1xx_hal.o(.data)
    .data                                    0x20000018   Section       16  stm32f1xx_lcd.o(.data)
    m_width                                  0x20000018   Data           2  stm32f1xx_lcd.o(.data)
    m_height                                 0x2000001a   Data           2  stm32f1xx_lcd.o(.data)
    m_rotation                               0x2000001c   Data           1  stm32f1xx_lcd.o(.data)
    m_cursor_x                               0x2000001e   Data           2  stm32f1xx_lcd.o(.data)
    m_cursor_y                               0x20000020   Data           2  stm32f1xx_lcd.o(.data)
    m_textcolor                              0x20000022   Data           2  stm32f1xx_lcd.o(.data)
    m_textbgcolor                            0x20000024   Data           2  stm32f1xx_lcd.o(.data)
    m_textsize                               0x20000026   Data           1  stm32f1xx_lcd.o(.data)
    m_wrap                                   0x20000027   Data           1  stm32f1xx_lcd.o(.data)
    .data                                    0x20000028   Section       18  syringepump.o(.data)
    m_width                                  0x2000002a   Data           2  syringepump.o(.data)
    m_height                                 0x2000002c   Data           2  syringepump.o(.data)
    m_rotation                               0x2000002e   Data           1  syringepump.o(.data)
    m_cursor_x                               0x20000030   Data           2  syringepump.o(.data)
    m_cursor_y                               0x20000032   Data           2  syringepump.o(.data)
    m_textcolor                              0x20000034   Data           2  syringepump.o(.data)
    m_textbgcolor                            0x20000036   Data           2  syringepump.o(.data)
    m_textsize                               0x20000038   Data           1  syringepump.o(.data)
    m_wrap                                   0x20000039   Data           1  syringepump.o(.data)
    .data                                    0x2000003a   Section       20  syringe_size.o(.data)
    m_width                                  0x2000003e   Data           2  syringe_size.o(.data)
    m_height                                 0x20000040   Data           2  syringe_size.o(.data)
    m_rotation                               0x20000042   Data           1  syringe_size.o(.data)
    m_cursor_x                               0x20000044   Data           2  syringe_size.o(.data)
    m_cursor_y                               0x20000046   Data           2  syringe_size.o(.data)
    m_textcolor                              0x20000048   Data           2  syringe_size.o(.data)
    m_textbgcolor                            0x2000004a   Data           2  syringe_size.o(.data)
    m_textsize                               0x2000004c   Data           1  syringe_size.o(.data)
    m_wrap                                   0x2000004d   Data           1  syringe_size.o(.data)
    .bss                                     0x20000050   Section      256  stm32f1xx_lcd.o(.bss)
    buf                                      0x20000050   Data         256  stm32f1xx_lcd.o(.bss)
    .bss                                     0x20000150   Section      620  syringe_size.o(.bss)
    .bss                                     0x200003bc   Section       56  stm32f1xx_hal_msp.o(.bss)
    DmaHandle                                0x200003bc   Data          56  stm32f1xx_hal_msp.o(.bss)
    .bss                                     0x200003f4   Section       96  libspace.o(.bss)
    HEAP                                     0x20000458   Section      512  startup_stm32f10x_md.o(HEAP)
    Heap_Mem                                 0x20000458   Data         512  startup_stm32f10x_md.o(HEAP)
    STACK                                    0x20000658   Section     1024  startup_stm32f10x_md.o(STACK)
    Stack_Mem                                0x20000658   Data        1024  startup_stm32f10x_md.o(STACK)
    __initial_sp                             0x20000a58   Data           0  startup_stm32f10x_md.o(STACK)

    Global Symbols

    Symbol Name                              Value     Ov Type        Size  Object(Section)

    BuildAttributes$$THM_ISAv4$P$D$K$B$S$PE$A:L22UL41UL21$X:L11$S22US41US21$IEEE1$IW$USESV6$~STKCKD$USESV7$~SHL$OTIME$ROPI$IEEEJ$EBA8$UX$STANDARDLIB$REQ8$PRES8$EABIv2 0x00000000   Number         0  anon$$obj.o ABSOLUTE
    __ARM_use_no_argv                        0x00000000   Number         0  main.o ABSOLUTE
    _printf_flags                            0x00000000   Number         0  printf_stubs.o ABSOLUTE
    _printf_return_value                     0x00000000   Number         0  printf_stubs.o ABSOLUTE
    _printf_sizespec                         0x00000000   Number         0  printf_stubs.o ABSOLUTE
    _printf_widthprec                        0x00000000   Number         0  printf_stubs.o ABSOLUTE
    __ARM_exceptions_init                     - Undefined Weak Reference
    __alloca_initialize                       - Undefined Weak Reference
    __cpp_initialize__aeabi_                  - Undefined Weak Reference
    __cxa_finalize                            - Undefined Weak Reference
    __sigvec_lookup                           - Undefined Weak Reference
    _atexit_init                              - Undefined Weak Reference
    _call_atexit_fns                          - Undefined Weak Reference
    _clock_init                               - Undefined Weak Reference
    _fp_trap_init                             - Undefined Weak Reference
    _fp_trap_shutdown                         - Undefined Weak Reference
    _get_lc_collate                           - Undefined Weak Reference
    _get_lc_monetary                          - Undefined Weak Reference
    _get_lc_time                              - Undefined Weak Reference
    _getenv_init                              - Undefined Weak Reference
    _handle_redirection                       - Undefined Weak Reference
    _init_alloc                               - Undefined Weak Reference
    _init_user_alloc                          - Undefined Weak Reference
    _initio                                   - Undefined Weak Reference
    _printf_fp_hex                            - Undefined Weak Reference
    _printf_mbtowc                            - Undefined Weak Reference
    _printf_wc                                - Undefined Weak Reference
    _rand_init                                - Undefined Weak Reference
    _signal_finish                            - Undefined Weak Reference
    _signal_init                              - Undefined Weak Reference
    _terminate_alloc                          - Undefined Weak Reference
    _terminate_user_alloc                     - Undefined Weak Reference
    _terminateio                              - Undefined Weak Reference
    __Vectors_Size                           0x000000ec   Number         0  startup_stm32f10x_md.o ABSOLUTE
    __Vectors                                0x08000000   Data           4  startup_stm32f10x_md.o(RESET)
    __Vectors_End                            0x080000ec   Data           0  startup_stm32f10x_md.o(RESET)
    __main                                   0x080000ed   Thumb Code     8  __main.o(!!!main)
    __scatterload                            0x080000f5   Thumb Code     0  __scatter.o(!!!scatter)
    __scatterload_rt2                        0x080000f5   Thumb Code    44  __scatter.o(!!!scatter)
    __scatterload_rt2_thumb_only             0x080000f5   Thumb Code     0  __scatter.o(!!!scatter)
    __scatterload_null                       0x08000103   Thumb Code     0  __scatter.o(!!!scatter)
    __scatterload_copy                       0x08000129   Thumb Code    26  __scatter_copy.o(!!handler_copy)
    __scatterload_zeroinit                   0x08000145   Thumb Code    28  __scatter_zi.o(!!handler_zi)
    _printf_n                                0x08000161   Thumb Code     0  _printf_n.o(.ARM.Collect$$_printf_percent$$00000001)
    _printf_percent                          0x08000161   Thumb Code     0  _printf_percent.o(.ARM.Collect$$_printf_percent$$00000000)
    _printf_p                                0x08000167   Thumb Code     0  _printf_p.o(.ARM.Collect$$_printf_percent$$00000002)
    _printf_f                                0x0800016d   Thumb Code     0  _printf_f.o(.ARM.Collect$$_printf_percent$$00000003)
    _printf_e                                0x08000173   Thumb Code     0  _printf_e.o(.ARM.Collect$$_printf_percent$$00000004)
    _printf_g                                0x08000179   Thumb Code     0  _printf_g.o(.ARM.Collect$$_printf_percent$$00000005)
    _printf_a                                0x0800017f   Thumb Code     0  _printf_a.o(.ARM.Collect$$_printf_percent$$00000006)
    _printf_ll                               0x08000185   Thumb Code     0  _printf_ll.o(.ARM.Collect$$_printf_percent$$00000007)
    _printf_i                                0x0800018f   Thumb Code     0  _printf_i.o(.ARM.Collect$$_printf_percent$$00000008)
    _printf_d                                0x08000195   Thumb Code     0  _printf_d.o(.ARM.Collect$$_printf_percent$$00000009)
    _printf_u                                0x0800019b   Thumb Code     0  _printf_u.o(.ARM.Collect$$_printf_percent$$0000000A)
    _printf_o                                0x080001a1   Thumb Code     0  _printf_o.o(.ARM.Collect$$_printf_percent$$0000000B)
    _printf_x                                0x080001a7   Thumb Code     0  _printf_x.o(.ARM.Collect$$_printf_percent$$0000000C)
    _printf_lli                              0x080001ad   Thumb Code     0  _printf_lli.o(.ARM.Collect$$_printf_percent$$0000000D)
    _printf_lld                              0x080001b3   Thumb Code     0  _printf_lld.o(.ARM.Collect$$_printf_percent$$0000000E)
    _printf_llu                              0x080001b9   Thumb Code     0  _printf_llu.o(.ARM.Collect$$_printf_percent$$0000000F)
    _printf_llo                              0x080001bf   Thumb Code     0  _printf_llo.o(.ARM.Collect$$_printf_percent$$00000010)
    _printf_llx                              0x080001c5   Thumb Code     0  _printf_llx.o(.ARM.Collect$$_printf_percent$$00000011)
    _printf_l                                0x080001cb   Thumb Code     0  _printf_l.o(.ARM.Collect$$_printf_percent$$00000012)
    _printf_c                                0x080001d5   Thumb Code     0  _printf_c.o(.ARM.Collect$$_printf_percent$$00000013)
    _printf_s                                0x080001db   Thumb Code     0  _printf_s.o(.ARM.Collect$$_printf_percent$$00000014)
    _printf_lc                               0x080001e1   Thumb Code     0  _printf_lc.o(.ARM.Collect$$_printf_percent$$00000015)
    _printf_ls                               0x080001e7   Thumb Code     0  _printf_ls.o(.ARM.Collect$$_printf_percent$$00000016)
    _printf_percent_end                      0x080001ed   Thumb Code     0  _printf_percent_end.o(.ARM.Collect$$_printf_percent$$00000017)
    __rt_lib_init                            0x080001f1   Thumb Code     0  libinit.o(.ARM.Collect$$libinit$$00000000)
    __rt_lib_init_fp_1                       0x080001f3   Thumb Code     0  libinit2.o(.ARM.Collect$$libinit$$00000002)
    __rt_lib_init_heap_1                     0x080001f3   Thumb Code     0  libinit2.o(.ARM.Collect$$libinit$$00000008)
    __rt_lib_init_lc_common                  0x080001f3   Thumb Code     0  libinit2.o(.ARM.Collect$$libinit$$0000000D)
    __rt_lib_init_rand_1                     0x080001f3   Thumb Code     0  libinit2.o(.ARM.Collect$$libinit$$0000000C)
    __rt_lib_init_user_alloc_1               0x080001f3   Thumb Code     0  libinit2.o(.ARM.Collect$$libinit$$0000000A)
    __rt_lib_init_lc_collate_1               0x080001f9   Thumb Code     0  libinit2.o(.ARM.Collect$$libinit$$0000000F)
    __rt_lib_init_lc_ctype_2                 0x080001f9   Thumb Code     0  libinit2.o(.ARM.Collect$$libinit$$00000010)
    __rt_lib_init_lc_ctype_1                 0x08000205   Thumb Code     0  libinit2.o(.ARM.Collect$$libinit$$00000011)
    __rt_lib_init_lc_monetary_1              0x08000205   Thumb Code     0  libinit2.o(.ARM.Collect$$libinit$$00000013)
    __rt_lib_init_lc_numeric_2               0x08000205   Thumb Code     0  libinit2.o(.ARM.Collect$$libinit$$00000014)
    __rt_lib_init_alloca_1                   0x0800020f   Thumb Code     0  libinit2.o(.ARM.Collect$$libinit$$0000002C)
    __rt_lib_init_argv_1                     0x0800020f   Thumb Code     0  libinit2.o(.ARM.Collect$$libinit$$0000002A)
    __rt_lib_init_atexit_1                   0x0800020f   Thumb Code     0  libinit2.o(.ARM.Collect$$libinit$$00000019)
    __rt_lib_init_clock_1                    0x0800020f   Thumb Code     0  libinit2.o(.ARM.Collect$$libinit$$0000001F)
    __rt_lib_init_cpp_1                      0x0800020f   Thumb Code     0  libinit2.o(.ARM.Collect$$libinit$$00000030)
    __rt_lib_init_exceptions_1               0x0800020f   Thumb Code     0  libinit2.o(.ARM.Collect$$libinit$$0000002E)
    __rt_lib_init_fp_trap_1                  0x0800020f   Thumb Code     0  libinit2.o(.ARM.Collect$$libinit$$0000001D)
    __rt_lib_init_getenv_1                   0x0800020f   Thumb Code     0  libinit2.o(.ARM.Collect$$libinit$$00000021)
    __rt_lib_init_lc_numeric_1               0x0800020f   Thumb Code     0  libinit2.o(.ARM.Collect$$libinit$$00000015)
    __rt_lib_init_lc_time_1                  0x0800020f   Thumb Code     0  libinit2.o(.ARM.Collect$$libinit$$00000017)
    __rt_lib_init_return                     0x0800020f   Thumb Code     0  libinit2.o(.ARM.Collect$$libinit$$00000031)
    __rt_lib_init_signal_1                   0x0800020f   Thumb Code     0  libinit2.o(.ARM.Collect$$libinit$$0000001B)
    __rt_lib_init_stdio_1                    0x0800020f   Thumb Code     0  libinit2.o(.ARM.Collect$$libinit$$00000023)
    __rt_lib_shutdown                        0x08000211   Thumb Code     0  libshutdown.o(.ARM.Collect$$libshutdown$$00000000)
    __rt_lib_shutdown_fp_trap_1              0x08000213   Thumb Code     0  libshutdown2.o(.ARM.Collect$$libshutdown$$00000006)
    __rt_lib_shutdown_heap_1                 0x08000213   Thumb Code     0  libshutdown2.o(.ARM.Collect$$libshutdown$$0000000E)
    __rt_lib_shutdown_return                 0x08000213   Thumb Code     0  libshutdown2.o(.ARM.Collect$$libshutdown$$0000000F)
    __rt_lib_shutdown_signal_1               0x08000213   Thumb Code     0  libshutdown2.o(.ARM.Collect$$libshutdown$$00000009)
    __rt_lib_shutdown_stdio_1                0x08000213   Thumb Code     0  libshutdown2.o(.ARM.Collect$$libshutdown$$00000003)
    __rt_lib_shutdown_user_alloc_1           0x08000213   Thumb Code     0  libshutdown2.o(.ARM.Collect$$libshutdown$$0000000B)
    __rt_entry                               0x08000215   Thumb Code     0  rtentry.o(.ARM.Collect$$rtentry$$00000000)
    __rt_entry_presh_1                       0x08000215   Thumb Code     0  rtentry2.o(.ARM.Collect$$rtentry$$00000002)
    __rt_entry_sh                            0x08000215   Thumb Code     0  rtentry4.o(.ARM.Collect$$rtentry$$00000004)
    __rt_entry_li                            0x0800021b   Thumb Code     0  rtentry2.o(.ARM.Collect$$rtentry$$0000000A)
    __rt_entry_postsh_1                      0x0800021b   Thumb Code     0  rtentry2.o(.ARM.Collect$$rtentry$$00000009)
    __rt_entry_main                          0x0800021f   Thumb Code     0  rtentry2.o(.ARM.Collect$$rtentry$$0000000D)
    __rt_entry_postli_1                      0x0800021f   Thumb Code     0  rtentry2.o(.ARM.Collect$$rtentry$$0000000C)
    __rt_exit                                0x08000227   Thumb Code     0  rtexit.o(.ARM.Collect$$rtexit$$00000000)
    __rt_exit_ls                             0x08000229   Thumb Code     0  rtexit2.o(.ARM.Collect$$rtexit$$00000003)
    __rt_exit_prels_1                        0x08000229   Thumb Code     0  rtexit2.o(.ARM.Collect$$rtexit$$00000002)
    __rt_exit_exit                           0x0800022d   Thumb Code     0  rtexit2.o(.ARM.Collect$$rtexit$$00000004)
    Reset_Handler                            0x08000235   Thumb Code     8  startup_stm32f10x_md.o(.text)
    ADC1_2_IRQHandler                        0x0800024f   Thumb Code     0  startup_stm32f10x_md.o(.text)
    CAN1_RX1_IRQHandler                      0x0800024f   Thumb Code     0  startup_stm32f10x_md.o(.text)
    CAN1_SCE_IRQHandler                      0x0800024f   Thumb Code     0  startup_stm32f10x_md.o(.text)
    DMA1_Channel1_IRQHandler                 0x0800024f   Thumb Code     0  startup_stm32f10x_md.o(.text)
    DMA1_Channel2_IRQHandler                 0x0800024f   Thumb Code     0  startup_stm32f10x_md.o(.text)
    DMA1_Channel3_IRQHandler                 0x0800024f   Thumb Code     0  startup_stm32f10x_md.o(.text)
    DMA1_Channel4_IRQHandler                 0x0800024f   Thumb Code     0  startup_stm32f10x_md.o(.text)
    DMA1_Channel5_IRQHandler                 0x0800024f   Thumb Code     0  startup_stm32f10x_md.o(.text)
    DMA1_Channel6_IRQHandler                 0x0800024f   Thumb Code     0  startup_stm32f10x_md.o(.text)
    DMA1_Channel7_IRQHandler                 0x0800024f   Thumb Code     0  startup_stm32f10x_md.o(.text)
    EXTI0_IRQHandler                         0x0800024f   Thumb Code     0  startup_stm32f10x_md.o(.text)
    EXTI1_IRQHandler                         0x0800024f   Thumb Code     0  startup_stm32f10x_md.o(.text)
    EXTI2_IRQHandler                         0x0800024f   Thumb Code     0  startup_stm32f10x_md.o(.text)
    EXTI3_IRQHandler                         0x0800024f   Thumb Code     0  startup_stm32f10x_md.o(.text)
    EXTI4_IRQHandler                         0x0800024f   Thumb Code     0  startup_stm32f10x_md.o(.text)
    EXTI9_5_IRQHandler                       0x0800024f   Thumb Code     0  startup_stm32f10x_md.o(.text)
    FLASH_IRQHandler                         0x0800024f   Thumb Code     0  startup_stm32f10x_md.o(.text)
    I2C1_ER_IRQHandler                       0x0800024f   Thumb Code     0  startup_stm32f10x_md.o(.text)
    I2C1_EV_IRQHandler                       0x0800024f   Thumb Code     0  startup_stm32f10x_md.o(.text)
    I2C2_ER_IRQHandler                       0x0800024f   Thumb Code     0  startup_stm32f10x_md.o(.text)
    I2C2_EV_IRQHandler                       0x0800024f   Thumb Code     0  startup_stm32f10x_md.o(.text)
    PVD_IRQHandler                           0x0800024f   Thumb Code     0  startup_stm32f10x_md.o(.text)
    RCC_IRQHandler                           0x0800024f   Thumb Code     0  startup_stm32f10x_md.o(.text)
    RTCAlarm_IRQHandler                      0x0800024f   Thumb Code     0  startup_stm32f10x_md.o(.text)
    RTC_IRQHandler                           0x0800024f   Thumb Code     0  startup_stm32f10x_md.o(.text)
    SPI1_IRQHandler                          0x0800024f   Thumb Code     0  startup_stm32f10x_md.o(.text)
    SPI2_IRQHandler                          0x0800024f   Thumb Code     0  startup_stm32f10x_md.o(.text)
    TAMPER_IRQHandler                        0x0800024f   Thumb Code     0  startup_stm32f10x_md.o(.text)
    TIM1_BRK_IRQHandler                      0x0800024f   Thumb Code     0  startup_stm32f10x_md.o(.text)
    TIM1_CC_IRQHandler                       0x0800024f   Thumb Code     0  startup_stm32f10x_md.o(.text)
    TIM1_TRG_COM_IRQHandler                  0x0800024f   Thumb Code     0  startup_stm32f10x_md.o(.text)
    TIM1_UP_IRQHandler                       0x0800024f   Thumb Code     0  startup_stm32f10x_md.o(.text)
    TIM2_IRQHandler                          0x0800024f   Thumb Code     0  startup_stm32f10x_md.o(.text)
    TIM3_IRQHandler                          0x0800024f   Thumb Code     0  startup_stm32f10x_md.o(.text)
    TIM4_IRQHandler                          0x0800024f   Thumb Code     0  startup_stm32f10x_md.o(.text)
    USART1_IRQHandler                        0x0800024f   Thumb Code     0  startup_stm32f10x_md.o(.text)
    USART2_IRQHandler                        0x0800024f   Thumb Code     0  startup_stm32f10x_md.o(.text)
    USART3_IRQHandler                        0x0800024f   Thumb Code     0  startup_stm32f10x_md.o(.text)
    USBWakeUp_IRQHandler                     0x0800024f   Thumb Code     0  startup_stm32f10x_md.o(.text)
    USB_HP_CAN1_TX_IRQHandler                0x0800024f   Thumb Code     0  startup_stm32f10x_md.o(.text)
    USB_LP_CAN1_RX0_IRQHandler               0x0800024f   Thumb Code     0  startup_stm32f10x_md.o(.text)
    WWDG_IRQHandler                          0x0800024f   Thumb Code     0  startup_stm32f10x_md.o(.text)
    __user_initial_stackheap                 0x08000251   Thumb Code     0  startup_stm32f10x_md.o(.text)
    SystemInit                               0x08000275   Thumb Code    70  system_stm32f1xx.o(.text)
    SystemCoreClockUpdate                    0x080002bb   Thumb Code   142  system_stm32f1xx.o(.text)
    NMI_Handler                              0x08000369   Thumb Code     2  stm32f1xx_it.o(.text)
    HardFault_Handler                        0x0800036b   Thumb Code     4  stm32f1xx_it.o(.text)
    MemManage_Handler                        0x0800036f   Thumb Code     4  stm32f1xx_it.o(.text)
    BusFault_Handler                         0x08000373   Thumb Code     4  stm32f1xx_it.o(.text)
    UsageFault_Handler                       0x08000377   Thumb Code     4  stm32f1xx_it.o(.text)
    SVC_Handler                              0x0800037b   Thumb Code     2  stm32f1xx_it.o(.text)
    DebugMon_Handler                         0x0800037d   Thumb Code     2  stm32f1xx_it.o(.text)
    PendSV_Handler                           0x0800037f   Thumb Code     2  stm32f1xx_it.o(.text)
    SysTick_Handler                          0x08000381   Thumb Code     8  stm32f1xx_it.o(.text)
    EXTI15_10_IRQHandler                     0x08000389   Thumb Code     2  stm32f1xx_it.o(.text)
    HAL_MspInit                              0x0800038d   Thumb Code     2  stm32f1xx_hal.o(.text)
    HAL_InitTick                             0x0800038f   Thumb Code    36  stm32f1xx_hal.o(.text)
    HAL_Init                                 0x080003b3   Thumb Code    34  stm32f1xx_hal.o(.text)
    HAL_MspDeInit                            0x080003d5   Thumb Code     2  stm32f1xx_hal.o(.text)
    HAL_DeInit                               0x080003d7   Thumb Code    30  stm32f1xx_hal.o(.text)
    HAL_IncTick                              0x080003f5   Thumb Code    12  stm32f1xx_hal.o(.text)
    HAL_GetTick                              0x08000401   Thumb Code     6  stm32f1xx_hal.o(.text)
    HAL_Delay                                0x08000407   Thumb Code    26  stm32f1xx_hal.o(.text)
    HAL_SuspendTick                          0x08000421   Thumb Code    18  stm32f1xx_hal.o(.text)
    HAL_ResumeTick                           0x08000433   Thumb Code    18  stm32f1xx_hal.o(.text)
    HAL_GetHalVersion                        0x08000445   Thumb Code     6  stm32f1xx_hal.o(.text)
    HAL_GetREVID                             0x0800044b   Thumb Code    18  stm32f1xx_hal.o(.text)
    HAL_GetDEVID                             0x0800045d   Thumb Code    10  stm32f1xx_hal.o(.text)
    HAL_DBGMCU_EnableDBGSleepMode            0x08000467   Thumb Code    14  stm32f1xx_hal.o(.text)
    HAL_DBGMCU_DisableDBGSleepMode           0x08000475   Thumb Code    14  stm32f1xx_hal.o(.text)
    HAL_DBGMCU_EnableDBGStopMode             0x08000483   Thumb Code    14  stm32f1xx_hal.o(.text)
    HAL_DBGMCU_DisableDBGStopMode            0x08000491   Thumb Code    14  stm32f1xx_hal.o(.text)
    HAL_DBGMCU_EnableDBGStandbyMode          0x0800049f   Thumb Code    14  stm32f1xx_hal.o(.text)
    HAL_DBGMCU_DisableDBGStandbyMode         0x080004ad   Thumb Code    14  stm32f1xx_hal.o(.text)
    HAL_NVIC_SetPriorityGrouping             0x080004f1   Thumb Code    36  stm32f1xx_hal_cortex.o(.text)
    HAL_NVIC_SetPriority                     0x08000515   Thumb Code   124  stm32f1xx_hal_cortex.o(.text)
    HAL_NVIC_EnableIRQ                       0x08000591   Thumb Code    28  stm32f1xx_hal_cortex.o(.text)
    HAL_NVIC_DisableIRQ                      0x080005ad   Thumb Code    22  stm32f1xx_hal_cortex.o(.text)
    HAL_NVIC_SystemReset                     0x080005c3   Thumb Code    38  stm32f1xx_hal_cortex.o(.text)
    HAL_SYSTICK_Config                       0x080005e9   Thumb Code    52  stm32f1xx_hal_cortex.o(.text)
    HAL_NVIC_GetPriorityGrouping             0x0800061d   Thumb Code     8  stm32f1xx_hal_cortex.o(.text)
    HAL_NVIC_GetPriority                     0x08000625   Thumb Code   138  stm32f1xx_hal_cortex.o(.text)
    HAL_NVIC_SetPendingIRQ                   0x080006af   Thumb Code    24  stm32f1xx_hal_cortex.o(.text)
    HAL_NVIC_GetPendingIRQ                   0x080006c7   Thumb Code    38  stm32f1xx_hal_cortex.o(.text)
    HAL_NVIC_ClearPendingIRQ                 0x080006ed   Thumb Code    22  stm32f1xx_hal_cortex.o(.text)
    HAL_NVIC_GetActive                       0x08000703   Thumb Code    38  stm32f1xx_hal_cortex.o(.text)
    HAL_SYSTICK_CLKSourceConfig              0x08000729   Thumb Code    40  stm32f1xx_hal_cortex.o(.text)
    HAL_SYSTICK_Callback                     0x08000751   Thumb Code     2  stm32f1xx_hal_cortex.o(.text)
    HAL_SYSTICK_IRQHandler                   0x08000753   Thumb Code     8  stm32f1xx_hal_cortex.o(.text)
    HAL_GPIO_Init                            0x0800077d   Thumb Code   760  stm32f1xx_hal_gpio.o(.text)
    HAL_GPIO_DeInit                          0x08000a75   Thumb Code   286  stm32f1xx_hal_gpio.o(.text)
    HAL_GPIO_ReadPin                         0x08000b93   Thumb Code    16  stm32f1xx_hal_gpio.o(.text)
    HAL_GPIO_WritePin                        0x08000ba3   Thumb Code    12  stm32f1xx_hal_gpio.o(.text)
    HAL_GPIO_TogglePin                       0x08000baf   Thumb Code     8  stm32f1xx_hal_gpio.o(.text)
    HAL_GPIO_LockPin                         0x08000bb7   Thumb Code    32  stm32f1xx_hal_gpio.o(.text)
    HAL_GPIO_EXTI_Callback                   0x08000bd7   Thumb Code     2  stm32f1xx_hal_gpio.o(.text)
    HAL_GPIO_EXTI_IRQHandler                 0x08000bd9   Thumb Code    28  stm32f1xx_hal_gpio.o(.text)
    HAL_RCC_DeInit                           0x08000c15   Thumb Code    72  stm32f1xx_hal_rcc.o(.text)
    HAL_RCC_OscConfig                        0x08000c5d   Thumb Code  2408  stm32f1xx_hal_rcc.o(.text)
    HAL_RCC_MCOConfig                        0x080017cf   Thumb Code    74  stm32f1xx_hal_rcc.o(.text)
    HAL_RCC_EnableCSS                        0x08001819   Thumb Code    32  stm32f1xx_hal_rcc.o(.text)
    HAL_RCC_DisableCSS                       0x08001839   Thumb Code    22  stm32f1xx_hal_rcc.o(.text)
    HAL_RCC_GetSysClockFreq                  0x0800184f   Thumb Code   146  stm32f1xx_hal_rcc.o(.text)
    HAL_RCC_GetHCLKFreq                      0x080018e1   Thumb Code    42  stm32f1xx_hal_rcc.o(.text)
    HAL_RCC_GetPCLK1Freq                     0x0800190b   Thumb Code    36  stm32f1xx_hal_rcc.o(.text)
    HAL_RCC_GetPCLK2Freq                     0x0800192f   Thumb Code    36  stm32f1xx_hal_rcc.o(.text)
    HAL_RCC_GetOscConfig                     0x08001953   Thumb Code   204  stm32f1xx_hal_rcc.o(.text)
    HAL_RCC_CSSCallback                      0x08001a53   Thumb Code     2  stm32f1xx_hal_rcc.o(.text)
    HAL_RCC_NMI_IRQHandler                   0x08001a55   Thumb Code    26  stm32f1xx_hal_rcc.o(.text)
    HAL_RCC_ClockConfig                      0x08001a9d   Thumb Code  1060  stm32f1xx_hal_rcc_ex.o(.text)
    HAL_RCC_GetClockConfig                   0x08001ec1   Thumb Code    58  stm32f1xx_hal_rcc_ex.o(.text)
    HAL_RCCEx_PeriphCLKConfig                0x08001efb   Thumb Code   346  stm32f1xx_hal_rcc_ex.o(.text)
    HAL_RCCEx_GetPeriphCLKConfig             0x08002055   Thumb Code    54  stm32f1xx_hal_rcc_ex.o(.text)
    HAL_RCCEx_GetPeriphCLKFreq               0x0800208b   Thumb Code   296  stm32f1xx_hal_rcc_ex.o(.text)
    TIM_Base_SetConfig                       0x080021e1   Thumb Code    94  stm32f1xx_hal_tim.o(.text)
    HAL_TIM_Base_Init                        0x08002241   Thumb Code    52  stm32f1xx_hal_tim.o(.text)
    HAL_TIM_Base_DeInit                      0x08002277   Thumb Code    70  stm32f1xx_hal_tim.o(.text)
    HAL_TIM_Base_Start                       0x080022bd   Thumb Code    30  stm32f1xx_hal_tim.o(.text)
    HAL_TIM_Base_Stop                        0x080022db   Thumb Code    56  stm32f1xx_hal_tim.o(.text)
    HAL_TIM_Base_Start_IT                    0x08002313   Thumb Code    30  stm32f1xx_hal_tim.o(.text)
    HAL_TIM_Base_Stop_IT                     0x08002331   Thumb Code    56  stm32f1xx_hal_tim.o(.text)
    HAL_TIM_ErrorCallback                    0x08002369   Thumb Code     2  stm32f1xx_hal_tim.o(.text)
    TIM_DMAError                             0x0800236b   Thumb Code    20  stm32f1xx_hal_tim.o(.text)
    HAL_TIM_PeriodElapsedCallback            0x0800237f   Thumb Code     2  stm32f1xx_hal_tim.o(.text)
    HAL_TIM_Base_Start_DMA                   0x08002395   Thumb Code    98  stm32f1xx_hal_tim.o(.text)
    HAL_TIM_Base_Stop_DMA                    0x080023f7   Thumb Code    62  stm32f1xx_hal_tim.o(.text)
    HAL_TIM_OC_MspInit                       0x08002435   Thumb Code     2  stm32f1xx_hal_tim.o(.text)
    HAL_TIM_OC_Init                          0x08002437   Thumb Code    52  stm32f1xx_hal_tim.o(.text)
    HAL_TIM_OC_MspDeInit                     0x0800246b   Thumb Code     2  stm32f1xx_hal_tim.o(.text)
    HAL_TIM_OC_DeInit                        0x0800246d   Thumb Code    70  stm32f1xx_hal_tim.o(.text)
    TIM_CCxChannelCmd                        0x080024b3   Thumb Code    28  stm32f1xx_hal_tim.o(.text)
    HAL_TIM_OC_Start                         0x080024cf   Thumb Code    60  stm32f1xx_hal_tim.o(.text)
    HAL_TIM_OC_Stop                          0x0800250b   Thumb Code   112  stm32f1xx_hal_tim.o(.text)
    HAL_TIM_OC_Start_IT                      0x0800257b   Thumb Code   152  stm32f1xx_hal_tim.o(.text)
    HAL_TIM_OC_Stop_IT                       0x08002613   Thumb Code   188  stm32f1xx_hal_tim.o(.text)
    HAL_TIM_PWM_PulseFinishedCallback        0x080026cf   Thumb Code     2  stm32f1xx_hal_tim.o(.text)
    TIM_DMADelayPulseCplt                    0x080026d1   Thumb Code    70  stm32f1xx_hal_tim.o(.text)
    HAL_TIM_OC_Start_DMA                     0x08002717   Thumb Code   304  stm32f1xx_hal_tim.o(.text)
    HAL_TIM_OC_Stop_DMA                      0x08002847   Thumb Code   194  stm32f1xx_hal_tim.o(.text)
    HAL_TIM_PWM_MspInit                      0x08002909   Thumb Code     2  stm32f1xx_hal_tim.o(.text)
    HAL_TIM_PWM_Init                         0x0800290b   Thumb Code    52  stm32f1xx_hal_tim.o(.text)
    HAL_TIM_PWM_MspDeInit                    0x0800293f   Thumb Code     2  stm32f1xx_hal_tim.o(.text)
    HAL_TIM_PWM_DeInit                       0x08002941   Thumb Code    70  stm32f1xx_hal_tim.o(.text)
    HAL_TIM_PWM_Start                        0x08002987   Thumb Code    66  stm32f1xx_hal_tim.o(.text)
    HAL_TIM_PWM_Stop                         0x080029c9   Thumb Code   118  stm32f1xx_hal_tim.o(.text)
    HAL_TIM_PWM_Start_IT                     0x08002a3f   Thumb Code   136  stm32f1xx_hal_tim.o(.text)
    HAL_TIM_PWM_Stop_IT                      0x08002ac7   Thumb Code   188  stm32f1xx_hal_tim.o(.text)
    HAL_TIM_PWM_Start_DMA                    0x08002b83   Thumb Code   304  stm32f1xx_hal_tim.o(.text)
    HAL_TIM_PWM_Stop_DMA                     0x08002cb3   Thumb Code   194  stm32f1xx_hal_tim.o(.text)
    HAL_TIM_IC_MspInit                       0x08002d75   Thumb Code     2  stm32f1xx_hal_tim.o(.text)
    HAL_TIM_IC_Init                          0x08002d77   Thumb Code    52  stm32f1xx_hal_tim.o(.text)
    HAL_TIM_IC_MspDeInit                     0x08002dab   Thumb Code     2  stm32f1xx_hal_tim.o(.text)
    HAL_TIM_IC_DeInit                        0x08002dad   Thumb Code    76  stm32f1xx_hal_tim.o(.text)
    HAL_TIM_IC_Start                         0x08002df9   Thumb Code    32  stm32f1xx_hal_tim.o(.text)
    HAL_TIM_IC_Stop                          0x08002e19   Thumb Code    58  stm32f1xx_hal_tim.o(.text)
    HAL_TIM_IC_Start_IT                      0x08002e53   Thumb Code   108  stm32f1xx_hal_tim.o(.text)
    HAL_TIM_IC_Stop_IT                       0x08002ebf   Thumb Code   134  stm32f1xx_hal_tim.o(.text)
    HAL_TIM_IC_CaptureCallback               0x08002f45   Thumb Code     2  stm32f1xx_hal_tim.o(.text)
    TIM_DMACaptureCplt                       0x08002f47   Thumb Code    70  stm32f1xx_hal_tim.o(.text)
    HAL_TIM_IC_Start_DMA                     0x08002f8d   Thumb Code   276  stm32f1xx_hal_tim.o(.text)
    HAL_TIM_IC_Stop_DMA                      0x080030a1   Thumb Code   140  stm32f1xx_hal_tim.o(.text)
    HAL_TIM_OnePulse_MspInit                 0x0800312d   Thumb Code     2  stm32f1xx_hal_tim.o(.text)
    HAL_TIM_OnePulse_Init                    0x0800312f   Thumb Code    76  stm32f1xx_hal_tim.o(.text)
    HAL_TIM_OnePulse_MspDeInit               0x0800317b   Thumb Code     2  stm32f1xx_hal_tim.o(.text)
    HAL_TIM_OnePulse_DeInit                  0x0800317d   Thumb Code    70  stm32f1xx_hal_tim.o(.text)
    HAL_TIM_OnePulse_Start                   0x080031c3   Thumb Code    58  stm32f1xx_hal_tim.o(.text)
    HAL_TIM_OnePulse_Stop                    0x080031fd   Thumb Code   122  stm32f1xx_hal_tim.o(.text)
    HAL_TIM_OnePulse_Start_IT                0x08003277   Thumb Code    82  stm32f1xx_hal_tim.o(.text)
    HAL_TIM_OnePulse_Stop_IT                 0x080032c9   Thumb Code   146  stm32f1xx_hal_tim.o(.text)
    HAL_TIM_Encoder_MspInit                  0x0800335b   Thumb Code     2  stm32f1xx_hal_tim.o(.text)
    HAL_TIM_Encoder_Init                     0x0800335d   Thumb Code   180  stm32f1xx_hal_tim.o(.text)
    HAL_TIM_Encoder_MspDeInit                0x08003411   Thumb Code     2  stm32f1xx_hal_tim.o(.text)
    HAL_TIM_Encoder_DeInit                   0x08003413   Thumb Code    70  stm32f1xx_hal_tim.o(.text)
    HAL_TIM_Encoder_Start                    0x08003459   Thumb Code    78  stm32f1xx_hal_tim.o(.text)
    HAL_TIM_Encoder_Stop                     0x080034a7   Thumb Code   104  stm32f1xx_hal_tim.o(.text)
    HAL_TIM_Encoder_Start_IT                 0x0800350f   Thumb Code   126  stm32f1xx_hal_tim.o(.text)
    HAL_TIM_Encoder_Stop_IT                  0x0800358d   Thumb Code   156  stm32f1xx_hal_tim.o(.text)
    HAL_TIM_Encoder_Start_DMA                0x08003629   Thumb Code   328  stm32f1xx_hal_tim.o(.text)
    HAL_TIM_Encoder_Stop_DMA                 0x08003771   Thumb Code   152  stm32f1xx_hal_tim.o(.text)
    HAL_TIM_TriggerCallback                  0x08003809   Thumb Code     2  stm32f1xx_hal_tim.o(.text)
    HAL_TIM_OC_DelayElapsedCallback          0x0800380b   Thumb Code     2  stm32f1xx_hal_tim.o(.text)
    HAL_TIM_IRQHandler                       0x0800380d   Thumb Code   406  stm32f1xx_hal_tim.o(.text)
    TIM_OC2_SetConfig                        0x08003a5d   Thumb Code   106  stm32f1xx_hal_tim.o(.text)
    HAL_TIM_OC_ConfigChannel                 0x08003b27   Thumb Code   116  stm32f1xx_hal_tim.o(.text)
    TIM_TI1_SetConfig                        0x08003c55   Thumb Code    94  stm32f1xx_hal_tim.o(.text)
    HAL_TIM_IC_ConfigChannel                 0x08003cb3   Thumb Code   224  stm32f1xx_hal_tim.o(.text)
    HAL_TIM_PWM_ConfigChannel                0x08003d93   Thumb Code   278  stm32f1xx_hal_tim.o(.text)
    HAL_TIM_OnePulse_ConfigChannel           0x08003ea9   Thumb Code   286  stm32f1xx_hal_tim.o(.text)
    HAL_TIM_DMABurst_WriteStart              0x08003fdb   Thumb Code   366  stm32f1xx_hal_tim.o(.text)
    HAL_TIM_DMABurst_WriteStop               0x08004149   Thumb Code   128  stm32f1xx_hal_tim.o(.text)
    HAL_TIM_DMABurst_ReadStart               0x080041c9   Thumb Code   366  stm32f1xx_hal_tim.o(.text)
    HAL_TIM_DMABurst_ReadStop                0x08004337   Thumb Code   128  stm32f1xx_hal_tim.o(.text)
    HAL_TIM_GenerateEvent                    0x080043b7   Thumb Code    54  stm32f1xx_hal_tim.o(.text)
    HAL_TIM_ConfigOCrefClear                 0x08004405   Thumb Code   288  stm32f1xx_hal_tim.o(.text)
    HAL_TIM_ConfigClockSource                0x0800458f   Thumb Code   306  stm32f1xx_hal_tim.o(.text)
    HAL_TIM_ConfigTI1Input                   0x080046c1   Thumb Code    24  stm32f1xx_hal_tim.o(.text)
    HAL_TIM_SlaveConfigSynchronization       0x0800477b   Thumb Code    86  stm32f1xx_hal_tim.o(.text)
    HAL_TIM_SlaveConfigSynchronization_IT    0x080047d1   Thumb Code    86  stm32f1xx_hal_tim.o(.text)
    HAL_TIM_ReadCapturedValue                0x08004827   Thumb Code    84  stm32f1xx_hal_tim.o(.text)
    HAL_TIM_Base_GetState                    0x0800487b   Thumb Code     8  stm32f1xx_hal_tim.o(.text)
    HAL_TIM_OC_GetState                      0x08004883   Thumb Code     8  stm32f1xx_hal_tim.o(.text)
    HAL_TIM_PWM_GetState                     0x0800488b   Thumb Code     8  stm32f1xx_hal_tim.o(.text)
    HAL_TIM_IC_GetState                      0x08004893   Thumb Code     8  stm32f1xx_hal_tim.o(.text)
    HAL_TIM_OnePulse_GetState                0x0800489b   Thumb Code     8  stm32f1xx_hal_tim.o(.text)
    HAL_TIM_Encoder_GetState                 0x080048a3   Thumb Code     8  stm32f1xx_hal_tim.o(.text)
    HAL_TIMEx_HallSensor_MspInit             0x080048ad   Thumb Code     2  stm32f1xx_hal_tim_ex.o(.text)
    HAL_TIMEx_HallSensor_Init                0x080048af   Thumb Code   208  stm32f1xx_hal_tim_ex.o(.text)
    HAL_TIMEx_HallSensor_MspDeInit           0x0800497f   Thumb Code     2  stm32f1xx_hal_tim_ex.o(.text)
    HAL_TIMEx_HallSensor_DeInit              0x08004981   Thumb Code    70  stm32f1xx_hal_tim_ex.o(.text)
    HAL_TIMEx_HallSensor_Start               0x080049c7   Thumb Code    30  stm32f1xx_hal_tim_ex.o(.text)
    HAL_TIMEx_HallSensor_Stop                0x080049e5   Thumb Code    56  stm32f1xx_hal_tim_ex.o(.text)
    HAL_TIMEx_HallSensor_Start_IT            0x08004a1d   Thumb Code    42  stm32f1xx_hal_tim_ex.o(.text)
    HAL_TIMEx_HallSensor_Stop_IT             0x08004a47   Thumb Code    68  stm32f1xx_hal_tim_ex.o(.text)
    HAL_TIMEx_HallSensor_Start_DMA           0x08004a8b   Thumb Code   106  stm32f1xx_hal_tim_ex.o(.text)
    HAL_TIMEx_HallSensor_Stop_DMA            0x08004af5   Thumb Code    68  stm32f1xx_hal_tim_ex.o(.text)
    HAL_TIMEx_OCN_Start                      0x08004b55   Thumb Code    44  stm32f1xx_hal_tim_ex.o(.text)
    HAL_TIMEx_OCN_Stop                       0x08004b81   Thumb Code    96  stm32f1xx_hal_tim_ex.o(.text)
    HAL_TIMEx_OCN_Start_IT                   0x08004be1   Thumb Code   132  stm32f1xx_hal_tim_ex.o(.text)
    HAL_TIMEx_OCN_Stop_IT                    0x08004c65   Thumb Code   198  stm32f1xx_hal_tim_ex.o(.text)
    HAL_TIMEx_OCN_Start_DMA                  0x08004d2b   Thumb Code   272  stm32f1xx_hal_tim_ex.o(.text)
    HAL_TIMEx_OCN_Stop_DMA                   0x08004e3b   Thumb Code   192  stm32f1xx_hal_tim_ex.o(.text)
    HAL_TIMEx_PWMN_Start                     0x08004efb   Thumb Code    44  stm32f1xx_hal_tim_ex.o(.text)
    HAL_TIMEx_PWMN_Stop                      0x08004f27   Thumb Code    96  stm32f1xx_hal_tim_ex.o(.text)
    HAL_TIMEx_PWMN_Start_IT                  0x08004f87   Thumb Code   132  stm32f1xx_hal_tim_ex.o(.text)
    HAL_TIMEx_PWMN_Stop_IT                   0x0800500b   Thumb Code   198  stm32f1xx_hal_tim_ex.o(.text)
    HAL_TIMEx_PWMN_Start_DMA                 0x080050d1   Thumb Code   272  stm32f1xx_hal_tim_ex.o(.text)
    HAL_TIMEx_PWMN_Stop_DMA                  0x080051e1   Thumb Code   178  stm32f1xx_hal_tim_ex.o(.text)
    HAL_TIMEx_OnePulseN_Start                0x08005293   Thumb Code    32  stm32f1xx_hal_tim_ex.o(.text)
    HAL_TIMEx_OnePulseN_Stop                 0x080052b3   Thumb Code    96  stm32f1xx_hal_tim_ex.o(.text)
    HAL_TIMEx_OnePulseN_Start_IT             0x08005313   Thumb Code    56  stm32f1xx_hal_tim_ex.o(.text)
    HAL_TIMEx_OnePulseN_Stop_IT              0x0800534b   Thumb Code   120  stm32f1xx_hal_tim_ex.o(.text)
    HAL_TIMEx_ConfigCommutationEvent         0x080053c3   Thumb Code   110  stm32f1xx_hal_tim_ex.o(.text)
    HAL_TIMEx_ConfigCommutationEvent_IT      0x08005431   Thumb Code   122  stm32f1xx_hal_tim_ex.o(.text)
    HAL_TIMEx_CommutationCallback            0x080054ab   Thumb Code     2  stm32f1xx_hal_tim_ex.o(.text)
    TIMEx_DMACommutationCplt                 0x080054ad   Thumb Code    20  stm32f1xx_hal_tim_ex.o(.text)
    HAL_TIMEx_ConfigCommutationEvent_DMA     0x080054c1   Thumb Code   146  stm32f1xx_hal_tim_ex.o(.text)
    HAL_TIMEx_ConfigBreakDeadTime            0x08005553   Thumb Code    80  stm32f1xx_hal_tim_ex.o(.text)
    HAL_TIMEx_MasterConfigSynchronization    0x080055a3   Thumb Code    98  stm32f1xx_hal_tim_ex.o(.text)
    HAL_TIMEx_BreakCallback                  0x08005605   Thumb Code     2  stm32f1xx_hal_tim_ex.o(.text)
    HAL_TIMEx_HallSensor_GetState            0x08005607   Thumb Code     8  stm32f1xx_hal_tim_ex.o(.text)
    HAL_DMA_Init                             0x08005615   Thumb Code    84  stm32f1xx_hal_dma.o(.text)
    HAL_DMA_DeInit                           0x08005669   Thumb Code   364  stm32f1xx_hal_dma.o(.text)
    HAL_DMA_Start                            0x080057f5   Thumb Code    82  stm32f1xx_hal_dma.o(.text)
    HAL_DMA_Start_IT                         0x08005847   Thumb Code   118  stm32f1xx_hal_dma.o(.text)
    HAL_DMA_Abort                            0x080058bd   Thumb Code    96  stm32f1xx_hal_dma.o(.text)
    HAL_DMA_PollForTransfer                  0x0800591d   Thumb Code   736  stm32f1xx_hal_dma.o(.text)
    HAL_DMA_IRQHandler                       0x08005bfd   Thumb Code   784  stm32f1xx_hal_dma.o(.text)
    HAL_DMA_GetState                         0x08005f0d   Thumb Code     8  stm32f1xx_hal_dma.o(.text)
    HAL_DMA_GetError                         0x08005f15   Thumb Code     6  stm32f1xx_hal_dma.o(.text)
    ADC_ConversionStop_Disable               0x08005f21   Thumb Code    78  stm32f1xx_hal_adc.o(.text)
    HAL_ADC_Init                             0x08005f71   Thumb Code   272  stm32f1xx_hal_adc.o(.text)
    HAL_ADC_DeInit                           0x08006083   Thumb Code   262  stm32f1xx_hal_adc.o(.text)
    ADC_Enable                               0x08006189   Thumb Code   108  stm32f1xx_hal_adc.o(.text)
    HAL_ADC_Start                            0x080061f5   Thumb Code   172  stm32f1xx_hal_adc.o(.text)
    HAL_ADC_Stop                             0x080062a1   Thumb Code    60  stm32f1xx_hal_adc.o(.text)
    HAL_ADC_PollForConversion                0x080062dd   Thumb Code   346  stm32f1xx_hal_adc.o(.text)
    HAL_ADC_PollForEvent                     0x08006437   Thumb Code   100  stm32f1xx_hal_adc.o(.text)
    HAL_ADC_Start_IT                         0x0800649b   Thumb Code   184  stm32f1xx_hal_adc.o(.text)
    HAL_ADC_Stop_IT                          0x08006553   Thumb Code    72  stm32f1xx_hal_adc.o(.text)
    ADC_DMAError                             0x0800659d   Thumb Code    28  stm32f1xx_hal_adc.o(.text)
    ADC_DMAHalfConvCplt                      0x080065bb   Thumb Code    14  stm32f1xx_hal_adc.o(.text)
    ADC_DMAConvCplt                          0x080065cb   Thumb Code    62  stm32f1xx_hal_adc.o(.text)
    HAL_ADC_Start_DMA                        0x08006609   Thumb Code   238  stm32f1xx_hal_adc.o(.text)
    HAL_ADC_Stop_DMA                         0x080066f7   Thumb Code    92  stm32f1xx_hal_adc.o(.text)
    HAL_ADC_GetValue                         0x08006753   Thumb Code     8  stm32f1xx_hal_adc.o(.text)
    HAL_ADC_IRQHandler                       0x0800675d   Thumb Code   296  stm32f1xx_hal_adc.o(.text)
    HAL_ADC_ConfigChannel                    0x08006885   Thumb Code   436  stm32f1xx_hal_adc.o(.text)
    HAL_ADC_AnalogWDGConfig                  0x08006a39   Thumb Code   130  stm32f1xx_hal_adc.o(.text)
    HAL_ADC_GetState                         0x08006abb   Thumb Code     8  stm32f1xx_hal_adc.o(.text)
    HAL_ADC_GetError                         0x08006ac3   Thumb Code     6  stm32f1xx_hal_adc.o(.text)
    HAL_ADCEx_Calibration_Start              0x08006ae5   Thumb Code   210  stm32f1xx_hal_adc_ex.o(.text)
    HAL_ADCEx_InjectedStart                  0x08006bb7   Thumb Code   182  stm32f1xx_hal_adc_ex.o(.text)
    HAL_ADCEx_InjectedStop                   0x08006c6d   Thumb Code    96  stm32f1xx_hal_adc_ex.o(.text)
    HAL_ADCEx_InjectedPollForConversion      0x08006ccd   Thumb Code   288  stm32f1xx_hal_adc_ex.o(.text)
    HAL_ADCEx_InjectedStart_IT               0x08006ded   Thumb Code   194  stm32f1xx_hal_adc_ex.o(.text)
    HAL_ADCEx_InjectedStop_IT                0x08006eaf   Thumb Code   132  stm32f1xx_hal_adc_ex.o(.text)
    HAL_ADCEx_MultiModeStart_DMA             0x08006f33   Thumb Code   250  stm32f1xx_hal_adc_ex.o(.text)
    HAL_ADCEx_MultiModeStop_DMA              0x0800702d   Thumb Code   166  stm32f1xx_hal_adc_ex.o(.text)
    HAL_ADCEx_InjectedGetValue               0x080070d3   Thumb Code    64  stm32f1xx_hal_adc_ex.o(.text)
    HAL_ADCEx_MultiModeGetValue              0x08007113   Thumb Code    30  stm32f1xx_hal_adc_ex.o(.text)
    HAL_ADCEx_InjectedConvCpltCallback       0x08007131   Thumb Code     2  stm32f1xx_hal_adc_ex.o(.text)
    HAL_ADCEx_InjectedConfigChannel          0x08007133   Thumb Code   682  stm32f1xx_hal_adc_ex.o(.text)
    HAL_ADCEx_MultiModeConfigChannel         0x080073dd   Thumb Code   104  stm32f1xx_hal_adc_ex.o(.text)
    SystemClock_Config                       0x08007455   Thumb Code   106  main.o(.text)
    main                                     0x080074bf   Thumb Code   502  main.o(.text)
    delay                                    0x08007705   Thumb Code    12  stm32f1xx_lcd.o(.text)
    LCD_PORT_Value                           0x08007711   Thumb Code   244  stm32f1xx_lcd.o(.text)
    LCD_IO_WriteMultipleData                 0x08007805   Thumb Code   168  stm32f1xx_lcd.o(.text)
    LCD_Delay                                0x080078ad   Thumb Code    12  stm32f1xx_lcd.o(.text)
    Toggle_LCD_RW                            0x080078b9   Thumb Code    46  stm32f1xx_lcd.o(.text)
    LCD_IO_WriteReg                          0x080078e7   Thumb Code    60  stm32f1xx_lcd.o(.text)
    LCD_WriteRegister16                      0x08007923   Thumb Code    20  stm32f1xx_lcd.o(.text)
    LCD_Reset                                0x08007937   Thumb Code   112  stm32f1xx_lcd.o(.text)
    LCD_IO_Init                              0x080079a7   Thumb Code   278  stm32f1xx_lcd.o(.text)
    st7783_Init                              0x08007abd   Thumb Code   698  stm32f1xx_lcd.o(.text)
    LCD_IO_WriteData                         0x08007d77   Thumb Code    58  stm32f1xx_lcd.o(.text)
    Display_Clear                            0x08007db1   Thumb Code    60  stm32f1xx_lcd.o(.text)
    Display_Reset                            0x08007ded   Thumb Code   102  stm32f1xx_lcd.o(.text)
    LCD_SetRotation                          0x08007e53   Thumb Code    68  stm32f1xx_lcd.o(.text)
    LCD_SetAddrWindow                        0x08007e97   Thumb Code   188  stm32f1xx_lcd.o(.text)
    LCD_Color565                             0x08007f53   Thumb Code    24  stm32f1xx_lcd.o(.text)
    LCD_DrawPixel                            0x08007f6b   Thumb Code   144  stm32f1xx_lcd.o(.text)
    LCD_DrawLine                             0x08007ffb   Thumb Code   268  stm32f1xx_lcd.o(.text)
    LCD_Flood                                0x08008107   Thumb Code   290  stm32f1xx_lcd.o(.text)
    LCD_DrawFastHLine                        0x08008229   Thumb Code   136  stm32f1xx_lcd.o(.text)
    LCD_DrawFastVLine                        0x080082b1   Thumb Code    36  stm32f1xx_lcd.o(.text)
    LCD_DrawRect                             0x080082d5   Thumb Code    76  stm32f1xx_lcd.o(.text)
    LCD_DrawCircleHelper                     0x08008321   Thumb Code   230  stm32f1xx_lcd.o(.text)
    LCD_DrawRoundRect                        0x08008407   Thumb Code   210  stm32f1xx_lcd.o(.text)
    LCD_DrawCircle                           0x080084d9   Thumb Code   260  stm32f1xx_lcd.o(.text)
    LCD_FillRect                             0x080085dd   Thumb Code   216  stm32f1xx_lcd.o(.text)
    LCD_DrawChar                             0x080086b5   Thumb Code   234  stm32f1xx_lcd.o(.text)
    LCD_FillCircleHelper                     0x0800879f   Thumb Code   198  stm32f1xx_lcd.o(.text)
    LCD_FillCircle                           0x08008865   Thumb Code    52  stm32f1xx_lcd.o(.text)
    LCD_FillRoundRect                        0x08008899   Thumb Code   108  stm32f1xx_lcd.o(.text)
    LCD_FillScreen                           0x08008905   Thumb Code    90  stm32f1xx_lcd.o(.text)
    LCD_Printf                               0x0800895f   Thumb Code   192  stm32f1xx_lcd.o(.text)
    LCD_SetCursor                            0x08008a1f   Thumb Code    62  stm32f1xx_lcd.o(.text)
    LCD_SetTextSize                          0x08008a5d   Thumb Code    16  stm32f1xx_lcd.o(.text)
    LCD_SetTextColor                         0x08008a6d   Thumb Code    10  stm32f1xx_lcd.o(.text)
    LCD_SetTextWrap                          0x08008a77   Thumb Code     6  stm32f1xx_lcd.o(.text)
    Print_Text_On                            0x08008a7d   Thumb Code    22  stm32f1xx_lcd.o(.text)
    Button_Init                              0x08008aa5   Thumb Code   110  switches.o(.text)
    Button_GetState                          0x08008b13   Thumb Code    14  switches.o(.text)
    Read_START_Button                        0x08008b21   Thumb Code    10  switches.o(.text)
    Read_STOP_Button                         0x08008b2b   Thumb Code    10  switches.o(.text)
    Read_OK_Button                           0x08008b35   Thumb Code    10  switches.o(.text)
    Read_UP_Button                           0x08008b3f   Thumb Code    10  switches.o(.text)
    Read_DOWN_Button                         0x08008b49   Thumb Code    10  switches.o(.text)
    PrintDecimal                             0x08008b5d   Thumb Code   116  syringepump.o(.text)
    PumpRate                                 0x08008bd1   Thumb Code   212  syringepump.o(.text)
    TIM4_Init                                0x08008cb5   Thumb Code    46  stm32f1xx_pwm.o(.text)
    PWM_ON                                   0x08008ce3   Thumb Code    14  stm32f1xx_pwm.o(.text)
    PWM_OFF                                  0x08008cf1   Thumb Code    14  stm32f1xx_pwm.o(.text)
    PWM_Freq                                 0x08008cff   Thumb Code    42  stm32f1xx_pwm.o(.text)
    Syringe_Size                             0x08008e31   Thumb Code    54  syringe_size.o(.text)
    HAL_ADC_ConvCpltCallback                 0x08008e67   Thumb Code     2  syringe_size.o(.text)
    HAL_ADC_ConvHalfCpltCallback             0x08008e69   Thumb Code     2  syringe_size.o(.text)
    HAL_ADC_LevelOutOfWindowCallback         0x08008e6b   Thumb Code     8  syringe_size.o(.text)
    HAL_ADC_ErrorCallback                    0x08008e73   Thumb Code     4  syringe_size.o(.text)
    HAL_ADC_MspInit                          0x08008e91   Thumb Code   208  stm32f1xx_hal_msp.o(.text)
    HAL_ADC_MspDeInit                        0x08008f61   Thumb Code    58  stm32f1xx_hal_msp.o(.text)
    HAL_TIM_Base_MspInit                     0x08008f9b   Thumb Code    30  stm32f1xx_hal_msp.o(.text)
    HAL_TIM_Base_MspDeInit                   0x08008fb9   Thumb Code    24  stm32f1xx_hal_msp.o(.text)
    __c89vsprintf                            0x08008fe1   Thumb Code    32  c89vsprintf.o(.text)
    __aeabi_memclr4                          0x08009005   Thumb Code     0  rt_memclr_w.o(.text)
    __aeabi_memclr8                          0x08009005   Thumb Code     0  rt_memclr_w.o(.text)
    __rt_memclr_w                            0x08009005   Thumb Code    78  rt_memclr_w.o(.text)
    _memset_w                                0x08009009   Thumb Code     0  rt_memclr_w.o(.text)
    __use_two_region_memory                  0x08009053   Thumb Code     2  heapauxi.o(.text)
    __rt_heap_escrow$2region                 0x08009055   Thumb Code     2  heapauxi.o(.text)
    __rt_heap_expand$2region                 0x08009057   Thumb Code     2  heapauxi.o(.text)
    _printf_pre_padding                      0x08009059   Thumb Code    46  _printf_pad.o(.text)
    _printf_post_padding                     0x08009087   Thumb Code    36  _printf_pad.o(.text)
    _printf_truncate_signed                  0x080090ab   Thumb Code    18  _printf_truncate.o(.text)
    _printf_truncate_unsigned                0x080090bd   Thumb Code    18  _printf_truncate.o(.text)
    _printf_str                              0x080090cf   Thumb Code    82  _printf_str.o(.text)
    _printf_int_dec                          0x08009121   Thumb Code   102  _printf_dec.o(.text)
    _printf_charcount                        0x08009199   Thumb Code    42  _printf_charcount.o(.text)
    _printf_char_common                      0x080091cf   Thumb Code    32  _printf_char_common.o(.text)
    _sputc                                   0x080091f5   Thumb Code    10  _sputc.o(.text)
    _printf_wctomb                           0x08009201   Thumb Code   182  _printf_wctomb.o(.text)
    _printf_longlong_dec                     0x080092bd   Thumb Code   104  _printf_longlong_dec.o(.text)
    _printf_longlong_oct                     0x08009335   Thumb Code    76  _printf_oct_int_ll.o(.text)
    _printf_int_oct                          0x08009381   Thumb Code    24  _printf_oct_int_ll.o(.text)
    _printf_ll_oct                           0x08009399   Thumb Code    12  _printf_oct_int_ll.o(.text)
    _printf_longlong_hex                     0x080093ad   Thumb Code    92  _printf_hex_int_ll_ptr.o(.text)
    _printf_int_hex                          0x08009409   Thumb Code    28  _printf_hex_int_ll_ptr.o(.text)
    _printf_ll_hex                           0x08009425   Thumb Code    12  _printf_hex_int_ll_ptr.o(.text)
    _printf_hex_ptr                          0x08009431   Thumb Code    18  _printf_hex_int_ll_ptr.o(.text)
    __printf                                 0x08009449   Thumb Code   390  __printf_flags_ss_wp.o(.text)
    _ll_udiv10                               0x080095d5   Thumb Code   138  lludiv10.o(.text)
    _printf_int_common                       0x0800965f   Thumb Code   184  _printf_intcommon.o(.text)
    __lib_sel_fp_printf                      0x08009717   Thumb Code     2  _printf_fp_dec.o(.text)
    _printf_fp_dec_real                      0x080098c3   Thumb Code   628  _printf_fp_dec.o(.text)
    _printf_cs_common                        0x08009b37   Thumb Code    20  _printf_char.o(.text)
    _printf_char                             0x08009b4b   Thumb Code    16  _printf_char.o(.text)
    _printf_string                           0x08009b5b   Thumb Code     8  _printf_char.o(.text)
    _printf_lcs_common                       0x08009b63   Thumb Code    20  _printf_wchar.o(.text)
    _printf_wchar                            0x08009b77   Thumb Code    16  _printf_wchar.o(.text)
    _printf_wstring                          0x08009b87   Thumb Code     8  _printf_wchar.o(.text)
    _wcrtomb                                 0x08009b8f   Thumb Code    64  _wcrtomb.o(.text)
    __user_setup_stackheap                   0x08009bcf   Thumb Code    74  sys_stackheap_outer.o(.text)
    __rt_ctype_table                         0x08009c19   Thumb Code    16  rt_ctype_table.o(.text)
    __rt_locale                              0x08009c29   Thumb Code     8  rt_locale_intlibspace.o(.text)
    _printf_fp_infnan                        0x08009c31   Thumb Code   112  _printf_fp_infnan.o(.text)
    _btod_etento                             0x08009cb1   Thumb Code   222  bigflt0.o(.text)
    exit                                     0x08009d95   Thumb Code    12  exit.o(.text)
    __user_libspace                          0x08009da1   Thumb Code     8  libspace.o(.text)
    __user_perproc_libspace                  0x08009da1   Thumb Code     0  libspace.o(.text)
    __user_perthread_libspace                0x08009da1   Thumb Code     0  libspace.o(.text)
    strcmp                                   0x08009da9   Thumb Code   128  strcmpv7m.o(.text)
    _sys_exit                                0x08009e29   Thumb Code     8  sys_exit.o(.text)
    __I$use$semihosting                      0x08009e35   Thumb Code     0  use_no_semi.o(.text)
    __use_no_semihosting_swi                 0x08009e35   Thumb Code     2  use_no_semi.o(.text)
    __semihosting_library_function           0x08009e37   Thumb Code     0  indicate_semi.o(.text)
    _btod_d2e                                0x08009e37   Thumb Code    62  btod.o(CL$$btod_d2e)
    _d2e_denorm_low                          0x08009e75   Thumb Code    70  btod.o(CL$$btod_d2e_denorm_low)
    _d2e_norm_op1                            0x08009ebb   Thumb Code    96  btod.o(CL$$btod_d2e_norm_op1)
    __btod_div_common                        0x08009f1b   Thumb Code   696  btod.o(CL$$btod_div_common)
    _e2e                                     0x0800a253   Thumb Code   198  btod.o(CL$$btod_e2e)
    _btod_ediv                               0x0800a319   Thumb Code    40  btod.o(CL$$btod_ediv)
    _btod_emul                               0x0800a341   Thumb Code    40  btod.o(CL$$btod_emul)
    __btod_mult_common                       0x0800a369   Thumb Code   580  btod.o(CL$$btod_mult_common)
    __ARM_fpclassify                         0x0800a5ad   Thumb Code    40  fpclassify.o(i.__ARM_fpclassify)
    _is_digit                                0x0800a5d5   Thumb Code    14  __printf_wp.o(i._is_digit)
    _get_lc_numeric                          0x0800a5e5   Thumb Code    44  lc_numeric_c.o(locale$$code)
    _get_lc_ctype                            0x0800a611   Thumb Code    44  lc_ctype_c.o(locale$$code)
    _printf_fp_dec                           0x0800a63d   Thumb Code     4  printf1.o(x$fpl$printf1)
    __I$use$fp                               0x0800a640   Number         0  usenofp.o(x$fpl$usenofp)
    aAPBAHBPrescTable                        0x0800a640   Data          16  stm32f1xx_hal_rcc.o(.constdata)
    Region$$Table$$Base                      0x0800aab0   Number         0  anon$$obj.o(Region$$Table)
    Region$$Table$$Limit                     0x0800aad0   Number         0  anon$$obj.o(Region$$Table)
    __ctype                                  0x0800aaf9   Data           0  lc_ctype_c.o(locale$$data)
    SystemCoreClock                          0x20000000   Data           4  system_stm32f1xx.o(.data)
    AHBPrescTable                            0x20000004   Data          16  system_stm32f1xx.o(.data)
    PumpingRate                              0x20000028   Data           2  syringepump.o(.data)
    ubAnalogWatchdogStatus                   0x2000003a   Data           1  syringe_size.o(.data)
    ubUserButtonClickCount                   0x2000003b   Data           1  syringe_size.o(.data)
    ubUserButtonClickEvent                   0x2000003c   Data           1  syringe_size.o(.data)
    AdcHandle                                0x20000150   Data          48  syringe_size.o(.bss)
    TimHandle                                0x20000180   Data          60  syringe_size.o(.bss)
    aADCxConvertedValues                     0x200001bc   Data         512  syringe_size.o(.bss)
    __libspace_start                         0x200003f4   Data          96  libspace.o(.bss)
    __temporary_stack_top$libspace           0x20000454   Data           0  libspace.o(.bss)



==============================================================================

Memory Map of the image

  Image Entry point : 0x080000ed

  Load Region LR_IROM1 (Base: 0x08000000, Size: 0x0000ac4c, Max: 0x00020000, ABSOLUTE)

    Execution Region ER_IROM1 (Base: 0x08000000, Size: 0x0000abfc, Max: 0x00020000, ABSOLUTE)

    Base Addr    Size         Type   Attr      Idx    E Section Name        Object

    0x08000000   0x000000ec   Data   RO            3    RESET               startup_stm32f10x_md.o
    0x080000ec   0x00000008   Code   RO          664  * !!!main             c_w.l(__main.o)
    0x080000f4   0x00000034   Code   RO         1018    !!!scatter          c_w.l(__scatter.o)
    0x08000128   0x0000001a   Code   RO         1020    !!handler_copy      c_w.l(__scatter_copy.o)
    0x08000142   0x00000002   PAD
    0x08000144   0x0000001c   Code   RO         1022    !!handler_zi        c_w.l(__scatter_zi.o)
    0x08000160   0x00000000   Code   RO          748    .ARM.Collect$$_printf_percent$$00000000  c_w.l(_printf_percent.o)
    0x08000160   0x00000006   Code   RO          737    .ARM.Collect$$_printf_percent$$00000001  c_w.l(_printf_n.o)
    0x08000166   0x00000006   Code   RO          739    .ARM.Collect$$_printf_percent$$00000002  c_w.l(_printf_p.o)
    0x0800016c   0x00000006   Code   RO          744    .ARM.Collect$$_printf_percent$$00000003  c_w.l(_printf_f.o)
    0x08000172   0x00000006   Code   RO          745    .ARM.Collect$$_printf_percent$$00000004  c_w.l(_printf_e.o)
    0x08000178   0x00000006   Code   RO          746    .ARM.Collect$$_printf_percent$$00000005  c_w.l(_printf_g.o)
    0x0800017e   0x00000006   Code   RO          747    .ARM.Collect$$_printf_percent$$00000006  c_w.l(_printf_a.o)
    0x08000184   0x0000000a   Code   RO          752    .ARM.Collect$$_printf_percent$$00000007  c_w.l(_printf_ll.o)
    0x0800018e   0x00000006   Code   RO          741    .ARM.Collect$$_printf_percent$$00000008  c_w.l(_printf_i.o)
    0x08000194   0x00000006   Code   RO          742    .ARM.Collect$$_printf_percent$$00000009  c_w.l(_printf_d.o)
    0x0800019a   0x00000006   Code   RO          743    .ARM.Collect$$_printf_percent$$0000000A  c_w.l(_printf_u.o)
    0x080001a0   0x00000006   Code   RO          740    .ARM.Collect$$_printf_percent$$0000000B  c_w.l(_printf_o.o)
    0x080001a6   0x00000006   Code   RO          738    .ARM.Collect$$_printf_percent$$0000000C  c_w.l(_printf_x.o)
    0x080001ac   0x00000006   Code   RO          749    .ARM.Collect$$_printf_percent$$0000000D  c_w.l(_printf_lli.o)
    0x080001b2   0x00000006   Code   RO          750    .ARM.Collect$$_printf_percent$$0000000E  c_w.l(_printf_lld.o)
    0x080001b8   0x00000006   Code   RO          751    .ARM.Collect$$_printf_percent$$0000000F  c_w.l(_printf_llu.o)
    0x080001be   0x00000006   Code   RO          756    .ARM.Collect$$_printf_percent$$00000010  c_w.l(_printf_llo.o)
    0x080001c4   0x00000006   Code   RO          757    .ARM.Collect$$_printf_percent$$00000011  c_w.l(_printf_llx.o)
    0x080001ca   0x0000000a   Code   RO          753    .ARM.Collect$$_printf_percent$$00000012  c_w.l(_printf_l.o)
    0x080001d4   0x00000006   Code   RO          735    .ARM.Collect$$_printf_percent$$00000013  c_w.l(_printf_c.o)
    0x080001da   0x00000006   Code   RO          736    .ARM.Collect$$_printf_percent$$00000014  c_w.l(_printf_s.o)
    0x080001e0   0x00000006   Code   RO          754    .ARM.Collect$$_printf_percent$$00000015  c_w.l(_printf_lc.o)
    0x080001e6   0x00000006   Code   RO          755    .ARM.Collect$$_printf_percent$$00000016  c_w.l(_printf_ls.o)
    0x080001ec   0x00000004   Code   RO          787    .ARM.Collect$$_printf_percent$$00000017  c_w.l(_printf_percent_end.o)
    0x080001f0   0x00000002   Code   RO          839    .ARM.Collect$$libinit$$00000000  c_w.l(libinit.o)
    0x080001f2   0x00000000   Code   RO          868    .ARM.Collect$$libinit$$00000002  c_w.l(libinit2.o)
    0x080001f2   0x00000000   Code   RO          871    .ARM.Collect$$libinit$$00000008  c_w.l(libinit2.o)
    0x080001f2   0x00000000   Code   RO          873    .ARM.Collect$$libinit$$0000000A  c_w.l(libinit2.o)
    0x080001f2   0x00000000   Code   RO          875    .ARM.Collect$$libinit$$0000000C  c_w.l(libinit2.o)
    0x080001f2   0x00000006   Code   RO          876    .ARM.Collect$$libinit$$0000000D  c_w.l(libinit2.o)
    0x080001f8   0x00000000   Code   RO          878    .ARM.Collect$$libinit$$0000000F  c_w.l(libinit2.o)
    0x080001f8   0x0000000c   Code   RO          879    .ARM.Collect$$libinit$$00000010  c_w.l(libinit2.o)
    0x08000204   0x00000000   Code   RO          880    .ARM.Collect$$libinit$$00000011  c_w.l(libinit2.o)
    0x08000204   0x00000000   Code   RO          882    .ARM.Collect$$libinit$$00000013  c_w.l(libinit2.o)
    0x08000204   0x0000000a   Code   RO          883    .ARM.Collect$$libinit$$00000014  c_w.l(libinit2.o)
    0x0800020e   0x00000000   Code   RO          884    .ARM.Collect$$libinit$$00000015  c_w.l(libinit2.o)
    0x0800020e   0x00000000   Code   RO          886    .ARM.Collect$$libinit$$00000017  c_w.l(libinit2.o)
    0x0800020e   0x00000000   Code   RO          888    .ARM.Collect$$libinit$$00000019  c_w.l(libinit2.o)
    0x0800020e   0x00000000   Code   RO          890    .ARM.Collect$$libinit$$0000001B  c_w.l(libinit2.o)
    0x0800020e   0x00000000   Code   RO          892    .ARM.Collect$$libinit$$0000001D  c_w.l(libinit2.o)
    0x0800020e   0x00000000   Code   RO          894    .ARM.Collect$$libinit$$0000001F  c_w.l(libinit2.o)
    0x0800020e   0x00000000   Code   RO          896    .ARM.Collect$$libinit$$00000021  c_w.l(libinit2.o)
    0x0800020e   0x00000000   Code   RO          898    .ARM.Collect$$libinit$$00000023  c_w.l(libinit2.o)
    0x0800020e   0x00000000   Code   RO          902    .ARM.Collect$$libinit$$0000002A  c_w.l(libinit2.o)
    0x0800020e   0x00000000   Code   RO          904    .ARM.Collect$$libinit$$0000002C  c_w.l(libinit2.o)
    0x0800020e   0x00000000   Code   RO          906    .ARM.Collect$$libinit$$0000002E  c_w.l(libinit2.o)
    0x0800020e   0x00000000   Code   RO          908    .ARM.Collect$$libinit$$00000030  c_w.l(libinit2.o)
    0x0800020e   0x00000002   Code   RO          909    .ARM.Collect$$libinit$$00000031  c_w.l(libinit2.o)
    0x08000210   0x00000002   Code   RO          959    .ARM.Collect$$libshutdown$$00000000  c_w.l(libshutdown.o)
    0x08000212   0x00000000   Code   RO          973    .ARM.Collect$$libshutdown$$00000003  c_w.l(libshutdown2.o)
    0x08000212   0x00000000   Code   RO          976    .ARM.Collect$$libshutdown$$00000006  c_w.l(libshutdown2.o)
    0x08000212   0x00000000   Code   RO          979    .ARM.Collect$$libshutdown$$00000009  c_w.l(libshutdown2.o)
    0x08000212   0x00000000   Code   RO          981    .ARM.Collect$$libshutdown$$0000000B  c_w.l(libshutdown2.o)
    0x08000212   0x00000000   Code   RO          984    .ARM.Collect$$libshutdown$$0000000E  c_w.l(libshutdown2.o)
    0x08000212   0x00000002   Code   RO          985    .ARM.Collect$$libshutdown$$0000000F  c_w.l(libshutdown2.o)
    0x08000214   0x00000000   Code   RO          666    .ARM.Collect$$rtentry$$00000000  c_w.l(rtentry.o)
    0x08000214   0x00000000   Code   RO          761    .ARM.Collect$$rtentry$$00000002  c_w.l(rtentry2.o)
    0x08000214   0x00000006   Code   RO          773    .ARM.Collect$$rtentry$$00000004  c_w.l(rtentry4.o)
    0x0800021a   0x00000000   Code   RO          763    .ARM.Collect$$rtentry$$00000009  c_w.l(rtentry2.o)
    0x0800021a   0x00000004   Code   RO          764    .ARM.Collect$$rtentry$$0000000A  c_w.l(rtentry2.o)
    0x0800021e   0x00000000   Code   RO          766    .ARM.Collect$$rtentry$$0000000C  c_w.l(rtentry2.o)
    0x0800021e   0x00000008   Code   RO          767    .ARM.Collect$$rtentry$$0000000D  c_w.l(rtentry2.o)
    0x08000226   0x00000002   Code   RO          848    .ARM.Collect$$rtexit$$00000000  c_w.l(rtexit.o)
    0x08000228   0x00000000   Code   RO          911    .ARM.Collect$$rtexit$$00000002  c_w.l(rtexit2.o)
    0x08000228   0x00000004   Code   RO          912    .ARM.Collect$$rtexit$$00000003  c_w.l(rtexit2.o)
    0x0800022c   0x00000006   Code   RO          913    .ARM.Collect$$rtexit$$00000004  c_w.l(rtexit2.o)
    0x08000232   0x00000002   PAD
    0x08000234   0x00000040   Code   RO            4    .text               startup_stm32f10x_md.o
    0x08000274   0x000000f4   Code   RO           12    .text               system_stm32f1xx.o
    0x08000368   0x00000022   Code   RO          115    .text               stm32f1xx_it.o
    0x0800038a   0x00000002   PAD
    0x0800038c   0x00000144   Code   RO          189    .text               stm32f1xx_hal.o
    0x080004d0   0x000002ac   Code   RO          211    .text               stm32f1xx_hal_cortex.o
    0x0800077c   0x00000498   Code   RO          235    .text               stm32f1xx_hal_gpio.o
    0x08000c14   0x00000e88   Code   RO          295    .text               stm32f1xx_hal_rcc.o
    0x08001a9c   0x00000744   Code   RO          318    .text               stm32f1xx_hal_rcc_ex.o
    0x080021e0   0x000026ca   Code   RO          338    .text               stm32f1xx_hal_tim.o
    0x080048aa   0x00000002   PAD
    0x080048ac   0x00000d68   Code   RO          358    .text               stm32f1xx_hal_tim_ex.o
    0x08005614   0x0000090c   Code   RO          420    .text               stm32f1xx_hal_dma.o
    0x08005f20   0x00000bc4   Code   RO          440    .text               stm32f1xx_hal_adc.o
    0x08006ae4   0x00000970   Code   RO          460    .text               stm32f1xx_hal_adc_ex.o
    0x08007454   0x000002b0   Code   RO          480    .text               main.o
    0x08007704   0x000013a0   Code   RO          503    .text               stm32f1xx_lcd.o
    0x08008aa4   0x000000b8   Code   RO          537    .text               switches.o
    0x08008b5c   0x00000158   Code   RO          561    .text               syringepump.o
    0x08008cb4   0x00000080   Code   RO          585    .text               stm32f1xx_pwm.o
    0x08008d34   0x0000015c   Code   RO          609    .text               syringe_size.o
    0x08008e90   0x00000150   Code   RO          637    .text               stm32f1xx_hal_msp.o
    0x08008fe0   0x00000024   Code   RO          658    .text               c_w.l(c89vsprintf.o)
    0x08009004   0x0000004e   Code   RO          660    .text               c_w.l(rt_memclr_w.o)
    0x08009052   0x00000006   Code   RO          662    .text               c_w.l(heapauxi.o)
    0x08009058   0x00000052   Code   RO          669    .text               c_w.l(_printf_pad.o)
    0x080090aa   0x00000024   Code   RO          671    .text               c_w.l(_printf_truncate.o)
    0x080090ce   0x00000052   Code   RO          673    .text               c_w.l(_printf_str.o)
    0x08009120   0x00000078   Code   RO          675    .text               c_w.l(_printf_dec.o)
    0x08009198   0x0000002a   Code   RO          677    .text               c_w.l(_printf_charcount.o)
    0x080091c2   0x00000002   PAD
    0x080091c4   0x00000030   Code   RO          679    .text               c_w.l(_printf_char_common.o)
    0x080091f4   0x0000000a   Code   RO          681    .text               c_w.l(_sputc.o)
    0x080091fe   0x00000002   PAD
    0x08009200   0x000000bc   Code   RO          683    .text               c_w.l(_printf_wctomb.o)
    0x080092bc   0x00000078   Code   RO          686    .text               c_w.l(_printf_longlong_dec.o)
    0x08009334   0x00000078   Code   RO          692    .text               c_w.l(_printf_oct_int_ll.o)
    0x080093ac   0x0000009c   Code   RO          712    .text               c_w.l(_printf_hex_int_ll_ptr.o)
    0x08009448   0x0000018c   Code   RO          732    .text               c_w.l(__printf_flags_ss_wp.o)
    0x080095d4   0x0000008a   Code   RO          775    .text               c_w.l(lludiv10.o)
    0x0800965e   0x000000b8   Code   RO          777    .text               c_w.l(_printf_intcommon.o)
    0x08009716   0x00000420   Code   RO          779    .text               c_w.l(_printf_fp_dec.o)
    0x08009b36   0x0000002c   Code   RO          783    .text               c_w.l(_printf_char.o)
    0x08009b62   0x0000002c   Code   RO          785    .text               c_w.l(_printf_wchar.o)
    0x08009b8e   0x00000040   Code   RO          788    .text               c_w.l(_wcrtomb.o)
    0x08009bce   0x0000004a   Code   RO          790    .text               c_w.l(sys_stackheap_outer.o)
    0x08009c18   0x00000010   Code   RO          792    .text               c_w.l(rt_ctype_table.o)
    0x08009c28   0x00000008   Code   RO          797    .text               c_w.l(rt_locale_intlibspace.o)
    0x08009c30   0x00000080   Code   RO          799    .text               c_w.l(_printf_fp_infnan.o)
    0x08009cb0   0x000000e4   Code   RO          801    .text               c_w.l(bigflt0.o)
    0x08009d94   0x0000000c   Code   RO          832    .text               c_w.l(exit.o)
    0x08009da0   0x00000008   Code   RO          845    .text               c_w.l(libspace.o)
    0x08009da8   0x00000080   Code   RO          865    .text               c_w.l(strcmpv7m.o)
    0x08009e28   0x0000000c   Code   RO          947    .text               c_w.l(sys_exit.o)
    0x08009e34   0x00000002   Code   RO          962    .text               c_w.l(use_no_semi.o)
    0x08009e36   0x00000000   Code   RO          964    .text               c_w.l(indicate_semi.o)
    0x08009e36   0x0000003e   Code   RO          804    CL$$btod_d2e        c_w.l(btod.o)
    0x08009e74   0x00000046   Code   RO          806    CL$$btod_d2e_denorm_low  c_w.l(btod.o)
    0x08009eba   0x00000060   Code   RO          805    CL$$btod_d2e_norm_op1  c_w.l(btod.o)
    0x08009f1a   0x00000338   Code   RO          814    CL$$btod_div_common  c_w.l(btod.o)
    0x0800a252   0x000000c6   Code   RO          811    CL$$btod_e2e        c_w.l(btod.o)
    0x0800a318   0x00000028   Code   RO          808    CL$$btod_ediv       c_w.l(btod.o)
    0x0800a340   0x00000028   Code   RO          807    CL$$btod_emul       c_w.l(btod.o)
    0x0800a368   0x00000244   Code   RO          813    CL$$btod_mult_common  c_w.l(btod.o)
    0x0800a5ac   0x00000028   Code   RO          843    i.__ARM_fpclassify  m_ws.l(fpclassify.o)
    0x0800a5d4   0x0000000e   Code   RO          725    i._is_digit         c_w.l(__printf_wp.o)
    0x0800a5e2   0x00000002   PAD
    0x0800a5e4   0x0000002c   Code   RO          827    locale$$code        c_w.l(lc_numeric_c.o)
    0x0800a610   0x0000002c   Code   RO          860    locale$$code        c_w.l(lc_ctype_c.o)
    0x0800a63c   0x00000004   Code   RO          758    x$fpl$printf1       fz_ws.l(printf1.o)
    0x0800a640   0x00000000   Code   RO          842    x$fpl$usenofp       fz_ws.l(usenofp.o)
    0x0800a640   0x00000010   Data   RO          296    .constdata          stm32f1xx_hal_rcc.o
    0x0800a650   0x00000388   Data   RO          505    .constdata          stm32f1xx_lcd.o
    0x0800a9d8   0x00000008   Data   RO          684    .constdata          c_w.l(_printf_wctomb.o)
    0x0800a9e0   0x00000028   Data   RO          713    .constdata          c_w.l(_printf_hex_int_ll_ptr.o)
    0x0800aa08   0x00000011   Data   RO          733    .constdata          c_w.l(__printf_flags_ss_wp.o)
    0x0800aa19   0x00000003   PAD
    0x0800aa1c   0x00000094   Data   RO          802    .constdata          c_w.l(bigflt0.o)
    0x0800aab0   0x00000020   Data   RO         1016    Region$$Table       anon$$obj.o
    0x0800aad0   0x0000001c   Data   RO          826    locale$$data        c_w.l(lc_numeric_c.o)
    0x0800aaec   0x00000110   Data   RO          859    locale$$data        c_w.l(lc_ctype_c.o)


    Execution Region RW_IRAM1 (Base: 0x20000000, Size: 0x00000a58, Max: 0x00005000, ABSOLUTE)

    Base Addr    Size         Type   Attr      Idx    E Section Name        Object

    0x20000000   0x00000014   Data   RW           13    .data               system_stm32f1xx.o
    0x20000014   0x00000004   Data   RW          190    .data               stm32f1xx_hal.o
    0x20000018   0x00000010   Data   RW          506    .data               stm32f1xx_lcd.o
    0x20000028   0x00000012   Data   RW          563    .data               syringepump.o
    0x2000003a   0x00000014   Data   RW          612    .data               syringe_size.o
    0x2000004e   0x00000002   PAD
    0x20000050   0x00000100   Zero   RW          504    .bss                stm32f1xx_lcd.o
    0x20000150   0x0000026c   Zero   RW          610    .bss                syringe_size.o
    0x200003bc   0x00000038   Zero   RW          638    .bss                stm32f1xx_hal_msp.o
    0x200003f4   0x00000060   Zero   RW          846    .bss                c_w.l(libspace.o)
    0x20000454   0x00000004   PAD
    0x20000458   0x00000200   Zero   RW            2    HEAP                startup_stm32f10x_md.o
    0x20000658   0x00000400   Zero   RW            1    STACK               startup_stm32f10x_md.o


==============================================================================

Image component sizes


      Code (inc. data)   RO Data    RW Data    ZI Data      Debug   Object Name

       688         80          0          0          0       1070   main.o
        64         26        236          0       1536        732   startup_stm32f10x_md.o
       324         22          0          4          0       3543   stm32f1xx_hal.o
      3012         82          0          0          0       8690   stm32f1xx_hal_adc.o
      2416         62          0          0          0       6214   stm32f1xx_hal_adc_ex.o
       684         22          0          0          0      26694   stm32f1xx_hal_cortex.o
      2316         16          0          0          0       4412   stm32f1xx_hal_dma.o
      1176         32          0          0          0       3727   stm32f1xx_hal_gpio.o
       336         16          0          0         56       1604   stm32f1xx_hal_msp.o
      3720         86         16          0          0       5107   stm32f1xx_hal_rcc.o
      1860         56          0          0          0       3167   stm32f1xx_hal_rcc_ex.o
      9930         82          0          0          0      30402   stm32f1xx_hal_tim.o
      3432         26          0          0          0      10936   stm32f1xx_hal_tim_ex.o
        34          0          0          0          0       1515   stm32f1xx_it.o
      5024        144        904         16        256      13089   stm32f1xx_lcd.o
       128         12          0          0          0        812   stm32f1xx_pwm.o
       184         10          0          0          0       1584   switches.o
       348         26          0         20        620       3048   syringe_size.o
       344         16          0         18          0       1082   syringepump.o
       244         32          0         20          0     259487   system_stm32f1xx.o

    ----------------------------------------------------------------------
     36268        848       1188         80       2468     386915   Object Totals
         0          0         32          0          0          0   (incl. Generated)
         4          0          0          2          0          0   (incl. Padding)

    ----------------------------------------------------------------------

      Code (inc. data)   RO Data    RW Data    ZI Data      Debug   Library Member Name

         8          0          0          0          0         68   __main.o
       396          6         17          0          0         92   __printf_flags_ss_wp.o
        14          0          0          0          0         68   __printf_wp.o
        52          8          0          0          0          0   __scatter.o
        26          0          0          0          0          0   __scatter_copy.o
        28          0          0          0          0          0   __scatter_zi.o
         6          0          0          0          0          0   _printf_a.o
         6          0          0          0          0          0   _printf_c.o
        44          0          0          0          0        108   _printf_char.o
        48          6          0          0          0         96   _printf_char_common.o
        42          0          0          0          0         68   _printf_charcount.o
         6          0          0          0          0          0   _printf_d.o
       120         18          0          0          0         92   _printf_dec.o
         6          0          0          0          0          0   _printf_e.o
         6          0          0          0          0          0   _printf_f.o
      1056          0          0          0          0        212   _printf_fp_dec.o
       128         16          0          0          0         84   _printf_fp_infnan.o
         6          0          0          0          0          0   _printf_g.o
       156          6         40          0          0        160   _printf_hex_int_ll_ptr.o
         6          0          0          0          0          0   _printf_i.o
       184          0          0          0          0         88   _printf_intcommon.o
        10          0          0          0          0          0   _printf_l.o
         6          0          0          0          0          0   _printf_lc.o
        10          0          0          0          0          0   _printf_ll.o
         6          0          0          0          0          0   _printf_lld.o
         6          0          0          0          0          0   _printf_lli.o
         6          0          0          0          0          0   _printf_llo.o
         6          0          0          0          0          0   _printf_llu.o
         6          0          0          0          0          0   _printf_llx.o
       120         16          0          0          0         92   _printf_longlong_dec.o
         6          0          0          0          0          0   _printf_ls.o
         6          0          0          0          0          0   _printf_n.o
         6          0          0          0          0          0   _printf_o.o
       120          8          0          0          0        124   _printf_oct_int_ll.o
         6          0          0          0          0          0   _printf_p.o
        82          0          0          0          0        108   _printf_pad.o
         0          0          0          0          0          0   _printf_percent.o
         4          0          0          0          0          0   _printf_percent_end.o
         6          0          0          0          0          0   _printf_s.o
        82          0          0          0          0         80   _printf_str.o
        36          0          0          0          0         84   _printf_truncate.o
         6          0          0          0          0          0   _printf_u.o
        44          0          0          0          0        108   _printf_wchar.o
       188          6          8          0          0         92   _printf_wctomb.o
         6          0          0          0          0          0   _printf_x.o
        10          0          0          0          0         68   _sputc.o
        64          0          0          0          0         92   _wcrtomb.o
       228          6        148          0          0         96   bigflt0.o
      1910        128          0          0          0        672   btod.o
        36          4          0          0          0         76   c89vsprintf.o
        12          0          0          0          0         72   exit.o
         6          0          0          0          0        152   heapauxi.o
         0          0          0          0          0          0   indicate_semi.o
        44         10        272          0          0         76   lc_ctype_c.o
        44         10         28          0          0         76   lc_numeric_c.o
         2          0          0          0          0          0   libinit.o
        30          0          0          0          0          0   libinit2.o
         2          0          0          0          0          0   libshutdown.o
         2          0          0          0          0          0   libshutdown2.o
         8          4          0          0         96         68   libspace.o
       138          0          0          0          0         80   lludiv10.o
        16          4          0          0          0         76   rt_ctype_table.o
         8          4          0          0          0         68   rt_locale_intlibspace.o
        78          0          0          0          0         80   rt_memclr_w.o
         0          0          0          0          0          0   rtentry.o
        12          0          0          0          0          0   rtentry2.o
         6          0          0          0          0          0   rtentry4.o
         2          0          0          0          0          0   rtexit.o
        10          0          0          0          0          0   rtexit2.o
       128          0          0          0          0         68   strcmpv7m.o
        12          4          0          0          0         68   sys_exit.o
        74          0          0          0          0         80   sys_stackheap_outer.o
         2          0          0          0          0         68   use_no_semi.o
         4          0          0          0          0         68   printf1.o
         0          0          0          0          0          0   usenofp.o
        40          0          0          0          0         68   fpclassify.o

    ----------------------------------------------------------------------
      6056        264        516          0        100       3996   Library Totals
        10          0          3          0          4          0   (incl. Padding)

    ----------------------------------------------------------------------

      Code (inc. data)   RO Data    RW Data    ZI Data      Debug   Library Name

      6002        264        513          0         96       3860   c_w.l
         4          0          0          0          0         68   fz_ws.l
        40          0          0          0          0         68   m_ws.l

    ----------------------------------------------------------------------
      6056        264        516          0        100       3996   Library Totals

    ----------------------------------------------------------------------

==============================================================================


      Code (inc. data)   RO Data    RW Data    ZI Data      Debug   

     42324       1112       1704         80       2568     386595   Grand Totals
     42324       1112       1704         80       2568     386595   ELF Image Totals
     42324       1112       1704         80          0          0   ROM Totals

==============================================================================

    Total RO  Size (Code + RO Data)                44028 (  43.00kB)
    Total RW  Size (RW Data + ZI Data)              2648 (   2.59kB)
    Total ROM Size (Code + RO Data + RW Data)      44108 (  43.07kB)

==============================================================================

