ARM Linker, 5.02 [Build 28] [MDK-ARM Standard]

==============================================================================

Section Cross References

    startup_stm32f10x_md.o(STACK) refers (Special) to heapauxi.o(.text) for __use_two_region_memory
    startup_stm32f10x_md.o(HEAP) refers (Special) to heapauxi.o(.text) for __use_two_region_memory
    startup_stm32f10x_md.o(RESET) refers (Special) to heapauxi.o(.text) for __use_two_region_memory
    startup_stm32f10x_md.o(RESET) refers to startup_stm32f10x_md.o(STACK) for __initial_sp
    startup_stm32f10x_md.o(RESET) refers to startup_stm32f10x_md.o(.text) for Reset_Handler
    startup_stm32f10x_md.o(RESET) refers to stm32f1xx_it.o(.text) for NMI_Handler
    startup_stm32f10x_md.o(.text) refers (Special) to heapauxi.o(.text) for __use_two_region_memory
    startup_stm32f10x_md.o(.text) refers to system_stm32f1xx.o(.text) for SystemInit
    startup_stm32f10x_md.o(.text) refers to __main.o(!!!main) for __main
    startup_stm32f10x_md.o(.text) refers to startup_stm32f10x_md.o(HEAP) for Heap_Mem
    startup_stm32f10x_md.o(.text) refers to startup_stm32f10x_md.o(STACK) for Stack_Mem
    system_stm32f1xx.o(.text) refers to system_stm32f1xx.o(.data) for SystemCoreClock
    stm32f1xx_it.o(.text) refers to stm32f1xx_hal.o(.text) for HAL_IncTick
    stm32f1xx_it.o(.text) refers to stm32f1xx_hal_tim.o(.text) for HAL_TIM_IRQHandler
    stm32f1xx_it.o(.text) refers to stm32f1xx_pwm.o(.bss) for TimHandle
    stm32f1xx_hal.o(.text) refers to stm32f1xx_hal_rcc.o(.text) for HAL_RCC_GetHCLKFreq
    stm32f1xx_hal.o(.text) refers to stm32f1xx_hal_cortex.o(.text) for HAL_SYSTICK_Config
    stm32f1xx_hal.o(.text) refers to stm32f1xx_hal.o(.data) for uwTick
    stm32f1xx_hal_rcc.o(.text) refers to stm32f1xx_hal.o(.text) for HAL_GetTick
    stm32f1xx_hal_rcc.o(.text) refers to stm32f1xx_hal_gpio.o(.text) for HAL_GPIO_Init
    stm32f1xx_hal_rcc.o(.text) refers to stm32f1xx_hal_rcc.o(.constdata) for aAPBAHBPrescTable
    stm32f1xx_hal_rcc.o(.text) refers to system_stm32f1xx.o(.data) for SystemCoreClock
    stm32f1xx_hal_rcc_ex.o(.text) refers to stm32f1xx_hal.o(.text) for HAL_GetTick
    stm32f1xx_hal_rcc_ex.o(.text) refers to stm32f1xx_hal_rcc.o(.text) for HAL_RCC_GetPCLK2Freq
    stm32f1xx_hal_tim.o(.text) refers to stm32f1xx_hal_msp.o(.text) for HAL_TIM_Base_MspInit
    stm32f1xx_hal_tim.o(.text) refers to stm32f1xx_pwm.o(.text) for HAL_TIM_PeriodElapsedCallback
    stm32f1xx_hal_tim.o(.text) refers to stm32f1xx_hal_dma.o(.text) for HAL_DMA_Start_IT
    stm32f1xx_hal_tim.o(.text) refers to stm32f1xx_hal_tim_ex.o(.text) for HAL_TIMEx_BreakCallback
    stm32f1xx_hal_tim_ex.o(.text) refers to stm32f1xx_hal_tim.o(.text) for TIM_Base_SetConfig
    stm32f1xx_hal_tim_ex.o(.text) refers to stm32f1xx_hal_dma.o(.text) for HAL_DMA_Start_IT
    stm32f1xx_hal_dma.o(.text) refers to stm32f1xx_hal.o(.text) for HAL_GetTick
    stm32f1xx_hal_adc.o(.text) refers to stm32f1xx_hal.o(.text) for HAL_GetTick
    stm32f1xx_hal_adc.o(.text) refers to stm32f1xx_hal_msp.o(.text) for HAL_ADC_MspInit
    stm32f1xx_hal_adc.o(.text) refers to stm32f1xx_hal_rcc_ex.o(.text) for HAL_RCCEx_GetPeriphCLKFreq
    stm32f1xx_hal_adc.o(.text) refers to system_stm32f1xx.o(.data) for SystemCoreClock
    stm32f1xx_hal_adc.o(.text) refers to syringe_size.o(.text) for HAL_ADC_ErrorCallback
    stm32f1xx_hal_adc.o(.text) refers to stm32f1xx_hal_dma.o(.text) for HAL_DMA_Start_IT
    stm32f1xx_hal_adc.o(.text) refers to stm32f1xx_hal_adc_ex.o(.text) for HAL_ADCEx_InjectedConvCpltCallback
    stm32f1xx_hal_adc_ex.o(.text) refers to stm32f1xx_hal_adc.o(.text) for ADC_ConversionStop_Disable
    stm32f1xx_hal_adc_ex.o(.text) refers to stm32f1xx_hal_rcc_ex.o(.text) for HAL_RCCEx_GetPeriphCLKFreq
    stm32f1xx_hal_adc_ex.o(.text) refers to stm32f1xx_hal.o(.text) for HAL_GetTick
    stm32f1xx_hal_adc_ex.o(.text) refers to system_stm32f1xx.o(.data) for SystemCoreClock
    stm32f1xx_hal_adc_ex.o(.text) refers to stm32f1xx_hal_dma.o(.text) for HAL_DMA_Start_IT
    main.o(.text) refers to rt_memclr_w.o(.text) for __aeabi_memclr4
    main.o(.text) refers to stm32f1xx_hal_rcc.o(.text) for HAL_RCC_OscConfig
    main.o(.text) refers to stm32f1xx_hal_rcc_ex.o(.text) for HAL_RCC_ClockConfig
    main.o(.text) refers to stm32f1xx_hal.o(.text) for HAL_Init
    main.o(.text) refers to switches.o(.text) for Button_Init
    main.o(.text) refers to stm32f1xx_pwm.o(.text) for TIM4_Init
    main.o(.text) refers to syringe_size.o(.text) for ADC_Config
    main.o(.text) refers to stm32f1xx_lcd.o(.text) for st7783_Init
    main.o(.text) refers to syringepump.o(.text) for Initial_Screen
    main.o(.text) refers to main.o(.data) for m_textbgcolor
    main.o(.text) refers to syringepump.o(.data) for Current_Screen
    stm32f1xx_lcd.o(.text) refers to stm32f1xx_hal_gpio.o(.text) for HAL_GPIO_WritePin
    stm32f1xx_lcd.o(.text) refers to stm32f1xx_lcd.o(.data) for m_height
    stm32f1xx_lcd.o(.text) refers to stm32f1xx_lcd.o(.constdata) for font
[...]
    i._is_digit                              0x0800b3d8   Section        0  __printf_wp.o(i._is_digit)
    locale$$code                             0x0800b3e8   Section       44  lc_numeric_c.o(locale$$code)
    locale$$code                             0x0800b414   Section       44  lc_ctype_c.o(locale$$code)
    x$fpl$printf1                            0x0800b440   Section        4  printf1.o(x$fpl$printf1)
    .constdata                               0x0800b444   Section       16  stm32f1xx_hal_rcc.o(.constdata)
    x$fpl$usenofp                            0x0800b444   Section        0  usenofp.o(x$fpl$usenofp)
    .constdata                               0x0800b454   Section    14592  stm32f1xx_lcd.o(.constdata)
    font                                     0x0800b454   Data         640  stm32f1xx_lcd.o(.constdata)
    font10                                   0x0800b6d4   Data        2632  stm32f1xx_lcd.o(.constdata)
    font20                                   0x0800c11c   Data        9880  stm32f1xx_lcd.o(.constdata)
    font36                                   0x0800e7b4   Data        1440  stm32f1xx_lcd.o(.constdata)
    .constdata                               0x0800ed54   Section        8  _printf_wctomb.o(.constdata)
    initial_mbstate                          0x0800ed54   Data           8  _printf_wctomb.o(.constdata)
    .constdata                               0x0800ed5c   Section       40  _printf_hex_int_ll_ptr.o(.constdata)
    uc_hextab                                0x0800ed5c   Data          20  _printf_hex_int_ll_ptr.o(.constdata)
    lc_hextab                                0x0800ed70   Data          20  _printf_hex_int_ll_ptr.o(.constdata)
    .constdata                               0x0800ed84   Section       17  __printf_flags_ss_wp.o(.constdata)
    maptable                                 0x0800ed84   Data          17  __printf_flags_ss_wp.o(.constdata)
    .constdata                               0x0800ed98   Section      148  bigflt0.o(.constdata)
    tenpwrs_x                                0x0800ed98   Data          60  bigflt0.o(.constdata)
    tenpwrs_i                                0x0800edd4   Data          64  bigflt0.o(.constdata)
    locale$$data                             0x0800ee4c   Section       28  lc_numeric_c.o(locale$$data)
    __lcnum_c_name                           0x0800ee50   Data           2  lc_numeric_c.o(locale$$data)
    __lcnum_c_start                          0x0800ee58   Data           0  lc_numeric_c.o(locale$$data)
    __lcnum_c_point                          0x0800ee64   Data           0  lc_numeric_c.o(locale$$data)
    __lcnum_c_thousands                      0x0800ee66   Data           0  lc_numeric_c.o(locale$$data)
    __lcnum_c_grouping                       0x0800ee67   Data           0  lc_numeric_c.o(locale$$data)
    locale$$data                             0x0800ee68   Section      272  lc_ctype_c.o(locale$$data)
    __lcnum_c_end                            0x0800ee68   Data           0  lc_numeric_c.o(locale$$data)
    __lcctype_c_name                         0x0800ee6c   Data           2  lc_ctype_c.o(locale$$data)
    __lcctype_c_start                        0x0800ee74   Data           0  lc_ctype_c.o(locale$$data)
    __lcctype_c_end                          0x0800ef78   Data           0  lc_ctype_c.o(locale$$data)
    .data                                    0x20000000   Section       20  system_stm32f1xx.o(.data)
    .data                                    0x20000014   Section        4  stm32f1xx_hal.o(.data)
    uwTick                                   0x20000014   Data           4  stm32f1xx_hal.o(.data)
    .data                                    0x20000018   Section       20  main.o(.data)
    m_width                                  0x2000001c   Data           2  main.o(.data)
    m_height                                 0x2000001e   Data           2  main.o(.data)
    m_rotation                               0x20000020   Data           1  main.o(.data)
    m_cursor_x                               0x20000022   Data           2  main.o(.data)
    m_cursor_y                               0x20000024   Data           2  main.o(.data)
    m_textcolor                              0x20000026   Data           2  main.o(.data)
    m_textbgcolor                            0x20000028   Data           2  main.o(.data)
    m_textsize                               0x2000002a   Data           1  main.o(.data)
    m_wrap                                   0x2000002b   Data           1  main.o(.data)
    .data                                    0x2000002c   Section       16  stm32f1xx_lcd.o(.data)
    m_width                                  0x2000002c   Data           2  stm32f1xx_lcd.o(.data)
    m_height                                 0x2000002e   Data           2  stm32f1xx_lcd.o(.data)
    m_rotation                               0x20000030   Data           1  stm32f1xx_lcd.o(.data)
    m_cursor_x                               0x20000032   Data           2  stm32f1xx_lcd.o(.data)
    m_cursor_y                               0x20000034   Data           2  stm32f1xx_lcd.o(.data)
    m_textcolor                              0x20000036   Data           2  stm32f1xx_lcd.o(.data)
    m_textbgcolor                            0x20000038   Data           2  stm32f1xx_lcd.o(.data)
    m_textsize                               0x2000003a   Data           1  stm32f1xx_lcd.o(.data)
    m_wrap                                   0x2000003b   Data           1  stm32f1xx_lcd.o(.data)
    .data                                    0x2000003c   Section       20  syringepump.o(.data)
    m_width                                  0x20000040   Data           2  syringepump.o(.data)
    m_height                                 0x20000042   Data           2  syringepump.o(.data)
    m_rotation                               0x20000044   Data           1  syringepump.o(.data)
    m_cursor_x                               0x20000046   Data           2  syringepump.o(.data)
    m_cursor_y                               0x20000048   Data           2  syringepump.o(.data)
    m_textcolor                              0x2000004a   Data           2  syringepump.o(.data)
    m_textbgcolor                            0x2000004c   Data           2  syringepump.o(.data)
    m_textsize                               0x2000004e   Data           1  syringepump.o(.data)
    m_wrap                                   0x2000004f   Data           1  syringepump.o(.data)
    .data                                    0x20000050   Section        4  stm32f1xx_pwm.o(.data)
    .data                                    0x20000054   Section       20  syringe_size.o(.data)
    m_width                                  0x20000058   Data           2  syringe_size.o(.data)
    m_height                                 0x2000005a   Data           2  syringe_size.o(.data)
    m_rotation                               0x2000005c   Data           1  syringe_size.o(.data)
    m_cursor_x                               0x2000005e   Data           2  syringe_size.o(.data)
    m_cursor_y                               0x20000060   Data           2  syringe_size.o(.data)
    m_textcolor                              0x20000062   Data           2  syringe_size.o(.data)
    m_textbgcolor                            0x20000064   Data           2  syringe_size.o(.data)
    m_textsize                               0x20000066   Data           1  syringe_size.o(.data)
    m_wrap                                   0x20000067   Data           1  syringe_size.o(.data)
    .bss                                     0x20000068   Section      768  stm32f1xx_lcd.o(.bss)
    buf                                      0x20000068   Data         256  stm32f1xx_lcd.o(.bss)
    buf                                      0x20000168   Data         256  stm32f1xx_lcd.o(.bss)
    buf                                      0x20000268   Data         256  stm32f1xx_lcd.o(.bss)
    .bss                                     0x20000368   Section       60  stm32f1xx_pwm.o(.bss)
    .bss                                     0x200003a4   Section      560  syringe_size.o(.bss)
    .bss                                     0x200005d4   Section       56  stm32f1xx_hal_msp.o(.bss)
    DmaHandle                                0x200005d4   Data          56  stm32f1xx_hal_msp.o(.bss)
    .bss                                     0x2000060c   Section       96  libspace.o(.bss)
    HEAP                                     0x20000670   Section      512  startup_stm32f10x_md.o(HEAP)
    Heap_Mem                                 0x20000670   Data         512  startup_stm32f10x_md.o(HEAP)
    STACK                                    0x20000870   Section     1024  startup_stm32f10x_md.o(STACK)
    Stack_Mem                                0x20000870   Data        1024  startup_stm32f10x_md.o(STACK)
    __initial_sp                             0x20000c70   Data           0  startup_stm32f10x_md.o(STACK)

    Global Symbols

    Symbol Name                              Value     Ov Type        Size  Object(Section)

    BuildAttributes$$THM_ISAv4$P$D$K$B$S$PE$A:L22UL41UL21$X:L11$S22US41US21$IEEE1$IW$USESV6$~STKCKD$USESV7$~SHL$OTIME$ROPI$IEEEJ$EBA8$UX$STANDARDLIB$REQ8$PRES8$EABIv2 0x00000000   Number         0  anon$$obj.o ABSOLUTE
    __ARM_use_no_argv                        0x00000000   Number         0  main.o ABSOLUTE
    _printf_flags                            0x00000000   Number         0  printf_stubs.o ABSOLUTE
    _printf_return_value                     0x00000000   Number         0  printf_stubs.o ABSOLUTE
    _printf_sizespec                         0x00000000   Number         0  printf_stubs.o ABSOLUTE
    _printf_widthprec                        0x00000000   Number         0  printf_stubs.o ABSOLUTE
    __ARM_exceptions_init                     - Undefined Weak Reference
    __alloca_initialize                       - Undefined Weak Reference
    __cpp_initialize__aeabi_                  - Undefined Weak Reference
    __cxa_finalize                            - Undefined Weak Reference
    __sigvec_lookup                           - Undefined Weak Reference
    _atexit_init                              - Undefined Weak Reference
    _call_atexit_fns                          - Undefined Weak Reference
    _clock_init                               - Undefined Weak Reference
    _fp_trap_init                             - Undefined Weak Reference
    _fp_trap_shutdown                         - Undefined Weak Reference
    _get_lc_collate                           - Undefined Weak Reference
    _get_lc_monetary                          - Undefined Weak Reference
    _get_lc_time                              - Undefined Weak Reference
    _getenv_init                              - Undefined Weak Reference
    _handle_redirection                       - Undefined Weak Reference
    _init_alloc                               - Undefined Weak Reference
    _init_user_alloc                          - Undefined Weak Reference
    _initio                                   - Undefined Weak Reference
    _printf_fp_hex                            - Undefined Weak Reference
    _printf_mbtowc                            - Undefined Weak Reference
    _printf_wc                                - Undefined Weak Reference
    _rand_init                                - Undefined Weak Reference
    _signal_finish                            - Undefined Weak Reference
    _signal_init                              - Undefined Weak Reference
    _terminate_alloc                          - Undefined Weak Reference
    _terminate_user_alloc                     - Undefined Weak Reference
    _terminateio                              - Undefined Weak Reference
    __Vectors_Size                           0x000000ec   Number         0  startup_stm32f10x_md.o ABSOLUTE
    __Vectors                                0x08000000   Data           4  startup_stm32f10x_md.o(RESET)
    __Vectors_End                            0x080000ec   Data           0  startup_stm32f10x_md.o(RESET)
    __main                                   0x080000ed   Thumb Code     8  __main.o(!!!main)
    __scatterload                            0x080000f5   Thumb Code     0  __scatter.o(!!!scatter)
    __scatterload_rt2                        0x080000f5   Thumb Code    44  __scatter.o(!!!scatter)
    __scatterload_rt2_thumb_only             0x080000f5   Thumb Code     0  __scatter.o(!!!scatter)
    __scatterload_null                       0x08000103   Thumb Code     0  __scatter.o(!!!scatter)
    __scatterload_copy                       0x08000129   Thumb Code    26  __scatter_copy.o(!!handler_copy)
    __scatterload_zeroinit                   0x08000145   Thumb Code    28  __scatter_zi.o(!!handler_zi)
    _printf_n                                0x08000161   Thumb Code     0  _printf_n.o(.ARM.Collect$$_printf_percent$$00000001)
    _printf_percent                          0x08000161   Thumb Code     0  _printf_percent.o(.ARM.Collect$$_printf_percent$$00000000)
    _printf_p                                0x08000167   Thumb Code     0  _printf_p.o(.ARM.Collect$$_printf_percent$$00000002)
    _printf_f                                0x0800016d   Thumb Code     0  _printf_f.o(.ARM.Collect$$_printf_percent$$00000003)
    _printf_e                                0x08000173   Thumb Code     0  _printf_e.o(.ARM.Collect$$_printf_percent$$00000004)
    _printf_g                                0x08000179   Thumb Code     0  _printf_g.o(.ARM.Collect$$_printf_percent$$00000005)
    _printf_a                                0x0800017f   Thumb Code     0  _printf_a.o(.ARM.Collect$$_printf_percent$$00000006)
    _printf_ll                               0x08000185   Thumb Code     0  _printf_ll.o(.ARM.Collect$$_printf_percent$$00000007)
    _printf_i                                0x0800018f   Thumb Code     0  _printf_i.o(.ARM.Collect$$_printf_percent$$00000008)
    _printf_d                                0x08000195   Thumb Code     0  _printf_d.o(.ARM.Collect$$_printf_percent$$00000009)
    _printf_u                                0x0800019b   Thumb Code     0  _printf_u.o(.ARM.Collect$$_printf_percent$$0000000A)
    _printf_o                                0x080001a1   Thumb Code     0  _printf_o.o(.ARM.Collect$$_printf_percent$$0000000B)
    _printf_x                                0x080001a7   Thumb Code     0  _printf_x.o(.ARM.Collect$$_printf_percent$$0000000C)
    _printf_lli                              0x080001ad   Thumb Code     0  _printf_lli.o(.ARM.Collect$$_printf_percent$$0000000D)
    _printf_lld                              0x080001b3   Thumb Code     0  _printf_lld.o(.ARM.Collect$$_printf_percent$$0000000E)
    _printf_llu                              0x080001b9   Thumb Code     0  _printf_llu.o(.ARM.Collect$$_printf_percent$$0000000F)
    _printf_llo                              0x080001bf   Thumb Code     0  _printf_llo.o(.ARM.Collect$$_printf_percent$$00000010)
    _printf_llx                              0x080001c5   Thumb Code     0  _printf_llx.o(.ARM.Collect$$_printf_percent$$00000011)
    _printf_l                                0x080001cb   Thumb Code     0  _printf_l.o(.ARM.Collect$$_printf_percent$$00000012)
    _printf_c                                0x080001d5   Thumb Code     0  _printf_c.o(.ARM.Collect$$_printf_percent$$00000013)
    _printf_s                                0x080001db   Thumb Code     0  _printf_s.o(.ARM.Collect$$_printf_percent$$00000014)
    _printf_lc                               0x080001e1   Thumb Code     0  _printf_lc.o(.ARM.Collect$$_printf_percent$$00000015)
    _printf_ls                               0x080001e7   Thumb Code     0  _printf_ls.o(.ARM.Collect$$_printf_percent$$00000016)
    _printf_percent_end                      0x080001ed   Thumb Code     0  _printf_percent_end.o(.ARM.Collect$$_printf_percent$$00000017)
    __rt_lib_init                            0x080001f1   Thumb Code     0  libinit.o(.ARM.Collect$$libinit$$00000000)
    __rt_lib_init_fp_1                       0x080001f3   Thumb Code     0  libinit2.o(.ARM.Collect$$libinit$$00000002)
    __rt_lib_init_heap_1                     0x080001f3   Thumb Code     0  libinit2.o(.ARM.Collect$$libinit$$00000008)
    __rt_lib_init_lc_common                  0x080001f3   Thumb Code     0  libinit2.o(.ARM.Collect$$libinit$$0000000D)
    __rt_lib_init_rand_1                     0x080001f3   Thumb Code     0  libinit2.o(.ARM.Collect$$libinit$$0000000C)
    __rt_lib_init_user_alloc_1               0x080001f3   Thumb Code     0  libinit2.o(.ARM.Collect$$libinit$$0000000A)
    __rt_lib_init_lc_collate_1               0x080001f9   Thumb Code     0  libinit2.o(.ARM.Collect$$libinit$$0000000F)
    __rt_lib_init_lc_ctype_2                 0x080001f9   Thumb Code     0  libinit2.o(.ARM.Collect$$libinit$$00000010)
    __rt_lib_init_lc_ctype_1                 0x08000205   Thumb Code     0  libinit2.o(.ARM.Collect$$libinit$$00000011)
    __rt_lib_init_lc_monetary_1              0x08000205   Thumb Code     0  libinit2.o(.ARM.Collect$$libinit$$00000013)
    __rt_lib_init_lc_numeric_2               0x08000205   Thumb Code     0  libinit2.o(.ARM.Collect$$libinit$$00000014)
    __rt_lib_init_alloca_1                   0x0800020f   Thumb Code     0  libinit2.o(.ARM.Collect$$libinit$$0000002C)
    __rt_lib_init_argv_1                     0x0800020f   Thumb Code     0  libinit2.o(.ARM.Collect$$libinit$$0000002A)
    __rt_lib_init_atexit_1                   0x0800020f   Thumb Code     0  libinit2.o(.ARM.Collect$$libinit$$00000019)
    __rt_lib_init_clock_1                    0x0800020f   Thumb Code     0  libinit2.o(.ARM.Collect$$libinit$$0000001F)
    __rt_lib_init_cpp_1                      0x0800020f   Thumb Code     0  libinit2.o(.ARM.Collect$$libinit$$00000030)
    __rt_lib_init_exceptions_1               0x0800020f   Thumb Code     0  libinit2.o(.ARM.Collect$$libinit$$0000002E)
    __rt_lib_init_fp_trap_1                  0x0800020f   Thumb Code     0  libinit2.o(.ARM.Collect$$libinit$$0000001D)
    __rt_lib_init_getenv_1                   0x0800020f   Thumb Code     0  libinit2.o(.ARM.Collect$$libinit$$00000021)
    __rt_lib_init_lc_numeric_1               0x0800020f   Thumb Code     0  libinit2.o(.ARM.Collect$$libinit$$00000015)
    __rt_lib_init_lc_time_1                  0x0800020f   Thumb Code     0  libinit2.o(.ARM.Collect$$libinit$$00000017)
    __rt_lib_init_return                     0x0800020f   Thumb Code     0  libinit2.o(.ARM.Collect$$libinit$$00000031)
    __rt_lib_init_signal_1                   0x0800020f   Thumb Code     0  libinit2.o(.ARM.Collect$$libinit$$0000001B)
    __rt_lib_init_stdio_1                    0x0800020f   Thumb Code     0  libinit2.o(.ARM.Collect$$libinit$$00000023)
    __rt_lib_shutdown                        0x08000211   Thumb Code     0  libshutdown.o(.ARM.Collect$$libshutdown$$00000000)
    __rt_lib_shutdown_fp_trap_1              0x08000213   Thumb Code     0  libshutdown2.o(.ARM.Collect$$libshutdown$$00000006)
    __rt_lib_shutdown_heap_1                 0x08000213   Thumb Code     0  libshutdown2.o(.ARM.Collect$$libshutdown$$0000000E)
    __rt_lib_shutdown_return                 0x08000213   Thumb Code     0  libshutdown2.o(.ARM.Collect$$libshutdown$$0000000F)
    __rt_lib_shutdown_signal_1               0x08000213   Thumb Code     0  libshutdown2.o(.ARM.Collect$$libshutdown$$00000009)
    __rt_lib_shutdown_stdio_1                0x08000213   Thumb Code     0  libshutdown2.o(.ARM.Collect$$libshutdown$$00000003)
    __rt_lib_shutdown_user_alloc_1           0x08000213   Thumb Code     0  libshutdown2.o(.ARM.Collect$$libshutdown$$0000000B)
    __rt_entry                               0x08000215   Thumb Code     0  rtentry.o(.ARM.Collect$$rtentry$$00000000)
    __rt_entry_presh_1                       0x08000215   Thumb Code     0  rtentry2.o(.ARM.Collect$$rtentry$$00000002)
    __rt_entry_sh                            0x08000215   Thumb Code     0  rtentry4.o(.ARM.Collect$$rtentry$$00000004)
    __rt_entry_li                            0x0800021b   Thumb Code     0  rtentry2.o(.ARM.Collect$$rtentry$$0000000A)
    __rt_entry_postsh_1                      0x0800021b   Thumb Code     0  rtentry2.o(.ARM.Collect$$rtentry$$00000009)
    __rt_entry_main                          0x0800021f   Thumb Code     0  rtentry2.o(.ARM.Collect$$rtentry$$0000000D)
    __rt_entry_postli_1                      0x0800021f   Thumb Code     0  rtentry2.o(.ARM.Collect$$rtentry$$0000000C)
    __rt_exit                                0x08000227   Thumb Code     0  rtexit.o(.ARM.Collect$$rtexit$$00000000)
    __rt_exit_ls                             0x08000229   Thumb Code     0  rtexit2.o(.ARM.Collect$$rtexit$$00000003)
    __rt_exit_prels_1                        0x08000229   Thumb Code     0  rtexit2.o(.ARM.Collect$$rtexit$$00000002)
    __rt_exit_exit                           0x0800022d   Thumb Code     0  rtexit2.o(.ARM.Collect$$rtexit$$00000004)
    Reset_Handler                            0x08000235   Thumb Code     8  startup_stm32f10x_md.o(.text)
    ADC1_2_IRQHandler                        0x0800024f   Thumb Code     0  startup_stm32f10x_md.o(.text)
    CAN1_RX1_IRQHandler                      0x0800024f   Thumb Code     0  startup_stm32f10x_md.o(.text)
    CAN1_SCE_IRQHandler                      0x0800024f   Thumb Code     0  startup_stm32f10x_md.o(.text)
    DMA1_Channel1_IRQHandler                 0x0800024f   Thumb Code     0  startup_stm32f10x_md.o(.text)
    DMA1_Channel2_IRQHandler                 0x0800024f   Thumb Code     0  startup_stm32f10x_md.o(.text)
    DMA1_Channel3_IRQHandler                 0x0800024f   Thumb Code     0  startup_stm32f10x_md.o(.text)
    DMA1_Channel4_IRQHandler                 0x0800024f   Thumb Code     0  startup_stm32f10x_md.o(.text)
    DMA1_Channel5_IRQHandler                 0x0800024f   Thumb Code     0  startup_stm32f10x_md.o(.text)
    DMA1_Channel6_IRQHandler                 0x0800024f   Thumb Code     0  startup_stm32f10x_md.o(.text)
    DMA1_Channel7_IRQHandler                 0x0800024f   Thumb Code     0  startup_stm32f10x_md.o(.text)
    EXTI0_IRQHandler                         0x0800024f   Thumb Code     0  startup_stm32f10x_md.o(.text)
    EXTI1_IRQHandler                         0x0800024f   Thumb Code     0  startup_stm32f10x_md.o(.text)
    EXTI2_IRQHandler                         0x0800024f   Thumb Code     0  startup_stm32f10x_md.o(.text)
    EXTI3_IRQHandler                         0x0800024f   Thumb Code     0  startup_stm32f10x_md.o(.text)
    EXTI4_IRQHandler                         0x0800024f   Thumb Code     0  startup_stm32f10x_md.o(.text)
    EXTI9_5_IRQHandler                       0x0800024f   Thumb Code     0  startup_stm32f10x_md.o(.text)
    FLASH_IRQHandler                         0x0800024f   Thumb Code     0  startup_stm32f10x_md.o(.text)
    I2C1_ER_IRQHandler                       0x0800024f   Thumb Code     0  startup_stm32f10x_md.o(.text)
    I2C1_EV_IRQHandler                       0x0800024f   Thumb Code     0  startup_stm32f10x_md.o(.text)
    I2C2_ER_IRQHandler                       0x0800024f   Thumb Code     0  startup_stm32f10x_md.o(.text)
    I2C2_EV_IRQHandler                       0x0800024f   Thumb Code     0  startup_stm32f10x_md.o(.text)
    PVD_IRQHandler                           0x0800024f   Thumb Code     0  startup_stm32f10x_md.o(.text)
    RCC_IRQHandler                           0x0800024f   Thumb Code     0  startup_stm32f10x_md.o(.text)
    RTCAlarm_IRQHandler                      0x0800024f   Thumb Code     0  startup_stm32f10x_md.o(.text)
    RTC_IRQHandler                           0x0800024f   Thumb Code     0  startup_stm32f10x_md.o(.text)
    SPI1_IRQHandler                          0x0800024f   Thumb Code     0  startup_stm32f10x_md.o(.text)
    SPI2_IRQHandler                          0x0800024f   Thumb Code     0  startup_stm32f10x_md.o(.text)
    TAMPER_IRQHandler                        0x0800024f   Thumb Code     0  startup_stm32f10x_md.o(.text)
    TIM1_BRK_IRQHandler                      0x0800024f   Thumb Code     0  startup_stm32f10x_md.o(.text)
    TIM1_CC_IRQHandler                       0x0800024f   Thumb Code     0  startup_stm32f10x_md.o(.text)
    TIM1_TRG_COM_IRQHandler                  0x0800024f   Thumb Code     0  startup_stm32f10x_md.o(.text)
    TIM1_UP_IRQHandler                       0x0800024f   Thumb Code     0  startup_stm32f10x_md.o(.text)
    TIM2_IRQHandler                          0x0800024f   Thumb Code     0  startup_stm32f10x_md.o(.text)
    TIM4_IRQHandler                          0x0800024f   Thumb Code     0  startup_stm32f10x_md.o(.text)
    USART1_IRQHandler                        0x0800024f   Thumb Code     0  startup_stm32f10x_md.o(.text)
    USART2_IRQHandler                        0x0800024f   Thumb Code     0  startup_stm32f10x_md.o(.text)
    USART3_IRQHandler                        0x0800024f   Thumb Code     0  startup_stm32f10x_md.o(.text)
    USBWakeUp_IRQHandler                     0x0800024f   Thumb Code     0  startup_stm32f10x_md.o(.text)
    USB_HP_CAN1_TX_IRQHandler                0x0800024f   Thumb Code     0  startup_stm32f10x_md.o(.text)
    USB_LP_CAN1_RX0_IRQHandler               0x0800024f   Thumb Code     0  startup_stm32f10x_md.o(.text)
    WWDG_IRQHandler                          0x0800024f   Thumb Code     0  startup_stm32f10x_md.o(.text)
    __user_initial_stackheap                 0x08000251   Thumb Code     0  startup_stm32f10x_md.o(.text)
    SystemInit                               0x08000275   Thumb Code    70  system_stm32f1xx.o(.text)
    SystemCoreClockUpdate                    0x080002bb   Thumb Code   142  system_stm32f1xx.o(.text)
    NMI_Handler                              0x08000369   Thumb Code     2  stm32f1xx_it.o(.text)
    HardFault_Handler                        0x0800036b   Thumb Code     4  stm32f1xx_it.o(.text)
    MemManage_Handler                        0x0800036f   Thumb Code     4  stm32f1xx_it.o(.text)
    BusFault_Handler                         0x08000373   Thumb Code     4  stm32f1xx_it.o(.text)
    UsageFault_Handler                       0x08000377   Thumb Code     4  stm32f1xx_it.o(.text)
    SVC_Handler                              0x0800037b   Thumb Code     2  stm32f1xx_it.o(.text)
    DebugMon_Handler                         0x0800037d   Thumb Code     2  stm32f1xx_it.o(.text)
    PendSV_Handler                           0x0800037f   Thumb Code     2  stm32f1xx_it.o(.text)
    SysTick_Handler                          0x08000381   Thumb Code     8  stm32f1xx_it.o(.text)
    EXTI15_10_IRQHandler                     0x08000389   Thumb Code     2  stm32f1xx_it.o(.text)
    TIM3_IRQHandler                          0x0800038b   Thumb Code    10  stm32f1xx_it.o(.text)
    HAL_MspInit                              0x08000399   Thumb Code     2  stm32f1xx_hal.o(.text)
    HAL_InitTick                             0x0800039b   Thumb Code    36  stm32f1xx_hal.o(.text)
    HAL_Init                                 0x080003bf   Thumb Code    34  stm32f1xx_hal.o(.text)
    HAL_MspDeInit                            0x080003e1   Thumb Code     2  stm32f1xx_hal.o(.text)
    HAL_DeInit                               0x080003e3   Thumb Code    30  stm32f1xx_hal.o(.text)
    HAL_IncTick                              0x08000401   Thumb Code    12  stm32f1xx_hal.o(.text)
    HAL_GetTick                              0x0800040d   Thumb Code     6  stm32f1xx_hal.o(.text)
    HAL_Delay                                0x08000413   Thumb Code    26  stm32f1xx_hal.o(.text)
    HAL_SuspendTick                          0x0800042d   Thumb Code    18  stm32f1xx_hal.o(.text)
    HAL_ResumeTick                           0x0800043f   Thumb Code    18  stm32f1xx_hal.o(.text)
    HAL_GetHalVersion                        0x08000451   Thumb Code     6  stm32f1xx_hal.o(.text)
    HAL_GetREVID                             0x08000457   Thumb Code    18  stm32f1xx_hal.o(.text)
    HAL_GetDEVID                             0x08000469   Thumb Code    10  stm32f1xx_hal.o(.text)
    HAL_DBGMCU_EnableDBGSleepMode            0x08000473   Thumb Code    14  stm32f1xx_hal.o(.text)
    HAL_DBGMCU_DisableDBGSleepMode           0x08000481   Thumb Code    14  stm32f1xx_hal.o(.text)
    HAL_DBGMCU_EnableDBGStopMode             0x0800048f   Thumb Code    14  stm32f1xx_hal.o(.text)
    HAL_DBGMCU_DisableDBGStopMode            0x0800049d   Thumb Code    14  stm32f1xx_hal.o(.text)
    HAL_DBGMCU_EnableDBGStandbyMode          0x080004ab   Thumb Code    14  stm32f1xx_hal.o(.text)
    HAL_DBGMCU_DisableDBGStandbyMode         0x080004b9   Thumb Code    14  stm32f1xx_hal.o(.text)
    HAL_NVIC_SetPriorityGrouping             0x080004fd   Thumb Code    36  stm32f1xx_hal_cortex.o(.text)
    HAL_NVIC_SetPriority                     0x08000521   Thumb Code   124  stm32f1xx_hal_cortex.o(.text)
    HAL_NVIC_EnableIRQ                       0x0800059d   Thumb Code    28  stm32f1xx_hal_cortex.o(.text)
    HAL_NVIC_DisableIRQ                      0x080005b9   Thumb Code    22  stm32f1xx_hal_cortex.o(.text)
    HAL_NVIC_SystemReset                     0x080005cf   Thumb Code    38  stm32f1xx_hal_cortex.o(.text)
    HAL_SYSTICK_Config                       0x080005f5   Thumb Code    52  stm32f1xx_hal_cortex.o(.text)
    HAL_NVIC_GetPriorityGrouping             0x08000629   Thumb Code     8  stm32f1xx_hal_cortex.o(.text)
    HAL_NVIC_GetPriority                     0x08000631   Thumb Code   138  stm32f1xx_hal_cortex.o(.text)
    HAL_NVIC_SetPendingIRQ                   0x080006bb   Thumb Code    24  stm32f1xx_hal_cortex.o(.text)
    HAL_NVIC_GetPendingIRQ                   0x080006d3   Thumb Code    38  stm32f1xx_hal_cortex.o(.text)
    HAL_NVIC_ClearPendingIRQ                 0x080006f9   Thumb Code    22  stm32f1xx_hal_cortex.o(.text)
    HAL_NVIC_GetActive                       0x0800070f   Thumb Code    38  stm32f1xx_hal_cortex.o(.text)
    HAL_SYSTICK_CLKSourceConfig              0x08000735   Thumb Code    40  stm32f1xx_hal_cortex.o(.text)
    HAL_SYSTICK_Callback                     0x0800075d   Thumb Code     2  stm32f1xx_hal_cortex.o(.text)
    HAL_SYSTICK_IRQHandler                   0x0800075f   Thumb Code     8  stm32f1xx_hal_cortex.o(.text)
    HAL_GPIO_Init                            0x08000789   Thumb Code   760  stm32f1xx_hal_gpio.o(.text)
    HAL_GPIO_DeInit                          0x08000a81   Thumb Code   286  stm32f1xx_hal_gpio.o(.text)
    HAL_GPIO_ReadPin                         0x08000b9f   Thumb Code    16  stm32f1xx_hal_gpio.o(.text)
    HAL_GPIO_WritePin                        0x08000baf   Thumb Code    12  stm32f1xx_hal_gpio.o(.text)
    HAL_GPIO_TogglePin                       0x08000bbb   Thumb Code     8  stm32f1xx_hal_gpio.o(.text)
    HAL_GPIO_LockPin                         0x08000bc3   Thumb Code    32  stm32f1xx_hal_gpio.o(.text)
    HAL_GPIO_EXTI_Callback                   0x08000be3   Thumb Code     2  stm32f1xx_hal_gpio.o(.text)
    HAL_GPIO_EXTI_IRQHandler                 0x08000be5   Thumb Code    28  stm32f1xx_hal_gpio.o(.text)
    HAL_RCC_DeInit                           0x08000c21   Thumb Code    72  stm32f1xx_hal_rcc.o(.text)
    HAL_RCC_OscConfig                        0x08000c69   Thumb Code  2408  stm32f1xx_hal_rcc.o(.text)
    HAL_RCC_MCOConfig                        0x080017db   Thumb Code    74  stm32f1xx_hal_rcc.o(.text)
    HAL_RCC_EnableCSS                        0x08001825   Thumb Code    32  stm32f1xx_hal_rcc.o(.text)
    HAL_RCC_DisableCSS                       0x08001845   Thumb Code    22  stm32f1xx_hal_rcc.o(.text)
    HAL_RCC_GetSysClockFreq                  0x0800185b   Thumb Code   146  stm32f1xx_hal_rcc.o(.text)
    HAL_RCC_GetHCLKFreq                      0x080018ed   Thumb Code    42  stm32f1xx_hal_rcc.o(.text)
    HAL_RCC_GetPCLK1Freq                     0x08001917   Thumb Code    36  stm32f1xx_hal_rcc.o(.text)
    HAL_RCC_GetPCLK2Freq                     0x0800193b   Thumb Code    36  stm32f1xx_hal_rcc.o(.text)
    HAL_RCC_GetOscConfig                     0x0800195f   Thumb Code   204  stm32f1xx_hal_rcc.o(.text)
    HAL_RCC_CSSCallback                      0x08001a5f   Thumb Code     2  stm32f1xx_hal_rcc.o(.text)
    HAL_RCC_NMI_IRQHandler                   0x08001a61   Thumb Code    26  stm32f1xx_hal_rcc.o(.text)
    HAL_RCC_ClockConfig                      0x08001aa9   Thumb Code  1060  stm32f1xx_hal_rcc_ex.o(.text)
    HAL_RCC_GetClockConfig                   0x08001ecd   Thumb Code    58  stm32f1xx_hal_rcc_ex.o(.text)
    HAL_RCCEx_PeriphCLKConfig                0x08001f07   Thumb Code   346  stm32f1xx_hal_rcc_ex.o(.text)
    HAL_RCCEx_GetPeriphCLKConfig             0x08002061   Thumb Code    54  stm32f1xx_hal_rcc_ex.o(.text)
    HAL_RCCEx_GetPeriphCLKFreq               0x08002097   Thumb Code   296  stm32f1xx_hal_rcc_ex.o(.text)
    TIM_Base_SetConfig                       0x080021ed   Thumb Code    94  stm32f1xx_hal_tim.o(.text)
    HAL_TIM_Base_Init                        0x0800224d   Thumb Code    52  stm32f1xx_hal_tim.o(.text)
    HAL_TIM_Base_MspDeInit                   0x08002281   Thumb Code     2  stm32f1xx_hal_tim.o(.text)
    HAL_TIM_Base_DeInit                      0x08002283   Thumb Code    70  stm32f1xx_hal_tim.o(.text)
    HAL_TIM_Base_Start                       0x080022c9   Thumb Code    30  stm32f1xx_hal_tim.o(.text)
    HAL_TIM_Base_Stop                        0x080022e7   Thumb Code    56  stm32f1xx_hal_tim.o(.text)
    HAL_TIM_Base_Start_IT                    0x0800231f   Thumb Code    30  stm32f1xx_hal_tim.o(.text)
    HAL_TIM_Base_Stop_IT                     0x0800233d   Thumb Code    56  stm32f1xx_hal_tim.o(.text)
    HAL_TIM_ErrorCallback                    0x08002375   Thumb Code     2  stm32f1xx_hal_tim.o(.text)
    TIM_DMAError                             0x08002377   Thumb Code    20  stm32f1xx_hal_tim.o(.text)
    HAL_TIM_Base_Start_DMA                   0x080023a1   Thumb Code    98  stm32f1xx_hal_tim.o(.text)
    HAL_TIM_Base_Stop_DMA                    0x08002403   Thumb Code    62  stm32f1xx_hal_tim.o(.text)
    HAL_TIM_OC_MspInit                       0x08002441   Thumb Code     2  stm32f1xx_hal_tim.o(.text)
    HAL_TIM_OC_Init                          0x08002443   Thumb Code    52  stm32f1xx_hal_tim.o(.text)
    HAL_TIM_OC_MspDeInit                     0x08002477   Thumb Code     2  stm32f1xx_hal_tim.o(.text)
    HAL_TIM_OC_DeInit                        0x08002479   Thumb Code    70  stm32f1xx_hal_tim.o(.text)
    TIM_CCxChannelCmd                        0x080024bf   Thumb Code    28  stm32f1xx_hal_tim.o(.text)
    HAL_TIM_OC_Start                         0x080024db   Thumb Code    60  stm32f1xx_hal_tim.o(.text)
    HAL_TIM_OC_Stop                          0x08002517   Thumb Code   112  stm32f1xx_hal_tim.o(.text)
    HAL_TIM_OC_Start_IT                      0x08002587   Thumb Code   152  stm32f1xx_hal_tim.o(.text)
    HAL_TIM_OC_Stop_IT                       0x0800261f   Thumb Code   188  stm32f1xx_hal_tim.o(.text)
    HAL_TIM_PWM_PulseFinishedCallback        0x080026db   Thumb Code     2  stm32f1xx_hal_tim.o(.text)
    TIM_DMADelayPulseCplt                    0x080026dd   Thumb Code    70  stm32f1xx_hal_tim.o(.text)
    HAL_TIM_OC_Start_DMA                     0x08002723   Thumb Code   304  stm32f1xx_hal_tim.o(.text)
    HAL_TIM_OC_Stop_DMA                      0x08002853   Thumb Code   194  stm32f1xx_hal_tim.o(.text)
    HAL_TIM_PWM_MspInit                      0x08002915   Thumb Code     2  stm32f1xx_hal_tim.o(.text)
    HAL_TIM_PWM_Init                         0x08002917   Thumb Code    52  stm32f1xx_hal_tim.o(.text)
    HAL_TIM_PWM_MspDeInit                    0x0800294b   Thumb Code     2  stm32f1xx_hal_tim.o(.text)
    HAL_TIM_PWM_DeInit                       0x0800294d   Thumb Code    70  stm32f1xx_hal_tim.o(.text)
    HAL_TIM_PWM_Start                        0x08002993   Thumb Code    66  stm32f1xx_hal_tim.o(.text)
    HAL_TIM_PWM_Stop                         0x080029d5   Thumb Code   118  stm32f1xx_hal_tim.o(.text)
    HAL_TIM_PWM_Start_IT                     0x08002a4b   Thumb Code   136  stm32f1xx_hal_tim.o(.text)
    HAL_TIM_PWM_Stop_IT                      0x08002ad3   Thumb Code   188  stm32f1xx_hal_tim.o(.text)
    HAL_TIM_PWM_Start_DMA                    0x08002b8f   Thumb Code   304  stm32f1xx_hal_tim.o(.text)
    HAL_TIM_PWM_Stop_DMA                     0x08002cbf   Thumb Code   194  stm32f1xx_hal_tim.o(.text)
    HAL_TIM_IC_MspInit                       0x08002d81   Thumb Code     2  stm32f1xx_hal_tim.o(.text)
    HAL_TIM_IC_Init                          0x08002d83   Thumb Code    52  stm32f1xx_hal_tim.o(.text)
    HAL_TIM_IC_MspDeInit                     0x08002db7   Thumb Code     2  stm32f1xx_hal_tim.o(.text)
    HAL_TIM_IC_DeInit                        0x08002db9   Thumb Code    76  stm32f1xx_hal_tim.o(.text)
    HAL_TIM_IC_Start                         0x08002e05   Thumb Code    32  stm32f1xx_hal_tim.o(.text)
    HAL_TIM_IC_Stop                          0x08002e25   Thumb Code    58  stm32f1xx_hal_tim.o(.text)
    HAL_TIM_IC_Start_IT                      0x08002e5f   Thumb Code   108  stm32f1xx_hal_tim.o(.text)
    HAL_TIM_IC_Stop_IT                       0x08002ecb   Thumb Code   134  stm32f1xx_hal_tim.o(.text)
    HAL_TIM_IC_CaptureCallback               0x08002f51   Thumb Code     2  stm32f1xx_hal_tim.o(.text)
    TIM_DMACaptureCplt                       0x08002f53   Thumb Code    70  stm32f1xx_hal_tim.o(.text)
    HAL_TIM_IC_Start_DMA                     0x08002f99   Thumb Code   276  stm32f1xx_hal_tim.o(.text)
    HAL_TIM_IC_Stop_DMA                      0x080030ad   Thumb Code   140  stm32f1xx_hal_tim.o(.text)
    HAL_TIM_OnePulse_MspInit                 0x08003139   Thumb Code     2  stm32f1xx_hal_tim.o(.text)
    HAL_TIM_OnePulse_Init                    0x0800313b   Thumb Code    76  stm32f1xx_hal_tim.o(.text)
    HAL_TIM_OnePulse_MspDeInit               0x08003187   Thumb Code     2  stm32f1xx_hal_tim.o(.text)
    HAL_TIM_OnePulse_DeInit                  0x08003189   Thumb Code    70  stm32f1xx_hal_tim.o(.text)
    HAL_TIM_OnePulse_Start                   0x080031cf   Thumb Code    58  stm32f1xx_hal_tim.o(.text)
    HAL_TIM_OnePulse_Stop                    0x08003209   Thumb Code   122  stm32f1xx_hal_tim.o(.text)
    HAL_TIM_OnePulse_Start_IT                0x08003283   Thumb Code    82  stm32f1xx_hal_tim.o(.text)
    HAL_TIM_OnePulse_Stop_IT                 0x080032d5   Thumb Code   146  stm32f1xx_hal_tim.o(.text)
    HAL_TIM_Encoder_MspInit                  0x08003367   Thumb Code     2  stm32f1xx_hal_tim.o(.text)
    HAL_TIM_Encoder_Init                     0x08003369   Thumb Code   180  stm32f1xx_hal_tim.o(.text)
    HAL_TIM_Encoder_MspDeInit                0x0800341d   Thumb Code     2  stm32f1xx_hal_tim.o(.text)
    HAL_TIM_Encoder_DeInit                   0x0800341f   Thumb Code    70  stm32f1xx_hal_tim.o(.text)
    HAL_TIM_Encoder_Start                    0x08003465   Thumb Code    78  stm32f1xx_hal_tim.o(.text)
    HAL_TIM_Encoder_Stop                     0x080034b3   Thumb Code   104  stm32f1xx_hal_tim.o(.text)
    HAL_TIM_Encoder_Start_IT                 0x0800351b   Thumb Code   126  stm32f1xx_hal_tim.o(.text)
    HAL_TIM_Encoder_Stop_IT                  0x08003599   Thumb Code   156  stm32f1xx_hal_tim.o(.text)
    HAL_TIM_Encoder_Start_DMA                0x08003635   Thumb Code   328  stm32f1xx_hal_tim.o(.text)
    HAL_TIM_Encoder_Stop_DMA                 0x0800377d   Thumb Code   152  stm32f1xx_hal_tim.o(.text)
    HAL_TIM_TriggerCallback                  0x08003815   Thumb Code     2  stm32f1xx_hal_tim.o(.text)
    HAL_TIM_OC_DelayElapsedCallback          0x08003817   Thumb Code     2  stm32f1xx_hal_tim.o(.text)
    HAL_TIM_IRQHandler                       0x08003819   Thumb Code   406  stm32f1xx_hal_tim.o(.text)
    TIM_OC2_SetConfig                        0x08003a69   Thumb Code   106  stm32f1xx_hal_tim.o(.text)
    HAL_TIM_OC_ConfigChannel                 0x08003b33   Thumb Code   116  stm32f1xx_hal_tim.o(.text)
    TIM_TI1_SetConfig                        0x08003c61   Thumb Code    94  stm32f1xx_hal_tim.o(.text)
    HAL_TIM_IC_ConfigChannel                 0x08003cbf   Thumb Code   224  stm32f1xx_hal_tim.o(.text)
    HAL_TIM_PWM_ConfigChannel                0x08003d9f   Thumb Code   278  stm32f1xx_hal_tim.o(.text)
    HAL_TIM_OnePulse_ConfigChannel           0x08003eb5   Thumb Code   286  stm32f1xx_hal_tim.o(.text)
    HAL_TIM_DMABurst_WriteStart              0x08003fe7   Thumb Code   366  stm32f1xx_hal_tim.o(.text)
    HAL_TIM_DMABurst_WriteStop               0x08004155   Thumb Code   128  stm32f1xx_hal_tim.o(.text)
    HAL_TIM_DMABurst_ReadStart               0x080041d5   Thumb Code   366  stm32f1xx_hal_tim.o(.text)
    HAL_TIM_DMABurst_ReadStop                0x08004343   Thumb Code   128  stm32f1xx_hal_tim.o(.text)
    HAL_TIM_GenerateEvent                    0x080043c3   Thumb Code    54  stm32f1xx_hal_tim.o(.text)
    HAL_TIM_ConfigOCrefClear                 0x08004411   Thumb Code   288  stm32f1xx_hal_tim.o(.text)
    HAL_TIM_ConfigClockSource                0x0800459b   Thumb Code   306  stm32f1xx_hal_tim.o(.text)
    HAL_TIM_ConfigTI1Input                   0x080046cd   Thumb Code    24  stm32f1xx_hal_tim.o(.text)
    HAL_TIM_SlaveConfigSynchronization       0x08004787   Thumb Code    86  stm32f1xx_hal_tim.o(.text)
    HAL_TIM_SlaveConfigSynchronization_IT    0x080047dd   Thumb Code    86  stm32f1xx_hal_tim.o(.text)
    HAL_TIM_ReadCapturedValue                0x08004833   Thumb Code    84  stm32f1xx_hal_tim.o(.text)
    HAL_TIM_Base_GetState                    0x08004887   Thumb Code     8  stm32f1xx_hal_tim.o(.text)
    HAL_TIM_OC_GetState                      0x0800488f   Thumb Code     8  stm32f1xx_hal_tim.o(.text)
    HAL_TIM_PWM_GetState                     0x08004897   Thumb Code     8  stm32f1xx_hal_tim.o(.text)
    HAL_TIM_IC_GetState                      0x0800489f   Thumb Code     8  stm32f1xx_hal_tim.o(.text)
    HAL_TIM_OnePulse_GetState                0x080048a7   Thumb Code     8  stm32f1xx_hal_tim.o(.text)
    HAL_TIM_Encoder_GetState                 0x080048af   Thumb Code     8  stm32f1xx_hal_tim.o(.text)
    HAL_TIMEx_HallSensor_MspInit             0x080048b9   Thumb Code     2  stm32f1xx_hal_tim_ex.o(.text)
    HAL_TIMEx_HallSensor_Init                0x080048bb   Thumb Code   208  stm32f1xx_hal_tim_ex.o(.text)
    HAL_TIMEx_HallSensor_MspDeInit           0x0800498b   Thumb Code     2  stm32f1xx_hal_tim_ex.o(.text)
    HAL_TIMEx_HallSensor_DeInit              0x0800498d   Thumb Code    70  stm32f1xx_hal_tim_ex.o(.text)
    HAL_TIMEx_HallSensor_Start               0x080049d3   Thumb Code    30  stm32f1xx_hal_tim_ex.o(.text)
    HAL_TIMEx_HallSensor_Stop                0x080049f1   Thumb Code    56  stm32f1xx_hal_tim_ex.o(.text)
    HAL_TIMEx_HallSensor_Start_IT            0x08004a29   Thumb Code    42  stm32f1xx_hal_tim_ex.o(.text)
    HAL_TIMEx_HallSensor_Stop_IT             0x08004a53   Thumb Code    68  stm32f1xx_hal_tim_ex.o(.text)
    HAL_TIMEx_HallSensor_Start_DMA           0x08004a97   Thumb Code   106  stm32f1xx_hal_tim_ex.o(.text)
    HAL_TIMEx_HallSensor_Stop_DMA            0x08004b01   Thumb Code    68  stm32f1xx_hal_tim_ex.o(.text)
    HAL_TIMEx_OCN_Start                      0x08004b61   Thumb Code    44  stm32f1xx_hal_tim_ex.o(.text)
    HAL_TIMEx_OCN_Stop                       0x08004b8d   Thumb Code    96  stm32f1xx_hal_tim_ex.o(.text)
    HAL_TIMEx_OCN_Start_IT                   0x08004bed   Thumb Code   132  stm32f1xx_hal_tim_ex.o(.text)
    HAL_TIMEx_OCN_Stop_IT                    0x08004c71   Thumb Code   198  stm32f1xx_hal_tim_ex.o(.text)
    HAL_TIMEx_OCN_Start_DMA                  0x08004d37   Thumb Code   272  stm32f1xx_hal_tim_ex.o(.text)
    HAL_TIMEx_OCN_Stop_DMA                   0x08004e47   Thumb Code   192  stm32f1xx_hal_tim_ex.o(.text)
    HAL_TIMEx_PWMN_Start                     0x08004f07   Thumb Code    44  stm32f1xx_hal_tim_ex.o(.text)
    HAL_TIMEx_PWMN_Stop                      0x08004f33   Thumb Code    96  stm32f1xx_hal_tim_ex.o(.text)
    HAL_TIMEx_PWMN_Start_IT                  0x08004f93   Thumb Code   132  stm32f1xx_hal_tim_ex.o(.text)
    HAL_TIMEx_PWMN_Stop_IT                   0x08005017   Thumb Code   198  stm32f1xx_hal_tim_ex.o(.text)
    HAL_TIMEx_PWMN_Start_DMA                 0x080050dd   Thumb Code   272  stm32f1xx_hal_tim_ex.o(.text)
    HAL_TIMEx_PWMN_Stop_DMA                  0x080051ed   Thumb Code   178  stm32f1xx_hal_tim_ex.o(.text)
    HAL_TIMEx_OnePulseN_Start                0x0800529f   Thumb Code    32  stm32f1xx_hal_tim_ex.o(.text)
    HAL_TIMEx_OnePulseN_Stop                 0x080052bf   Thumb Code    96  stm32f1xx_hal_tim_ex.o(.text)
    HAL_TIMEx_OnePulseN_Start_IT             0x0800531f   Thumb Code    56  stm32f1xx_hal_tim_ex.o(.text)
    HAL_TIMEx_OnePulseN_Stop_IT              0x08005357   Thumb Code   120  stm32f1xx_hal_tim_ex.o(.text)
    HAL_TIMEx_ConfigCommutationEvent         0x080053cf   Thumb Code   110  stm32f1xx_hal_tim_ex.o(.text)
    HAL_TIMEx_ConfigCommutationEvent_IT      0x0800543d   Thumb Code   122  stm32f1xx_hal_tim_ex.o(.text)
    HAL_TIMEx_CommutationCallback            0x080054b7   Thumb Code     2  stm32f1xx_hal_tim_ex.o(.text)
    TIMEx_DMACommutationCplt                 0x080054b9   Thumb Code    20  stm32f1xx_hal_tim_ex.o(.text)
    HAL_TIMEx_ConfigCommutationEvent_DMA     0x080054cd   Thumb Code   146  stm32f1xx_hal_tim_ex.o(.text)
    HAL_TIMEx_ConfigBreakDeadTime            0x0800555f   Thumb Code    80  stm32f1xx_hal_tim_ex.o(.text)
    HAL_TIMEx_MasterConfigSynchronization    0x080055af   Thumb Code    98  stm32f1xx_hal_tim_ex.o(.text)
    HAL_TIMEx_BreakCallback                  0x08005611   Thumb Code     2  stm32f1xx_hal_tim_ex.o(.text)
    HAL_TIMEx_HallSensor_GetState            0x08005613   Thumb Code     8  stm32f1xx_hal_tim_ex.o(.text)
    HAL_DMA_Init                             0x08005621   Thumb Code    84  stm32f1xx_hal_dma.o(.text)
    HAL_DMA_DeInit                           0x08005675   Thumb Code   364  stm32f1xx_hal_dma.o(.text)
    HAL_DMA_Start                            0x08005801   Thumb Code    82  stm32f1xx_hal_dma.o(.text)
    HAL_DMA_Start_IT                         0x08005853   Thumb Code   118  stm32f1xx_hal_dma.o(.text)
    HAL_DMA_Abort                            0x080058c9   Thumb Code    96  stm32f1xx_hal_dma.o(.text)
    HAL_DMA_PollForTransfer                  0x08005929   Thumb Code   736  stm32f1xx_hal_dma.o(.text)
    HAL_DMA_IRQHandler                       0x08005c09   Thumb Code   784  stm32f1xx_hal_dma.o(.text)
    HAL_DMA_GetState                         0x08005f19   Thumb Code     8  stm32f1xx_hal_dma.o(.text)
    HAL_DMA_GetError                         0x08005f21   Thumb Code     6  stm32f1xx_hal_dma.o(.text)
    ADC_ConversionStop_Disable               0x08005f2d   Thumb Code    78  stm32f1xx_hal_adc.o(.text)
    HAL_ADC_Init                             0x08005f7d   Thumb Code   272  stm32f1xx_hal_adc.o(.text)
    HAL_ADC_DeInit                           0x0800608f   Thumb Code   262  stm32f1xx_hal_adc.o(.text)
    ADC_Enable                               0x08006195   Thumb Code   108  stm32f1xx_hal_adc.o(.text)
    HAL_ADC_Start                            0x08006201   Thumb Code   172  stm32f1xx_hal_adc.o(.text)
    HAL_ADC_Stop                             0x080062ad   Thumb Code    60  stm32f1xx_hal_adc.o(.text)
    HAL_ADC_PollForConversion                0x080062e9   Thumb Code   346  stm32f1xx_hal_adc.o(.text)
    HAL_ADC_PollForEvent                     0x08006443   Thumb Code   100  stm32f1xx_hal_adc.o(.text)
    HAL_ADC_Start_IT                         0x080064a7   Thumb Code   184  stm32f1xx_hal_adc.o(.text)
    HAL_ADC_Stop_IT                          0x0800655f   Thumb Code    72  stm32f1xx_hal_adc.o(.text)
    ADC_DMAError                             0x080065a9   Thumb Code    28  stm32f1xx_hal_adc.o(.text)
    ADC_DMAHalfConvCplt                      0x080065c7   Thumb Code    14  stm32f1xx_hal_adc.o(.text)
    ADC_DMAConvCplt                          0x080065d7   Thumb Code    62  stm32f1xx_hal_adc.o(.text)
    HAL_ADC_Start_DMA                        0x08006615   Thumb Code   238  stm32f1xx_hal_adc.o(.text)
    HAL_ADC_Stop_DMA                         0x08006703   Thumb Code    92  stm32f1xx_hal_adc.o(.text)
    HAL_ADC_GetValue                         0x0800675f   Thumb Code     8  stm32f1xx_hal_adc.o(.text)
    HAL_ADC_IRQHandler                       0x08006769   Thumb Code   296  stm32f1xx_hal_adc.o(.text)
    HAL_ADC_ConfigChannel                    0x08006891   Thumb Code   436  stm32f1xx_hal_adc.o(.text)
    HAL_ADC_AnalogWDGConfig                  0x08006a45   Thumb Code   130  stm32f1xx_hal_adc.o(.text)
    HAL_ADC_GetState                         0x08006ac7   Thumb Code     8  stm32f1xx_hal_adc.o(.text)
    HAL_ADC_GetError                         0x08006acf   Thumb Code     6  stm32f1xx_hal_adc.o(.text)
    HAL_ADCEx_Calibration_Start              0x08006af1   Thumb Code   210  stm32f1xx_hal_adc_ex.o(.text)
    HAL_ADCEx_InjectedStart                  0x08006bc3   Thumb Code   182  stm32f1xx_hal_adc_ex.o(.text)
    HAL_ADCEx_InjectedStop                   0x08006c79   Thumb Code    96  stm32f1xx_hal_adc_ex.o(.text)
    HAL_ADCEx_InjectedPollForConversion      0x08006cd9   Thumb Code   288  stm32f1xx_hal_adc_ex.o(.text)
    HAL_ADCEx_InjectedStart_IT               0x08006df9   Thumb Code   194  stm32f1xx_hal_adc_ex.o(.text)
    HAL_ADCEx_InjectedStop_IT                0x08006ebb   Thumb Code   132  stm32f1xx_hal_adc_ex.o(.text)
    HAL_ADCEx_MultiModeStart_DMA             0x08006f3f   Thumb Code   250  stm32f1xx_hal_adc_ex.o(.text)
    HAL_ADCEx_MultiModeStop_DMA              0x08007039   Thumb Code   166  stm32f1xx_hal_adc_ex.o(.text)
    HAL_ADCEx_InjectedGetValue               0x080070df   Thumb Code    64  stm32f1xx_hal_adc_ex.o(.text)
    HAL_ADCEx_MultiModeGetValue              0x0800711f   Thumb Code    30  stm32f1xx_hal_adc_ex.o(.text)
    HAL_ADCEx_InjectedConvCpltCallback       0x0800713d   Thumb Code     2  stm32f1xx_hal_adc_ex.o(.text)
    HAL_ADCEx_InjectedConfigChannel          0x0800713f   Thumb Code   682  stm32f1xx_hal_adc_ex.o(.text)
    HAL_ADCEx_MultiModeConfigChannel         0x080073e9   Thumb Code   104  stm32f1xx_hal_adc_ex.o(.text)
    SystemClock_Config                       0x08007461   Thumb Code   106  main.o(.text)
    main                                     0x080074cb   Thumb Code   324  main.o(.text)
    delay                                    0x08007639   Thumb Code    12  stm32f1xx_lcd.o(.text)
    LCD_PORT_Value                           0x08007645   Thumb Code    24  stm32f1xx_lcd.o(.text)
    LCD_Delay                                0x0800765d   Thumb Code    12  stm32f1xx_lcd.o(.text)
    Toggle_LCD_RW                            0x08007669   Thumb Code    46  stm32f1xx_lcd.o(.text)
    LCD_IO_WriteMultipleData                 0x08007697   Thumb Code   136  stm32f1xx_lcd.o(.text)
    LCD_IO_WriteReg                          0x0800771f   Thumb Code    60  stm32f1xx_lcd.o(.text)
    LCD_WriteRegister16                      0x0800775b   Thumb Code    20  stm32f1xx_lcd.o(.text)
    LCD_Reset                                0x0800776f   Thumb Code   112  stm32f1xx_lcd.o(.text)
    LCD_IO_Init                              0x080077df   Thumb Code   296  stm32f1xx_lcd.o(.text)
    st7783_Init                              0x08007907   Thumb Code   706  stm32f1xx_lcd.o(.text)
    LCD_IO_WriteData                         0x08007bc9   Thumb Code    58  stm32f1xx_lcd.o(.text)
    LCD_Flood1                               0x08007c03   Thumb Code    76  stm32f1xx_lcd.o(.text)
    Display_Clear                            0x08007c4f   Thumb Code    60  stm32f1xx_lcd.o(.text)
    Display_Reset                            0x08007c8b   Thumb Code   102  stm32f1xx_lcd.o(.text)
    LCD_SetRotation                          0x08007cf1   Thumb Code    68  stm32f1xx_lcd.o(.text)
    LCD_SetAddrWindow                        0x08007d35   Thumb Code   188  stm32f1xx_lcd.o(.text)
    LCD_Color565                             0x08007df1   Thumb Code    24  stm32f1xx_lcd.o(.text)
    LCD_DrawPixel                            0x08007e09   Thumb Code   154  stm32f1xx_lcd.o(.text)
    LCD_DrawLine                             0x08007ea3   Thumb Code   286  stm32f1xx_lcd.o(.text)
    LCD_Flood                                0x08007fc1   Thumb Code   272  stm32f1xx_lcd.o(.text)
    LCD_DrawFastHLine                        0x080080d1   Thumb Code   136  stm32f1xx_lcd.o(.text)
    LCD_DrawFastVLine                        0x08008159   Thumb Code    36  stm32f1xx_lcd.o(.text)
    LCD_DrawRect                             0x0800817d   Thumb Code    76  stm32f1xx_lcd.o(.text)
    LCD_DrawCircleHelper                     0x080081c9   Thumb Code   230  stm32f1xx_lcd.o(.text)
    LCD_DrawRoundRect                        0x080082af   Thumb Code   210  stm32f1xx_lcd.o(.text)
    LCD_DrawCircle                           0x08008381   Thumb Code   274  stm32f1xx_lcd.o(.text)
    LCD_FillRect                             0x08008493   Thumb Code   202  stm32f1xx_lcd.o(.text)
    LCD_DrawChar                             0x0800855d   Thumb Code   234  stm32f1xx_lcd.o(.text)
    LCD_DrawChar10                           0x08008647   Thumb Code   290  stm32f1xx_lcd.o(.text)
    LCD_DrawChar20                           0x08008769   Thumb Code   404  stm32f1xx_lcd.o(.text)
    LCD_DrawChar36                           0x080088fd   Thumb Code   372  stm32f1xx_lcd.o(.text)
    LCD_FillCircleHelper                     0x08008a71   Thumb Code   198  stm32f1xx_lcd.o(.text)
    LCD_FillCircle                           0x08008b37   Thumb Code    52  stm32f1xx_lcd.o(.text)
    LCD_FillRoundRect                        0x08008b6b   Thumb Code   108  stm32f1xx_lcd.o(.text)
    LCD_FillScreen                           0x08008bd7   Thumb Code    90  stm32f1xx_lcd.o(.text)
    LCD_Printf                               0x08008c31   Thumb Code   240  stm32f1xx_lcd.o(.text)
    LCD_Printf10                             0x08008d21   Thumb Code   192  stm32f1xx_lcd.o(.text)
    LCD_Printf20                             0x08008de1   Thumb Code   178  stm32f1xx_lcd.o(.text)
    LCD_Printf36                             0x08008e93   Thumb Code   206  stm32f1xx_lcd.o(.text)
    LCD_SetCursor                            0x08008f61   Thumb Code    14  stm32f1xx_lcd.o(.text)
    LCD_SetTextSize                          0x08008f6f   Thumb Code    16  stm32f1xx_lcd.o(.text)
    LCD_SetTextColor                         0x08008f7f   Thumb Code    10  stm32f1xx_lcd.o(.text)
    LCD_SetTextWrap                          0x08008f89   Thumb Code     6  stm32f1xx_lcd.o(.text)
    Print_Text_On                            0x08008f8f   Thumb Code    22  stm32f1xx_lcd.o(.text)
    Button_Init                              0x08008fc9   Thumb Code   110  switches.o(.text)
    Button_GetState                          0x08009037   Thumb Code    14  switches.o(.text)
    Read_START_Button                        0x08009045   Thumb Code    10  switches.o(.text)
    Read_STOP_Button                         0x0800904f   Thumb Code    10  switches.o(.text)
    Read_OK_Button                           0x08009059   Thumb Code    10  switches.o(.text)
    Read_UP_Button                           0x08009063   Thumb Code    10  switches.o(.text)
    Read_DOWN_Button                         0x0800906d   Thumb Code    10  switches.o(.text)
    IR_SENSOR_Init                           0x08009077   Thumb Code    76  switches.o(.text)
    IR_SENSOR_GetState                       0x080090c3   Thumb Code    14  switches.o(.text)
    Read_PISTON_SENSOR                       0x080090d1   Thumb Code    12  switches.o(.text)
    Read_STOP_SENSOR                         0x080090dd   Thumb Code    12  switches.o(.text)
    PrintDecimal                             0x080090f5   Thumb Code   140  syringepump.o(.text)
    PrintRate                                0x08009181   Thumb Code    34  syringepump.o(.text)
    PumpRate                                 0x080091a3   Thumb Code   174  syringepump.o(.text)
    Initial_Screen                           0x08009251   Thumb Code   234  syringepump.o(.text)
    Print_Syringe_Size                       0x0800933b   Thumb Code    46  syringepump.o(.text)
    Motor_Speed                              0x08009369   Thumb Code    24  syringepump.o(.text)
    Syringe_Image                            0x08009381   Thumb Code   260  syringepump.o(.text)
    Lock_Image                               0x08009485   Thumb Code   386  syringepump.o(.text)
    Alarm_Syringe_Misplacement               0x08009607   Thumb Code    62  syringepump.o(.text)
    Running_Screen                           0x08009645   Thumb Code   190  syringepump.o(.text)
    Finishing_Screen                         0x08009703   Thumb Code   114  syringepump.o(.text)
    Piston_Lock_Image                        0x08009775   Thumb Code   108  syringepump.o(.text)
    Alarm_Piston_Lock                        0x080097e1   Thumb Code   604  syringepump.o(.text)
    TIM4_Init                                0x08009a3d   Thumb Code    46  stm32f1xx_pwm.o(.text)
    PWM_ON                                   0x08009a6b   Thumb Code    14  stm32f1xx_pwm.o(.text)
    PWM_OFF                                  0x08009a79   Thumb Code    14  stm32f1xx_pwm.o(.text)
    PWM_Freq                                 0x08009a87   Thumb Code    54  stm32f1xx_pwm.o(.text)
    TIM3_init                                0x08009ac9   Thumb Code    76  stm32f1xx_pwm.o(.text)
    HAL_TIM_PeriodElapsedCallback            0x08009b15   Thumb Code    26  stm32f1xx_pwm.o(.text)
    Get_ADC_Value                            0x08009b5d   Thumb Code    54  syringe_size.o(.text)
    Get_Syringe_Size                         0x08009b93   Thumb Code   140  syringe_size.o(.text)
    Syringe_Size_stop                        0x08009c1f   Thumb Code    10  syringe_size.o(.text)
    ADC_Config                               0x08009c29   Thumb Code    76  syringe_size.o(.text)
    HAL_ADC_ConvCpltCallback                 0x08009c75   Thumb Code     2  syringe_size.o(.text)
    HAL_ADC_ConvHalfCpltCallback             0x08009c77   Thumb Code     2  syringe_size.o(.text)
    HAL_ADC_LevelOutOfWindowCallback         0x08009c79   Thumb Code     8  syringe_size.o(.text)
    HAL_ADC_ErrorCallback                    0x08009c81   Thumb Code    10  syringe_size.o(.text)
    HAL_ADC_MspInit                          0x08009c99   Thumb Code   208  stm32f1xx_hal_msp.o(.text)
    HAL_ADC_MspDeInit                        0x08009d69   Thumb Code    58  stm32f1xx_hal_msp.o(.text)
    HAL_TIM_Base_MspInit                     0x08009da3   Thumb Code    48  stm32f1xx_hal_msp.o(.text)
    __c89vsprintf                            0x08009de5   Thumb Code    32  c89vsprintf.o(.text)
    __aeabi_memclr4                          0x08009e09   Thumb Code     0  rt_memclr_w.o(.text)
    __aeabi_memclr8                          0x08009e09   Thumb Code     0  rt_memclr_w.o(.text)
    __rt_memclr_w                            0x08009e09   Thumb Code    78  rt_memclr_w.o(.text)
    _memset_w                                0x08009e0d   Thumb Code     0  rt_memclr_w.o(.text)
    __use_two_region_memory                  0x08009e57   Thumb Code     2  heapauxi.o(.text)
    __rt_heap_escrow$2region                 0x08009e59   Thumb Code     2  heapauxi.o(.text)
    __rt_heap_expand$2region                 0x08009e5b   Thumb Code     2  heapauxi.o(.text)
    _printf_pre_padding                      0x08009e5d   Thumb Code    46  _printf_pad.o(.text)
    _printf_post_padding                     0x08009e8b   Thumb Code    36  _printf_pad.o(.text)
    _printf_truncate_signed                  0x08009eaf   Thumb Code    18  _printf_truncate.o(.text)
    _printf_truncate_unsigned                0x08009ec1   Thumb Code    18  _printf_truncate.o(.text)
    _printf_str                              0x08009ed3   Thumb Code    82  _printf_str.o(.text)
    _printf_int_dec                          0x08009f25   Thumb Code   102  _printf_dec.o(.text)
    _printf_charcount                        0x08009f9d   Thumb Code    42  _printf_charcount.o(.text)
    _printf_char_common                      0x08009fd3   Thumb Code    32  _printf_char_common.o(.text)
    _sputc                                   0x08009ff9   Thumb Code    10  _sputc.o(.text)
    _printf_wctomb                           0x0800a005   Thumb Code   182  _printf_wctomb.o(.text)
    _printf_longlong_dec                     0x0800a0c1   Thumb Code   104  _printf_longlong_dec.o(.text)
    _printf_longlong_oct                     0x0800a139   Thumb Code    76  _printf_oct_int_ll.o(.text)
    _printf_int_oct                          0x0800a185   Thumb Code    24  _printf_oct_int_ll.o(.text)
    _printf_ll_oct                           0x0800a19d   Thumb Code    12  _printf_oct_int_ll.o(.text)
    _printf_longlong_hex                     0x0800a1b1   Thumb Code    92  _printf_hex_int_ll_ptr.o(.text)
    _printf_int_hex                          0x0800a20d   Thumb Code    28  _printf_hex_int_ll_ptr.o(.text)
    _printf_ll_hex                           0x0800a229   Thumb Code    12  _printf_hex_int_ll_ptr.o(.text)
    _printf_hex_ptr                          0x0800a235   Thumb Code    18  _printf_hex_int_ll_ptr.o(.text)
    __printf                                 0x0800a24d   Thumb Code   390  __printf_flags_ss_wp.o(.text)
    _ll_udiv10                               0x0800a3d9   Thumb Code   138  lludiv10.o(.text)
    _printf_int_common                       0x0800a463   Thumb Code   184  _printf_intcommon.o(.text)
    __lib_sel_fp_printf                      0x0800a51b   Thumb Code     2  _printf_fp_dec.o(.text)
    _printf_fp_dec_real                      0x0800a6c7   Thumb Code   628  _printf_fp_dec.o(.text)
    _printf_cs_common                        0x0800a93b   Thumb Code    20  _printf_char.o(.text)
    _printf_char                             0x0800a94f   Thumb Code    16  _printf_char.o(.text)
    _printf_string                           0x0800a95f   Thumb Code     8  _printf_char.o(.text)
    _printf_lcs_common                       0x0800a967   Thumb Code    20  _printf_wchar.o(.text)
    _printf_wchar                            0x0800a97b   Thumb Code    16  _printf_wchar.o(.text)
    _printf_wstring                          0x0800a98b   Thumb Code     8  _printf_wchar.o(.text)
    _wcrtomb                                 0x0800a993   Thumb Code    64  _wcrtomb.o(.text)
    __user_setup_stackheap                   0x0800a9d3   Thumb Code    74  sys_stackheap_outer.o(.text)
    __rt_ctype_table                         0x0800aa1d   Thumb Code    16  rt_ctype_table.o(.text)
    __rt_locale                              0x0800aa2d   Thumb Code     8  rt_locale_intlibspace.o(.text)
    _printf_fp_infnan                        0x0800aa35   Thumb Code   112  _printf_fp_infnan.o(.text)
    _btod_etento                             0x0800aab5   Thumb Code   222  bigflt0.o(.text)
    exit                                     0x0800ab99   Thumb Code    12  exit.o(.text)
    __user_libspace                          0x0800aba5   Thumb Code     8  libspace.o(.text)
    __user_perproc_libspace                  0x0800aba5   Thumb Code     0  libspace.o(.text)
    __user_perthread_libspace                0x0800aba5   Thumb Code     0  libspace.o(.text)
    strcmp                                   0x0800abad   Thumb Code   128  strcmpv7m.o(.text)
    _sys_exit                                0x0800ac2d   Thumb Code     8  sys_exit.o(.text)
    __I$use$semihosting                      0x0800ac39   Thumb Code     0  use_no_semi.o(.text)
    __use_no_semihosting_swi                 0x0800ac39   Thumb Code     2  use_no_semi.o(.text)
    __semihosting_library_function           0x0800ac3b   Thumb Code     0  indicate_semi.o(.text)
    _btod_d2e                                0x0800ac3b   Thumb Code    62  btod.o(CL$$btod_d2e)
    _d2e_denorm_low                          0x0800ac79   Thumb Code    70  btod.o(CL$$btod_d2e_denorm_low)
    _d2e_norm_op1                            0x0800acbf   Thumb Code    96  btod.o(CL$$btod_d2e_norm_op1)
    __btod_div_common                        0x0800ad1f   Thumb Code   696  btod.o(CL$$btod_div_common)
    _e2e                                     0x0800b057   Thumb Code   198  btod.o(CL$$btod_e2e)
    _btod_ediv                               0x0800b11d   Thumb Code    40  btod.o(CL$$btod_ediv)
    _btod_emul                               0x0800b145   Thumb Code    40  btod.o(CL$$btod_emul)
    __btod_mult_common                       0x0800b16d   Thumb Code   580  btod.o(CL$$btod_mult_common)
    __ARM_fpclassify                         0x0800b3b1   Thumb Code    40  fpclassify.o(i.__ARM_fpclassify)
    _is_digit                                0x0800b3d9   Thumb Code    14  __printf_wp.o(i._is_digit)
    _get_lc_numeric                          0x0800b3e9   Thumb Code    44  lc_numeric_c.o(locale$$code)
    _get_lc_ctype                            0x0800b415   Thumb Code    44  lc_ctype_c.o(locale$$code)
    _printf_fp_dec                           0x0800b441   Thumb Code     4  printf1.o(x$fpl$printf1)
    __I$use$fp                               0x0800b444   Number         0  usenofp.o(x$fpl$usenofp)
    aAPBAHBPrescTable                        0x0800b444   Data          16  stm32f1xx_hal_rcc.o(.constdata)
    Region$$Table$$Base                      0x0800ee2c   Number         0  anon$$obj.o(Region$$Table)
    Region$$Table$$Limit                     0x0800ee4c   Number         0  anon$$obj.o(Region$$Table)
    __ctype                                  0x0800ee75   Data           0  lc_ctype_c.o(locale$$data)
    SystemCoreClock                          0x20000000   Data           4  system_stm32f1xx.o(.data)
    AHBPrescTable                            0x20000004   Data          16  system_stm32f1xx.o(.data)
    Syringe_Size_Current                     0x20000018   Data           2  main.o(.data)
    Injected_Volume                          0x2000001a   Data           2  main.o(.data)
    PumpingRate                              0x2000003c   Data           2  syringepump.o(.data)
    Current_Screen                           0x2000003e   Data           1  syringepump.o(.data)
    uwPrescalerValue                         0x20000050   Data           4  stm32f1xx_pwm.o(.data)
    ubAnalogWatchdogStatus                   0x20000054   Data           1  syringe_size.o(.data)
    ubUserButtonClickCount                   0x20000055   Data           1  syringe_size.o(.data)
    ubUserButtonClickEvent                   0x20000056   Data           1  syringe_size.o(.data)
    TimHandle                                0x20000368   Data          60  stm32f1xx_pwm.o(.bss)
    AdcHandle                                0x200003a4   Data          48  syringe_size.o(.bss)
    aADCxConvertedValues                     0x200003d4   Data         512  syringe_size.o(.bss)
    __libspace_start                         0x2000060c   Data          96  libspace.o(.bss)
    __temporary_stack_top$libspace           0x2000066c   Data           0  libspace.o(.bss)



==============================================================================

Memory Map of the image

  Image Entry point : 0x080000ed

  Load Region LR_IROM1 (Base: 0x08000000, Size: 0x0000efe0, Max: 0x00020000, ABSOLUTE)

    Execution Region ER_IROM1 (Base: 0x08000000, Size: 0x0000ef78, Max: 0x00020000, ABSOLUTE)

    Base Addr    Size         Type   Attr      Idx    E Section Name        Object

    0x08000000   0x000000ec   Data   RO            3    RESET               startup_stm32f10x_md.o
    0x080000ec   0x00000008   Code   RO          670  * !!!main             c_w.l(__main.o)
    0x080000f4   0x00000034   Code   RO         1024    !!!scatter          c_w.l(__scatter.o)
    0x08000128   0x0000001a   Code   RO         1026    !!handler_copy      c_w.l(__scatter_copy.o)
    0x08000142   0x00000002   PAD
    0x08000144   0x0000001c   Code   RO         1028    !!handler_zi        c_w.l(__scatter_zi.o)
    0x08000160   0x00000000   Code   RO          754    .ARM.Collect$$_printf_percent$$00000000  c_w.l(_printf_percent.o)
    0x08000160   0x00000006   Code   RO          743    .ARM.Collect$$_printf_percent$$00000001  c_w.l(_printf_n.o)
    0x08000166   0x00000006   Code   RO          745    .ARM.Collect$$_printf_percent$$00000002  c_w.l(_printf_p.o)
    0x0800016c   0x00000006   Code   RO          750    .ARM.Collect$$_printf_percent$$00000003  c_w.l(_printf_f.o)
    0x08000172   0x00000006   Code   RO          751    .ARM.Collect$$_printf_percent$$00000004  c_w.l(_printf_e.o)
    0x08000178   0x00000006   Code   RO          752    .ARM.Collect$$_printf_percent$$00000005  c_w.l(_printf_g.o)
    0x0800017e   0x00000006   Code   RO          753    .ARM.Collect$$_printf_percent$$00000006  c_w.l(_printf_a.o)
    0x08000184   0x0000000a   Code   RO          758    .ARM.Collect$$_printf_percent$$00000007  c_w.l(_printf_ll.o)
    0x0800018e   0x00000006   Code   RO          747    .ARM.Collect$$_printf_percent$$00000008  c_w.l(_printf_i.o)
    0x08000194   0x00000006   Code   RO          748    .ARM.Collect$$_printf_percent$$00000009  c_w.l(_printf_d.o)
    0x0800019a   0x00000006   Code   RO          749    .ARM.Collect$$_printf_percent$$0000000A  c_w.l(_printf_u.o)
    0x080001a0   0x00000006   Code   RO          746    .ARM.Collect$$_printf_percent$$0000000B  c_w.l(_printf_o.o)
    0x080001a6   0x00000006   Code   RO          744    .ARM.Collect$$_printf_percent$$0000000C  c_w.l(_printf_x.o)
    0x080001ac   0x00000006   Code   RO          755    .ARM.Collect$$_printf_percent$$0000000D  c_w.l(_printf_lli.o)
    0x080001b2   0x00000006   Code   RO          756    .ARM.Collect$$_printf_percent$$0000000E  c_w.l(_printf_lld.o)
    0x080001b8   0x00000006   Code   RO          757    .ARM.Collect$$_printf_percent$$0000000F  c_w.l(_printf_llu.o)
    0x080001be   0x00000006   Code   RO          762    .ARM.Collect$$_printf_percent$$00000010  c_w.l(_printf_llo.o)
    0x080001c4   0x00000006   Code   RO          763    .ARM.Collect$$_printf_percent$$00000011  c_w.l(_printf_llx.o)
    0x080001ca   0x0000000a   Code   RO          759    .ARM.Collect$$_printf_percent$$00000012  c_w.l(_printf_l.o)
    0x080001d4   0x00000006   Code   RO          741    .ARM.Collect$$_printf_percent$$00000013  c_w.l(_printf_c.o)
    0x080001da   0x00000006   Code   RO          742    .ARM.Collect$$_printf_percent$$00000014  c_w.l(_printf_s.o)
    0x080001e0   0x00000006   Code   RO          760    .ARM.Collect$$_printf_percent$$00000015  c_w.l(_printf_lc.o)
    0x080001e6   0x00000006   Code   RO          761    .ARM.Collect$$_printf_percent$$00000016  c_w.l(_printf_ls.o)
    0x080001ec   0x00000004   Code   RO          793    .ARM.Collect$$_printf_percent$$00000017  c_w.l(_printf_percent_end.o)
    0x080001f0   0x00000002   Code   RO          845    .ARM.Collect$$libinit$$00000000  c_w.l(libinit.o)
    0x080001f2   0x00000000   Code   RO          874    .ARM.Collect$$libinit$$00000002  c_w.l(libinit2.o)
    0x080001f2   0x00000000   Code   RO          877    .ARM.Collect$$libinit$$00000008  c_w.l(libinit2.o)
    0x080001f2   0x00000000   Code   RO          879    .ARM.Collect$$libinit$$0000000A  c_w.l(libinit2.o)
    0x080001f2   0x00000000   Code   RO          881    .ARM.Collect$$libinit$$0000000C  c_w.l(libinit2.o)
    0x080001f2   0x00000006   Code   RO          882    .ARM.Collect$$libinit$$0000000D  c_w.l(libinit2.o)
    0x080001f8   0x00000000   Code   RO          884    .ARM.Collect$$libinit$$0000000F  c_w.l(libinit2.o)
    0x080001f8   0x0000000c   Code   RO          885    .ARM.Collect$$libinit$$00000010  c_w.l(libinit2.o)
    0x08000204   0x00000000   Code   RO          886    .ARM.Collect$$libinit$$00000011  c_w.l(libinit2.o)
    0x08000204   0x00000000   Code   RO          888    .ARM.Collect$$libinit$$00000013  c_w.l(libinit2.o)
    0x08000204   0x0000000a   Code   RO          889    .ARM.Collect$$libinit$$00000014  c_w.l(libinit2.o)
    0x0800020e   0x00000000   Code   RO          890    .ARM.Collect$$libinit$$00000015  c_w.l(libinit2.o)
    0x0800020e   0x00000000   Code   RO          892    .ARM.Collect$$libinit$$00000017  c_w.l(libinit2.o)
    0x0800020e   0x00000000   Code   RO          894    .ARM.Collect$$libinit$$00000019  c_w.l(libinit2.o)
    0x0800020e   0x00000000   Code   RO          896    .ARM.Collect$$libinit$$0000001B  c_w.l(libinit2.o)
    0x0800020e   0x00000000   Code   RO          898    .ARM.Collect$$libinit$$0000001D  c_w.l(libinit2.o)
    0x0800020e   0x00000000   Code   RO          900    .ARM.Collect$$libinit$$0000001F  c_w.l(libinit2.o)
    0x0800020e   0x00000000   Code   RO          902    .ARM.Collect$$libinit$$00000021  c_w.l(libinit2.o)
    0x0800020e   0x00000000   Code   RO          904    .ARM.Collect$$libinit$$00000023  c_w.l(libinit2.o)
    0x0800020e   0x00000000   Code   RO          908    .ARM.Collect$$libinit$$0000002A  c_w.l(libinit2.o)
    0x0800020e   0x00000000   Code   RO          910    .ARM.Collect$$libinit$$0000002C  c_w.l(libinit2.o)
    0x0800020e   0x00000000   Code   RO          912    .ARM.Collect$$libinit$$0000002E  c_w.l(libinit2.o)
    0x0800020e   0x00000000   Code   RO          914    .ARM.Collect$$libinit$$00000030  c_w.l(libinit2.o)
    0x0800020e   0x00000002   Code   RO          915    .ARM.Collect$$libinit$$00000031  c_w.l(libinit2.o)
    0x08000210   0x00000002   Code   RO          965    .ARM.Collect$$libshutdown$$00000000  c_w.l(libshutdown.o)
    0x08000212   0x00000000   Code   RO          979    .ARM.Collect$$libshutdown$$00000003  c_w.l(libshutdown2.o)
    0x08000212   0x00000000   Code   RO          982    .ARM.Collect$$libshutdown$$00000006  c_w.l(libshutdown2.o)
    0x08000212   0x00000000   Code   RO          985    .ARM.Collect$$libshutdown$$00000009  c_w.l(libshutdown2.o)
    0x08000212   0x00000000   Code   RO          987    .ARM.Collect$$libshutdown$$0000000B  c_w.l(libshutdown2.o)
    0x08000212   0x00000000   Code   RO          990    .ARM.Collect$$libshutdown$$0000000E  c_w.l(libshutdown2.o)
    0x08000212   0x00000002   Code   RO          991    .ARM.Collect$$libshutdown$$0000000F  c_w.l(libshutdown2.o)
    0x08000214   0x00000000   Code   RO          672    .ARM.Collect$$rtentry$$00000000  c_w.l(rtentry.o)
    0x08000214   0x00000000   Code   RO          767    .ARM.Collect$$rtentry$$00000002  c_w.l(rtentry2.o)
    0x08000214   0x00000006   Code   RO          779    .ARM.Collect$$rtentry$$00000004  c_w.l(rtentry4.o)
    0x0800021a   0x00000000   Code   RO          769    .ARM.Collect$$rtentry$$00000009  c_w.l(rtentry2.o)
    0x0800021a   0x00000004   Code   RO          770    .ARM.Collect$$rtentry$$0000000A  c_w.l(rtentry2.o)
    0x0800021e   0x00000000   Code   RO          772    .ARM.Collect$$rtentry$$0000000C  c_w.l(rtentry2.o)
    0x0800021e   0x00000008   Code   RO          773    .ARM.Collect$$rtentry$$0000000D  c_w.l(rtentry2.o)
    0x08000226   0x00000002   Code   RO          854    .ARM.Collect$$rtexit$$00000000  c_w.l(rtexit.o)
    0x08000228   0x00000000   Code   RO          917    .ARM.Collect$$rtexit$$00000002  c_w.l(rtexit2.o)
    0x08000228   0x00000004   Code   RO          918    .ARM.Collect$$rtexit$$00000003  c_w.l(rtexit2.o)
    0x0800022c   0x00000006   Code   RO          919    .ARM.Collect$$rtexit$$00000004  c_w.l(rtexit2.o)
    0x08000232   0x00000002   PAD
    0x08000234   0x00000040   Code   RO            4    .text               startup_stm32f10x_md.o
    0x08000274   0x000000f4   Code   RO           12    .text               system_stm32f1xx.o
    0x08000368   0x00000030   Code   RO          115    .text               stm32f1xx_it.o
    0x08000398   0x00000144   Code   RO          192    .text               stm32f1xx_hal.o
    0x080004dc   0x000002ac   Code   RO          214    .text               stm32f1xx_hal_cortex.o
    0x08000788   0x00000498   Code   RO          238    .text               stm32f1xx_hal_gpio.o
    0x08000c20   0x00000e88   Code   RO          298    .text               stm32f1xx_hal_rcc.o
    0x08001aa8   0x00000744   Code   RO          321    .text               stm32f1xx_hal_rcc_ex.o
    0x080021ec   0x000026ca   Code   RO          341    .text               stm32f1xx_hal_tim.o
    0x080048b6   0x00000002   PAD
    0x080048b8   0x00000d68   Code   RO          361    .text               stm32f1xx_hal_tim_ex.o
    0x08005620   0x0000090c   Code   RO          423    .text               stm32f1xx_hal_dma.o
    0x08005f2c   0x00000bc4   Code   RO          443    .text               stm32f1xx_hal_adc.o
    0x08006af0   0x00000970   Code   RO          463    .text               stm32f1xx_hal_adc_ex.o
    0x08007460   0x000001d8   Code   RO          483    .text               main.o
    0x08007638   0x00001990   Code   RO          508    .text               stm32f1xx_lcd.o
    0x08008fc8   0x0000012c   Code   RO          542    .text               switches.o
    0x080090f4   0x00000948   Code   RO          566    .text               syringepump.o
    0x08009a3c   0x00000114   Code   RO          590    .text               stm32f1xx_pwm.o
    0x08009b50   0x00000148   Code   RO          618    .text               syringe_size.o
    0x08009c98   0x0000014c   Code   RO          643    .text               stm32f1xx_hal_msp.o
    0x08009de4   0x00000024   Code   RO          664    .text               c_w.l(c89vsprintf.o)
    0x08009e08   0x0000004e   Code   RO          666    .text               c_w.l(rt_memclr_w.o)
    0x08009e56   0x00000006   Code   RO          668    .text               c_w.l(heapauxi.o)
    0x08009e5c   0x00000052   Code   RO          675    .text               c_w.l(_printf_pad.o)
    0x08009eae   0x00000024   Code   RO          677    .text               c_w.l(_printf_truncate.o)
    0x08009ed2   0x00000052   Code   RO          679    .text               c_w.l(_printf_str.o)
    0x08009f24   0x00000078   Code   RO          681    .text               c_w.l(_printf_dec.o)
    0x08009f9c   0x0000002a   Code   RO          683    .text               c_w.l(_printf_charcount.o)
    0x08009fc6   0x00000002   PAD
    0x08009fc8   0x00000030   Code   RO          685    .text               c_w.l(_printf_char_common.o)
    0x08009ff8   0x0000000a   Code   RO          687    .text               c_w.l(_sputc.o)
    0x0800a002   0x00000002   PAD
    0x0800a004   0x000000bc   Code   RO          689    .text               c_w.l(_printf_wctomb.o)
    0x0800a0c0   0x00000078   Code   RO          692    .text               c_w.l(_printf_longlong_dec.o)
    0x0800a138   0x00000078   Code   RO          698    .text               c_w.l(_printf_oct_int_ll.o)
    0x0800a1b0   0x0000009c   Code   RO          718    .text               c_w.l(_printf_hex_int_ll_ptr.o)
    0x0800a24c   0x0000018c   Code   RO          738    .text               c_w.l(__printf_flags_ss_wp.o)
    0x0800a3d8   0x0000008a   Code   RO          781    .text               c_w.l(lludiv10.o)
    0x0800a462   0x000000b8   Code   RO          783    .text               c_w.l(_printf_intcommon.o)
    0x0800a51a   0x00000420   Code   RO          785    .text               c_w.l(_printf_fp_dec.o)
    0x0800a93a   0x0000002c   Code   RO          789    .text               c_w.l(_printf_char.o)
    0x0800a966   0x0000002c   Code   RO          791    .text               c_w.l(_printf_wchar.o)
    0x0800a992   0x00000040   Code   RO          794    .text               c_w.l(_wcrtomb.o)
    0x0800a9d2   0x0000004a   Code   RO          796    .text               c_w.l(sys_stackheap_outer.o)
    0x0800aa1c   0x00000010   Code   RO          798    .text               c_w.l(rt_ctype_table.o)
    0x0800aa2c   0x00000008   Code   RO          803    .text               c_w.l(rt_locale_intlibspace.o)
    0x0800aa34   0x00000080   Code   RO          805    .text               c_w.l(_printf_fp_infnan.o)
    0x0800aab4   0x000000e4   Code   RO          807    .text               c_w.l(bigflt0.o)
    0x0800ab98   0x0000000c   Code   RO          838    .text               c_w.l(exit.o)
    0x0800aba4   0x00000008   Code   RO          851    .text               c_w.l(libspace.o)
    0x0800abac   0x00000080   Code   RO          871    .text               c_w.l(strcmpv7m.o)
    0x0800ac2c   0x0000000c   Code   RO          953    .text               c_w.l(sys_exit.o)
    0x0800ac38   0x00000002   Code   RO          968    .text               c_w.l(use_no_semi.o)
    0x0800ac3a   0x00000000   Code   RO          970    .text               c_w.l(indicate_semi.o)
    0x0800ac3a   0x0000003e   Code   RO          810    CL$$btod_d2e        c_w.l(btod.o)
    0x0800ac78   0x00000046   Code   RO          812    CL$$btod_d2e_denorm_low  c_w.l(btod.o)
    0x0800acbe   0x00000060   Code   RO          811    CL$$btod_d2e_norm_op1  c_w.l(btod.o)
    0x0800ad1e   0x00000338   Code   RO          820    CL$$btod_div_common  c_w.l(btod.o)
    0x0800b056   0x000000c6   Code   RO          817    CL$$btod_e2e        c_w.l(btod.o)
    0x0800b11c   0x00000028   Code   RO          814    CL$$btod_ediv       c_w.l(btod.o)
    0x0800b144   0x00000028   Code   RO          813    CL$$btod_emul       c_w.l(btod.o)
    0x0800b16c   0x00000244   Code   RO          819    CL$$btod_mult_common  c_w.l(btod.o)
    0x0800b3b0   0x00000028   Code   RO          849    i.__ARM_fpclassify  m_ws.l(fpclassify.o)
    0x0800b3d8   0x0000000e   Code   RO          731    i._is_digit         c_w.l(__printf_wp.o)
    0x0800b3e6   0x00000002   PAD
    0x0800b3e8   0x0000002c   Code   RO          833    locale$$code        c_w.l(lc_numeric_c.o)
    0x0800b414   0x0000002c   Code   RO          866    locale$$code        c_w.l(lc_ctype_c.o)
    0x0800b440   0x00000004   Code   RO          764    x$fpl$printf1       fz_ws.l(printf1.o)
    0x0800b444   0x00000000   Code   RO          848    x$fpl$usenofp       fz_ws.l(usenofp.o)
    0x0800b444   0x00000010   Data   RO          299    .constdata          stm32f1xx_hal_rcc.o
    0x0800b454   0x00003900   Data   RO          510    .constdata          stm32f1xx_lcd.o
    0x0800ed54   0x00000008   Data   RO          690    .constdata          c_w.l(_printf_wctomb.o)
    0x0800ed5c   0x00000028   Data   RO          719    .constdata          c_w.l(_printf_hex_int_ll_ptr.o)
    0x0800ed84   0x00000011   Data   RO          739    .constdata          c_w.l(__printf_flags_ss_wp.o)
    0x0800ed95   0x00000003   PAD
    0x0800ed98   0x00000094   Data   RO          808    .constdata          c_w.l(bigflt0.o)
    0x0800ee2c   0x00000020   Data   RO         1022    Region$$Table       anon$$obj.o
    0x0800ee4c   0x0000001c   Data   RO          832    locale$$data        c_w.l(lc_numeric_c.o)
    0x0800ee68   0x00000110   Data   RO          865    locale$$data        c_w.l(lc_ctype_c.o)


    Execution Region RW_IRAM1 (Base: 0x20000000, Size: 0x00000c70, Max: 0x00005000, ABSOLUTE)

    Base Addr    Size         Type   Attr      Idx    E Section Name        Object

    0x20000000   0x00000014   Data   RW           13    .data               system_stm32f1xx.o
    0x20000014   0x00000004   Data   RW          193    .data               stm32f1xx_hal.o
    0x20000018   0x00000014   Data   RW          485    .data               main.o
    0x2000002c   0x00000010   Data   RW          511    .data               stm32f1xx_lcd.o
    0x2000003c   0x00000014   Data   RW          568    .data               syringepump.o
    0x20000050   0x00000004   Data   RW          592    .data               stm32f1xx_pwm.o
    0x20000054   0x00000014   Data   RW          621    .data               syringe_size.o
    0x20000068   0x00000300   Zero   RW          509    .bss                stm32f1xx_lcd.o
    0x20000368   0x0000003c   Zero   RW          591    .bss                stm32f1xx_pwm.o
    0x200003a4   0x00000230   Zero   RW          619    .bss                syringe_size.o
    0x200005d4   0x00000038   Zero   RW          644    .bss                stm32f1xx_hal_msp.o
    0x2000060c   0x00000060   Zero   RW          852    .bss                c_w.l(libspace.o)
    0x2000066c   0x00000004   PAD
    0x20000670   0x00000200   Zero   RW            2    HEAP                startup_stm32f10x_md.o
    0x20000870   0x00000400   Zero   RW            1    STACK               startup_stm32f10x_md.o


==============================================================================

Image component sizes


      Code (inc. data)   RO Data    RW Data    ZI Data      Debug   Object Name

       472         42          0         20          0       1481   main.o
        64         26        236          0       1536        744   startup_stm32f10x_md.o
       324         22          0          4          0       3579   stm32f1xx_hal.o
      3012         82          0          0          0       8718   stm32f1xx_hal_adc.o
      2416         62          0          0          0       6238   stm32f1xx_hal_adc_ex.o
       684         22          0          0          0      26718   stm32f1xx_hal_cortex.o
      2316         16          0          0          0       4436   stm32f1xx_hal_dma.o
      1176         32          0          0          0       3751   stm32f1xx_hal_gpio.o
       332         18          0          0         56       1481   stm32f1xx_hal_msp.o
      3720         86         16          0          0       5143   stm32f1xx_hal_rcc.o
      1860         56          0          0          0       3191   stm32f1xx_hal_rcc_ex.o
      9930         82          0          0          0      30430   stm32f1xx_hal_tim.o
      3432         26          0          0          0      10960   stm32f1xx_hal_tim_ex.o
        48          4          0          0          0      32823   stm32f1xx_it.o
      6544        184      14592         16        768      17160   stm32f1xx_lcd.o
       276         34          0          4         60       1795   stm32f1xx_pwm.o
       300         12          0          0          0       2326   switches.o
       328         14          0         20        560       3197   syringe_size.o
      2376        134          0         20          0       3821   syringepump.o
       244         32          0         20          0     259663   system_stm32f1xx.o

    ----------------------------------------------------------------------
     39856        986      14876        104       2980     427655   Object Totals
         0          0         32          0          0          0   (incl. Generated)
         2          0          0          0          0          0   (incl. Padding)

    ----------------------------------------------------------------------

      Code (inc. data)   RO Data    RW Data    ZI Data      Debug   Library Member Name

         8          0          0          0          0         68   __main.o
       396          6         17          0          0         92   __printf_flags_ss_wp.o
        14          0          0          0          0         68   __printf_wp.o
        52          8          0          0          0          0   __scatter.o
        26          0          0          0          0          0   __scatter_copy.o
        28          0          0          0          0          0   __scatter_zi.o
         6          0          0          0          0          0   _printf_a.o
         6          0          0          0          0          0   _printf_c.o
        44          0          0          0          0        108   _printf_char.o
        48          6          0          0          0         96   _printf_char_common.o
        42          0          0          0          0         68   _printf_charcount.o
         6          0          0          0          0          0   _printf_d.o
       120         18          0          0          0         92   _printf_dec.o
         6          0          0          0          0          0   _printf_e.o
         6          0          0          0          0          0   _printf_f.o
      1056          0          0          0          0        212   _printf_fp_dec.o
       128         16          0          0          0         84   _printf_fp_infnan.o
         6          0          0          0          0          0   _printf_g.o
       156          6         40          0          0        160   _printf_hex_int_ll_ptr.o
         6          0          0          0          0          0   _printf_i.o
       184          0          0          0          0         88   _printf_intcommon.o
        10          0          0          0          0          0   _printf_l.o
         6          0          0          0          0          0   _printf_lc.o
        10          0          0          0          0          0   _printf_ll.o
         6          0          0          0          0          0   _printf_lld.o
         6          0          0          0          0          0   _printf_lli.o
         6          0          0          0          0          0   _printf_llo.o
         6          0          0          0          0          0   _printf_llu.o
         6          0          0          0          0          0   _printf_llx.o
       120         16          0          0          0         92   _printf_longlong_dec.o
         6          0          0          0          0          0   _printf_ls.o
         6          0          0          0          0          0   _printf_n.o
         6          0          0          0          0          0   _printf_o.o
       120          8          0          0          0        124   _printf_oct_int_ll.o
         6          0          0          0          0          0   _printf_p.o
        82          0          0          0          0        108   _printf_pad.o
         0          0          0          0          0          0   _printf_percent.o
         4          0          0          0          0          0   _printf_percent_end.o
         6          0          0          0          0          0   _printf_s.o
        82          0          0          0          0         80   _printf_str.o
        36          0          0          0          0         84   _printf_truncate.o
         6          0          0          0          0          0   _printf_u.o
        44          0          0          0          0        108   _printf_wchar.o
       188          6          8          0          0         92   _printf_wctomb.o
         6          0          0          0          0          0   _printf_x.o
        10          0          0          0          0         68   _sputc.o
        64          0          0          0          0         92   _wcrtomb.o
       228          6        148          0          0         96   bigflt0.o
      1910        128          0          0          0        672   btod.o
        36          4          0          0          0         76   c89vsprintf.o
        12          0          0          0          0         72   exit.o
         6          0          0          0          0        152   heapauxi.o
         0          0          0          0          0          0   indicate_semi.o
        44         10        272          0          0         76   lc_ctype_c.o
        44         10         28          0          0         76   lc_numeric_c.o
         2          0          0          0          0          0   libinit.o
        30          0          0          0          0          0   libinit2.o
         2          0          0          0          0          0   libshutdown.o
         2          0          0          0          0          0   libshutdown2.o
         8          4          0          0         96         68   libspace.o
       138          0          0          0          0         80   lludiv10.o
        16          4          0          0          0         76   rt_ctype_table.o
         8          4          0          0          0         68   rt_locale_intlibspace.o
        78          0          0          0          0         80   rt_memclr_w.o
         0          0          0          0          0          0   rtentry.o
        12          0          0          0          0          0   rtentry2.o
         6          0          0          0          0          0   rtentry4.o
         2          0          0          0          0          0   rtexit.o
        10          0          0          0          0          0   rtexit2.o
       128          0          0          0          0         68   strcmpv7m.o
        12          4          0          0          0         68   sys_exit.o
        74          0          0          0          0         80   sys_stackheap_outer.o
         2          0          0          0          0         68   use_no_semi.o
         4          0          0          0          0         68   printf1.o
         0          0          0          0          0          0   usenofp.o
        40          0          0          0          0         68   fpclassify.o

    ----------------------------------------------------------------------
      6056        264        516          0        100       3996   Library Totals
        10          0          3          0          4          0   (incl. Padding)

    ----------------------------------------------------------------------

      Code (inc. data)   RO Data    RW Data    ZI Data      Debug   Library Name

      6002        264        513          0         96       3860   c_w.l
         4          0          0          0          0         68   fz_ws.l
        40          0          0          0          0         68   m_ws.l

    ----------------------------------------------------------------------
      6056        264        516          0        100       3996   Library Totals

    ----------------------------------------------------------------------

==============================================================================


      Code (inc. data)   RO Data    RW Data    ZI Data      Debug   

     45912       1250      15392        104       3080     427387   Grand Totals
     45912       1250      15392        104       3080     427387   ELF Image Totals
     45912       1250      15392        104          0          0   ROM Totals

==============================================================================

    Total RO  Size (Code + RO Data)                61304 (  59.87kB)
    Total RW  Size (RW Data + ZI Data)              3184 (   3.11kB)
    Total ROM Size (Code + RO Data + RW Data)      61408 (  59.97kB)

==============================================================================

