<html>
<body>
<pre>
<h1>µVision Build Log</h1>
<h2>Project:</h2>
E:\syringe pump\amigo\syringe pump\syringe pump.uvproj
Project File Date:  10/09/2015

<h2>Output:</h2>
Rebuild target 'Target 1'
assembling startup_stm32f10x_md.s...
compiling system_stm32f1xx.c...
compiling stm32f1xx_it.c...
compiling stm32f1xx_hal.c...
compiling stm32f1xx_hal_cortex.c...
compiling stm32f1xx_hal_gpio.c...
compiling stm32f1xx_hal_gpio_ex.c...
compiling stm32f1xx_hal_pwr.c...
compiling stm32f1xx_hal_rcc.c...
compiling stm32f1xx_hal_rcc_ex.c...
compiling stm32f1xx_hal_tim.c...
compiling stm32f1xx_hal_tim_ex.c...
compiling stm32f1xx_hal_uart.c...
compiling stm32f1xx_hal_usart.c...
compiling stm32f1xx_hal_wwdg.c...
compiling stm32f1xx_hal_dma.c...
compiling stm32f1xx_hal_adc.c...
compiling stm32f1xx_hal_adc_ex.c...
compiling main.c...
src\main.c(43): warning:  #223-D: function "TIM4_Init" declared implicitly
src\main.c(164): warning:  #223-D: function "PWM_ON" declared implicitly
src\main.c(174): warning:  #223-D: function "PWM_OFF" declared implicitly
src\main.c(19): warning:  #177-D: variable "test1" was declared but never referenced
compiling stm32f1xx_LCD.c...
src\stm32f1xx_LCD.c(1829): warning:  #174-D: expression has no effect
compiling Switches.c...
compiling syringepump.c...
src\syringepump.c(120): warning:  #223-D: function "PWM_Freq" declared implicitly
src\syringepump.c(132): warning:  #223-D: function "PWM_OFF" declared implicitly
src\syringepump.c(190): warning:  #223-D: function "Get_Syringe_Size" declared implicitly
src\syringepump.c(231): warning:  #223-D: function "PWM_OFF" declared implicitly
src\syringepump.c(369): warning:  #223-D: function "PWM_OFF" declared implicitly
src\syringepump.c(362): warning:  #177-D: variable "i" was declared but never referenced
compiling stm32f1xx_PWM.c...
compiling Syringe_Size.c...
src\Syringe_Size.c(47): warning:  #83-D: type qualifier specified more than once
src\Syringe_Size.c(70): warning:  #177-D: variable "adc_valuetest" was declared but never referenced
compiling stm32f1xx_hal_msp.c...
linking...
Program Size: Code=45896 RO-data=15392 RW-data=104 ZI-data=3080  
"syringe pump.axf" - 0 Error(s), 13 Warning(s).
Rebuild target 'Target 1'
assembling startup_stm32f10x_md.s...
compiling system_stm32f1xx.c...
compiling stm32f1xx_it.c...
compiling stm32f1xx_hal.c...
compiling stm32f1xx_hal_cortex.c...
compiling stm32f1xx_hal_gpio.c...
compiling stm32f1xx_hal_gpio_ex.c...
compiling stm32f1xx_hal_pwr.c...
compiling stm32f1xx_hal_rcc.c...
compiling stm32f1xx_hal_rcc_ex.c...
compiling stm32f1xx_hal_tim.c...
compiling stm32f1xx_hal_tim_ex.c...
compiling stm32f1xx_hal_uart.c...
compiling stm32f1xx_hal_usart.c...
compiling stm32f1xx_hal_wwdg.c...
compiling stm32f1xx_hal_dma.c...
compiling stm32f1xx_hal_adc.c...
compiling stm32f1xx_hal_adc_ex.c...
compiling main.c...
src\main.c(43): warning:  #223-D: function "TIM4_Init" declared implicitly
src\main.c(164): warning:  #223-D: function "PWM_ON" declared implicitly
src\main.c(174): warning:  #223-D: function "PWM_OFF" declared implicitly
src\main.c(19): warning:  #177-D: variable "test1" was declared but never referenced
compiling stm32f1xx_LCD.c...
src\stm32f1xx_LCD.c(1829): warning:  #174-D: expression has no effect
compiling Switches.c...
compiling syringepump.c...
src\syringepump.c(120): warning:  #223-D: function "PWM_Freq" declared implicitly
src\syringepump.c(132): warning:  #223-D: function "PWM_OFF" declared implicitly
src\syringepump.c(190): warning:  #223-D: function "Get_Syringe_Size" declared implicitly
src\syringepump.c(231): warning:  #223-D: function "PWM_OFF" declared implicitly
src\syringepump.c(369): warning:  #223-D: function "PWM_OFF" declared implicitly
src\syringepump.c(362): warning:  #177-D: variable "i" was declared but never referenced
compiling stm32f1xx_PWM.c...
compiling Syringe_Size.c...
src\Syringe_Size.c(47): warning:  #83-D: type qualifier specified more than once
src\Syringe_Size.c(70): warning:  #177-D: variable "adc_valuetest" was declared but never referenced
compiling stm32f1xx_hal_msp.c...
linking...
Program Size: Code=45896 RO-data=15392 RW-data=104 ZI-data=3080  
"syringe pump.axf" - 0 Error(s), 13 Warning(s).
Load "E:\\syringe pump\\amigo\\syringe pump\\syringe pump.AXF" 
Erase Done.
Programming Done.
Verify OK.
Rebuild target 'Target 1'
assembling startup_stm32f10x_md.s...
compiling system_stm32f1xx.c...
compiling stm32f1xx_it.c...
compiling stm32f1xx_hal.c...
compiling stm32f1xx_hal_cortex.c...
compiling stm32f1xx_hal_gpio.c...
compiling stm32f1xx_hal_gpio_ex.c...
compiling stm32f1xx_hal_pwr.c...
compiling stm32f1xx_hal_rcc.c...
compiling stm32f1xx_hal_rcc_ex.c...
compiling stm32f1xx_hal_tim.c...
compiling stm32f1xx_hal_tim_ex.c...
compiling stm32f1xx_hal_uart.c...
compiling stm32f1xx_hal_usart.c...
compiling stm32f1xx_hal_wwdg.c...
compiling stm32f1xx_hal_dma.c...
compiling stm32f1xx_hal_adc.c...
compiling stm32f1xx_hal_adc_ex.c...
compiling main.c...
src\main.c(43): warning:  #223-D: function "TIM4_Init" declared implicitly
src\main.c(164): warning:  #223-D: function "PWM_ON" declared implicitly
src\main.c(174): warning:  #223-D: function "PWM_OFF" declared implicitly
src\main.c(19): warning:  #177-D: variable "test1" was declared but never referenced
compiling stm32f1xx_LCD.c...
src\stm32f1xx_LCD.c(1829): warning:  #174-D: expression has no effect
compiling Switches.c...
compiling syringepump.c...
src\syringepump.c(120): warning:  #223-D: function "PWM_Freq" declared implicitly
src\syringepump.c(132): warning:  #223-D: function "PWM_OFF" declared implicitly
src\syringepump.c(190): warning:  #223-D: function "Get_Syringe_Size" declared implicitly
src\syringepump.c(231): warning:  #223-D: function "PWM_OFF" declared implicitly
src\syringepump.c(369): warning:  #223-D: function "PWM_OFF" declared implicitly
src\syringepump.c(362): warning:  #177-D: variable "i" was declared but never referenced
compiling stm32f1xx_PWM.c...
compiling Syringe_Size.c...
src\Syringe_Size.c(47): warning:  #83-D: type qualifier specified more than once
src\Syringe_Size.c(70): warning:  #177-D: variable "adc_valuetest" was declared but never referenced
compiling stm32f1xx_hal_msp.c...
linking...
Program Size: Code=45896 RO-data=15392 RW-data=104 ZI-data=3080  
"syringe pump.axf" - 0 Error(s), 13 Warning(s).
Rebuild target 'Target 1'
assembling startup_stm32f10x_md.s...
compiling system_stm32f1xx.c...
compiling stm32f1xx_it.c...
compiling stm32f1xx_hal.c...
compiling stm32f1xx_hal_cortex.c...
compiling stm32f1xx_hal_gpio.c...
compiling stm32f1xx_hal_gpio_ex.c...
compiling stm32f1xx_hal_pwr.c...
compiling stm32f1xx_hal_rcc.c...
compiling stm32f1xx_hal_rcc_ex.c...
compiling stm32f1xx_hal_tim.c...
compiling stm32f1xx_hal_tim_ex.c...
compiling stm32f1xx_hal_uart.c...
compiling stm32f1xx_hal_usart.c...
compiling stm32f1xx_hal_wwdg.c...
compiling stm32f1xx_hal_dma.c...
compiling stm32f1xx_hal_adc.c...
compiling stm32f1xx_hal_adc_ex.c...
compiling main.c...
src\main.c(43): warning:  #223-D: function "TIM4_Init" declared implicitly
src\main.c(164): warning:  #223-D: function "PWM_ON" declared implicitly
src\main.c(174): warning:  #223-D: function "PWM_OFF" declared implicitly
src\main.c(19): warning:  #177-D: variable "test1" was declared but never referenced
compiling stm32f1xx_LCD.c...
src\stm32f1xx_LCD.c(1829): warning:  #174-D: expression has no effect
compiling Switches.c...
compiling syringepump.c...
src\syringepump.c(120): warning:  #223-D: function "PWM_Freq" declared implicitly
src\syringepump.c(132): warning:  #223-D: function "PWM_OFF" declared implicitly
src\syringepump.c(190): warning:  #223-D: function "Get_Syringe_Size" declared implicitly
src\syringepump.c(231): warning:  #223-D: function "PWM_OFF" declared implicitly
src\syringepump.c(369): warning:  #223-D: function "PWM_OFF" declared implicitly
src\syringepump.c(362): warning:  #177-D: variable "i" was declared but never referenced
compiling stm32f1xx_PWM.c...
compiling Syringe_Size.c...
src\Syringe_Size.c(47): warning:  #83-D: type qualifier specified more than once
src\Syringe_Size.c(70): warning:  #177-D: variable "adc_valuetest" was declared but never referenced
compiling stm32f1xx_hal_msp.c...
linking...
Program Size: Code=45896 RO-data=15392 RW-data=104 ZI-data=3080  
"syringe pump.axf" - 0 Error(s), 13 Warning(s).
Rebuild target 'Target 1'
assembling startup_stm32f10x_md.s...
compiling system_stm32f1xx.c...
compiling stm32f1xx_it.c...
compiling stm32f1xx_hal.c...
compiling stm32f1xx_hal_cortex.c...
compiling stm32f1xx_hal_gpio.c...
compiling stm32f1xx_hal_gpio_ex.c...
compiling stm32f1xx_hal_pwr.c...
compiling stm32f1xx_hal_rcc.c...
compiling stm32f1xx_hal_rcc_ex.c...
compiling stm32f1xx_hal_tim.c...
compiling stm32f1xx_hal_tim_ex.c...
compiling stm32f1xx_hal_uart.c...
compiling stm32f1xx_hal_usart.c...
compiling stm32f1xx_hal_wwdg.c...
compiling stm32f1xx_hal_dma.c...
compiling stm32f1xx_hal_adc.c...
compiling stm32f1xx_hal_adc_ex.c...
compiling main.c...
src\main.c(43): warning:  #223-D: function "TIM4_Init" declared implicitly
src\main.c(164): warning:  #223-D: function "PWM_ON" declared implicitly
src\main.c(174): warning:  #223-D: function "PWM_OFF" declared implicitly
src\main.c(19): warning:  #177-D: variable "test1" was declared but never referenced
compiling stm32f1xx_LCD.c...
src\stm32f1xx_LCD.c(1829): warning:  #174-D: expression has no effect
compiling Switches.c...
compiling syringepump.c...
src\syringepump.c(120): warning:  #223-D: function "PWM_Freq" declared implicitly
src\syringepump.c(132): warning:  #223-D: function "PWM_OFF" declared implicitly
src\syringepump.c(190): warning:  #223-D: function "Get_Syringe_Size" declared implicitly
src\syringepump.c(231): warning:  #223-D: function "PWM_OFF" declared implicitly
src\syringepump.c(369): warning:  #223-D: function "PWM_OFF" declared implicitly
src\syringepump.c(362): warning:  #177-D: variable "i" was declared but never referenced
compiling stm32f1xx_PWM.c...
compiling Syringe_Size.c...
src\Syringe_Size.c(47): warning:  #83-D: type qualifier specified more than once
src\Syringe_Size.c(70): warning:  #177-D: variable "adc_valuetest" was declared but never referenced
compiling stm32f1xx_hal_msp.c...
linking...
Program Size: Code=45896 RO-data=15392 RW-data=104 ZI-data=3080  
"syringe pump.axf" - 0 Error(s), 13 Warning(s).
Rebuild target 'Target 1'
assembling startup_stm32f10x_md.s...
compiling system_stm32f1xx.c...
compiling stm32f1xx_it.c...
compiling stm32f1xx_hal.c...
compiling stm32f1xx_hal_cortex.c...
compiling stm32f1xx_hal_gpio.c...
compiling stm32f1xx_hal_gpio_ex.c...
compiling stm32f1xx_hal_pwr.c...
compiling stm32f1xx_hal_rcc.c...
compiling stm32f1xx_hal_rcc_ex.c...
compiling stm32f1xx_hal_tim.c...
compiling stm32f1xx_hal_tim_ex.c...
compiling stm32f1xx_hal_uart.c...
compiling stm32f1xx_hal_usart.c...
compiling stm32f1xx_hal_wwdg.c...
compiling stm32f1xx_hal_dma.c...
compiling stm32f1xx_hal_adc.c...
compiling stm32f1xx_hal_adc_ex.c...
compiling main.c...
src\main.c(43): warning:  #223-D: function "TIM4_Init" declared implicitly
src\main.c(164): warning:  #223-D: function "PWM_ON" declared implicitly
src\main.c(174): warning:  #223-D: function "PWM_OFF" declared implicitly
src\main.c(19): warning:  #177-D: variable "test1" was declared but never referenced
compiling stm32f1xx_LCD.c...
src\stm32f1xx_LCD.c(1829): warning:  #174-D: expression has no effect
compiling Switches.c...
compiling syringepump.c...
src\syringepump.c(120): warning:  #223-D: function "PWM_Freq" declared implicitly
src\syringepump.c(132): warning:  #223-D: function "PWM_OFF" declared implicitly
src\syringepump.c(190): warning:  #223-D: function "Get_Syringe_Size" declared implicitly
src\syringepump.c(231): warning:  #223-D: function "PWM_OFF" declared implicitly
src\syringepump.c(369): warning:  #223-D: function "PWM_OFF" declared implicitly
src\syringepump.c(362): warning:  #177-D: variable "i" was declared but never referenced
compiling stm32f1xx_PWM.c...
compiling Syringe_Size.c...
src\Syringe_Size.c(47): warning:  #83-D: type qualifier specified more than once
src\Syringe_Size.c(70): warning:  #177-D: variable "adc_valuetest" was declared but never referenced
compiling stm32f1xx_hal_msp.c...
linking...
Program Size: Code=45896 RO-data=15392 RW-data=104 ZI-data=3080  
"syringe pump.axf" - 0 Error(s), 13 Warning(s).
Rebuild target 'Target 1'
assembling startup_stm32f10x_md.s...
compiling system_stm32f1xx.c...
compiling stm32f1xx_it.c...
compiling stm32f1xx_hal.c...
compiling stm32f1xx_hal_cortex.c...
compiling stm32f1xx_hal_gpio.c...
compiling stm32f1xx_hal_gpio_ex.c...
compiling stm32f1xx_hal_pwr.c...
compiling stm32f1xx_hal_rcc.c...
compiling stm32f1xx_hal_rcc_ex.c...
compiling stm32f1xx_hal_tim.c...
compiling stm32f1xx_hal_tim_ex.c...
compiling stm32f1xx_hal_uart.c...
compiling stm32f1xx_hal_usart.c...
compiling stm32f1xx_hal_wwdg.c...
compiling stm32f1xx_hal_dma.c...
compiling stm32f1xx_hal_adc.c...
compiling stm32f1xx_hal_adc_ex.c...
compiling main.c...
src\main.c(19): warning:  #177-D: variable "test1" was declared but never referenced
compiling stm32f1xx_LCD.c...
src\stm32f1xx_LCD.c(1829): warning:  #174-D: expression has no effect
compiling Switches.c...
compiling syringepump.c...
src\syringepump.c(190): warning:  #223-D: function "Get_Syringe_Size" declared implicitly
src\syringepump.c(362): warning:  #177-D: variable "i" was declared but never referenced
compiling stm32f1xx_PWM.c...
compiling Syringe_Size.c...
src\Syringe_Size.c(47): warning:  #83-D: type qualifier specified more than once
src\Syringe_Size.c(70): warning:  #177-D: variable "adc_valuetest" was declared but never referenced
compiling stm32f1xx_hal_msp.c...
linking...
Program Size: Code=45900 RO-data=15392 RW-data=104 ZI-data=3080  
"syringe pump.axf" - 0 Error(s), 6 Warning(s).
Rebuild target 'Target 1'
assembling startup_stm32f10x_md.s...
compiling system_stm32f1xx.c...
compiling stm32f1xx_it.c...
compiling stm32f1xx_hal.c...
compiling stm32f1xx_hal_cortex.c...
compiling stm32f1xx_hal_gpio.c...
compiling stm32f1xx_hal_gpio_ex.c...
compiling stm32f1xx_hal_pwr.c...
compiling stm32f1xx_hal_rcc.c...
compiling stm32f1xx_hal_rcc_ex.c...
compiling stm32f1xx_hal_tim.c...
compiling stm32f1xx_hal_tim_ex.c...
compiling stm32f1xx_hal_uart.c...
compiling stm32f1xx_hal_usart.c...
compiling stm32f1xx_hal_wwdg.c...
compiling stm32f1xx_hal_dma.c...
compiling stm32f1xx_hal_adc.c...
compiling stm32f1xx_hal_adc_ex.c...
compiling main.c...
compiling stm32f1xx_LCD.c...
compiling Switches.c...
compiling syringepump.c...
src\syringepump.c(190): warning:  #223-D: function "Get_Syringe_Size" declared implicitly
src\syringepump.c(362): warning:  #177-D: variable "i" was declared but never referenced
compiling stm32f1xx_PWM.c...
compiling Syringe_Size.c...
src\Syringe_Size.c(47): warning:  #83-D: type qualifier specified more than once
src\Syringe_Size.c(70): warning:  #177-D: variable "adc_valuetest" was declared but never referenced
compiling stm32f1xx_hal_msp.c...
linking...
Program Size: Code=45900 RO-data=15392 RW-data=104 ZI-data=3080  
"syringe pump.axf" - 0 Error(s), 4 Warning(s).
Rebuild target 'Target 1'
assembling startup_stm32f10x_md.s...
compiling system_stm32f1xx.c...
compiling stm32f1xx_it.c...
compiling stm32f1xx_hal.c...
compiling stm32f1xx_hal_cortex.c...
compiling stm32f1xx_hal_gpio.c...
compiling stm32f1xx_hal_gpio_ex.c...
compiling stm32f1xx_hal_pwr.c...
compiling stm32f1xx_hal_rcc.c...
compiling stm32f1xx_hal_rcc_ex.c...
compiling stm32f1xx_hal_tim.c...
compiling stm32f1xx_hal_tim_ex.c...
compiling stm32f1xx_hal_uart.c...
compiling stm32f1xx_hal_usart.c...
compiling stm32f1xx_hal_wwdg.c...
compiling stm32f1xx_hal_dma.c...
compiling stm32f1xx_hal_adc.c...
compiling stm32f1xx_hal_adc_ex.c...
compiling main.c...
compiling stm32f1xx_LCD.c...
compiling Switches.c...
compiling syringepump.c...
src\syringepump.c(190): warning:  #223-D: function "Get_Syringe_Size" declared implicitly
src\syringepump.c(362): warning:  #177-D: variable "i" was declared but never referenced
compiling stm32f1xx_PWM.c...
compiling Syringe_Size.c...
src\Syringe_Size.c(47): warning:  #83-D: type qualifier specified more than once
src\Syringe_Size.c(70): warning:  #177-D: variable "adc_valuetest" was declared but never referenced
compiling stm32f1xx_hal_msp.c...
linking...
Program Size: Code=45900 RO-data=15392 RW-data=104 ZI-data=3080  
"syringe pump.axf" - 0 Error(s), 4 Warning(s).
Rebuild target 'Target 1'
assembling startup_stm32f10x_md.s...
compiling system_stm32f1xx.c...
compiling stm32f1xx_it.c...
compiling stm32f1xx_hal.c...
compiling stm32f1xx_hal_cortex.c...
compiling stm32f1xx_hal_gpio.c...
compiling stm32f1xx_hal_gpio_ex.c...
compiling stm32f1xx_hal_pwr.c...
compiling stm32f1xx_hal_rcc.c...
compiling stm32f1xx_hal_rcc_ex.c...
compiling stm32f1xx_hal_tim.c...
compiling stm32f1xx_hal_tim_ex.c...
compiling stm32f1xx_hal_uart.c...
compiling stm32f1xx_hal_usart.c...
compiling stm32f1xx_hal_wwdg.c...
compiling stm32f1xx_hal_dma.c...
compiling stm32f1xx_hal_adc.c...
compiling stm32f1xx_hal_adc_ex.c...
compiling main.c...
compiling stm32f1xx_LCD.c...
compiling Switches.c...
compiling syringepump.c...
src\syringepump.c(190): warning:  #223-D: function "Get_Syringe_Size" declared implicitly
compiling stm32f1xx_PWM.c...
compiling Syringe_Size.c...
src\Syringe_Size.c(47): warning:  #83-D: type qualifier specified more than once
compiling stm32f1xx_hal_msp.c...
linking...
Program Size: Code=45896 RO-data=15392 RW-data=104 ZI-data=3080  
"syringe pump.axf" - 0 Error(s), 2 Warning(s).
Rebuild target 'Target 1'
assembling startup_stm32f10x_md.s...
compiling system_stm32f1xx.c...
compiling stm32f1xx_it.c...
compiling stm32f1xx_hal.c...
compiling stm32f1xx_hal_cortex.c...
compiling stm32f1xx_hal_gpio.c...
compiling stm32f1xx_hal_gpio_ex.c...
compiling stm32f1xx_hal_pwr.c...
compiling stm32f1xx_hal_rcc.c...
compiling stm32f1xx_hal_rcc_ex.c...
compiling stm32f1xx_hal_tim.c...
compiling stm32f1xx_hal_tim_ex.c...
compiling stm32f1xx_hal_uart.c...
compiling stm32f1xx_hal_usart.c...
compiling stm32f1xx_hal_wwdg.c...
compiling stm32f1xx_hal_dma.c...
compiling stm32f1xx_hal_adc.c...
compiling stm32f1xx_hal_adc_ex.c...
compiling main.c...
compiling stm32f1xx_LCD.c...
compiling Switches.c...
compiling syringepump.c...
compiling stm32f1xx_PWM.c...
compiling Syringe_Size.c...
src\Syringe_Size.c(47): warning:  #83-D: type qualifier specified more than once
compiling stm32f1xx_hal_msp.c...
linking...
Program Size: Code=45892 RO-data=15392 RW-data=104 ZI-data=3080  
"syringe pump.axf" - 0 Error(s), 1 Warning(s).
Load "E:\\syringe pump\\amigo\\syringe pump\\syringe pump.AXF" 
Erase Done.
Programming Done.
Verify OK.
Rebuild target 'Target 1'
assembling startup_stm32f10x_md.s...
compiling system_stm32f1xx.c...
compiling stm32f1xx_it.c...
compiling stm32f1xx_hal.c...
compiling stm32f1xx_hal_cortex.c...
compiling stm32f1xx_hal_gpio.c...
compiling stm32f1xx_hal_gpio_ex.c...
compiling stm32f1xx_hal_pwr.c...
compiling stm32f1xx_hal_rcc.c...
compiling stm32f1xx_hal_rcc_ex.c...
compiling stm32f1xx_hal_tim.c...
compiling stm32f1xx_hal_tim_ex.c...
compiling stm32f1xx_hal_uart.c...
compiling stm32f1xx_hal_usart.c...
compiling stm32f1xx_hal_wwdg.c...
compiling stm32f1xx_hal_dma.c...
compiling stm32f1xx_hal_adc.c...
compiling stm32f1xx_hal_adc_ex.c...
compiling main.c...
compiling stm32f1xx_LCD.c...
compiling Switches.c...
compiling syringepump.c...
compiling stm32f1xx_PWM.c...
compiling Syringe_Size.c...
src\Syringe_Size.c(47): warning:  #83-D: type qualifier specified more than once
compiling stm32f1xx_hal_msp.c...
linking...
Program Size: Code=45892 RO-data=15392 RW-data=104 ZI-data=3080  
"syringe pump.axf" - 0 Error(s), 1 Warning(s).
Load "E:\\syringe pump\\amigo\\syringe pump\\syringe pump.AXF" 
Erase Done.
Programming Done.
Verify OK.
Rebuild target 'Target 1'
assembling startup_stm32f10x_md.s...
compiling system_stm32f1xx.c...
compiling stm32f1xx_it.c...
compiling stm32f1xx_hal.c...
compiling stm32f1xx_hal_cortex.c...
compiling stm32f1xx_hal_gpio.c...
compiling stm32f1xx_hal_gpio_ex.c...
compiling stm32f1xx_hal_pwr.c...
compiling stm32f1xx_hal_rcc.c...
compiling stm32f1xx_hal_rcc_ex.c...
compiling stm32f1xx_hal_tim.c...
compiling stm32f1xx_hal_tim_ex.c...
compiling stm32f1xx_hal_uart.c...
compiling stm32f1xx_hal_usart.c...
compiling stm32f1xx_hal_wwdg.c...
compiling stm32f1xx_hal_dma.c...
compiling stm32f1xx_hal_adc.c...
compiling stm32f1xx_hal_adc_ex.c...
compiling main.c...
compiling stm32f1xx_LCD.c...
compiling Switches.c...
compiling syringepump.c...
compiling stm32f1xx_PWM.c...
compiling Syringe_Size.c...
src\Syringe_Size.c(47): warning:  #83-D: type qualifier specified more than once
compiling stm32f1xx_hal_msp.c...
linking...
Program Size: Code=45892 RO-data=15392 RW-data=104 ZI-data=3080  
"syringe pump.axf" - 0 Error(s), 1 Warning(s).
Load "E:\\syringe pump\\amigo\\syringe pump\\syringe pump.AXF" 
Erase Done.
Programming Done.
Verify OK.
Rebuild target 'Target 1'
assembling startup_stm32f10x_md.s...
compiling system_stm32f1xx.c...
compiling stm32f1xx_it.c...
compiling stm32f1xx_hal.c...
compiling stm32f1xx_hal_cortex.c...
compiling stm32f1xx_hal_gpio.c...
compiling stm32f1xx_hal_gpio_ex.c...
compiling stm32f1xx_hal_pwr.c...
compiling stm32f1xx_hal_rcc.c...
compiling stm32f1xx_hal_rcc_ex.c...
compiling stm32f1xx_hal_tim.c...
compiling stm32f1xx_hal_tim_ex.c...
compiling stm32f1xx_hal_uart.c...
compiling stm32f1xx_hal_usart.c...
compiling stm32f1xx_hal_wwdg.c...
compiling stm32f1xx_hal_dma.c...
compiling stm32f1xx_hal_adc.c...
compiling stm32f1xx_hal_adc_ex.c...
compiling main.c...
compiling stm32f1xx_LCD.c...
compiling Switches.c...
compiling syringepump.c...
compiling stm32f1xx_PWM.c...
compiling Syringe_Size.c...
src\Syringe_Size.c(47): warning:  #83-D: type qualifier specified more than once
compiling stm32f1xx_hal_msp.c...
linking...
Program Size: Code=45896 RO-data=15392 RW-data=104 ZI-data=3080  
"syringe pump.axf" - 0 Error(s), 1 Warning(s).
Rebuild target 'Target 1'
assembling startup_stm32f10x_md.s...
compiling system_stm32f1xx.c...
compiling stm32f1xx_it.c...
compiling stm32f1xx_hal.c...
compiling stm32f1xx_hal_cortex.c...
compiling stm32f1xx_hal_gpio.c...
compiling stm32f1xx_hal_gpio_ex.c...
compiling stm32f1xx_hal_pwr.c...
compiling stm32f1xx_hal_rcc.c...
compiling stm32f1xx_hal_rcc_ex.c...
compiling stm32f1xx_hal_tim.c...
compiling stm32f1xx_hal_tim_ex.c...
compiling stm32f1xx_hal_uart.c...
compiling stm32f1xx_hal_usart.c...
compiling stm32f1xx_hal_wwdg.c...
compiling stm32f1xx_hal_dma.c...
compiling stm32f1xx_hal_adc.c...
compiling stm32f1xx_hal_adc_ex.c...
compiling main.c...
src\main.c(84): warning:  #111-D: statement is unreachable
compiling stm32f1xx_LCD.c...
compiling Switches.c...
compiling syringepump.c...
compiling stm32f1xx_PWM.c...
compiling Syringe_Size.c...
src\Syringe_Size.c(47): warning:  #83-D: type qualifier specified more than once
compiling stm32f1xx_hal_msp.c...
linking...
Program Size: Code=43240 RO-data=15392 RW-data=84 ZI-data=3076  
"syringe pump.axf" - 0 Error(s), 2 Warning(s).
Load "E:\\syringe pump\\amigo\\syringe pump\\syringe pump.AXF" 
Erase Done.
Programming Done.
Verify OK.
Rebuild target 'Target 1'
assembling startup_stm32f10x_md.s...
compiling system_stm32f1xx.c...
compiling stm32f1xx_it.c...
compiling stm32f1xx_hal.c...
compiling stm32f1xx_hal_cortex.c...
compiling stm32f1xx_hal_gpio.c...
compiling stm32f1xx_hal_gpio_ex.c...
compiling stm32f1xx_hal_pwr.c...
compiling stm32f1xx_hal_rcc.c...
compiling stm32f1xx_hal_rcc_ex.c...
compiling stm32f1xx_hal_tim.c...
compiling stm32f1xx_hal_tim_ex.c...
compiling stm32f1xx_hal_uart.c...
compiling stm32f1xx_hal_usart.c...
compiling stm32f1xx_hal_wwdg.c...
compiling stm32f1xx_hal_dma.c...
compiling stm32f1xx_hal_adc.c...
compiling stm32f1xx_hal_adc_ex.c...
compiling main.c...
src\main.c(84): warning:  #111-D: statement is unreachable
compiling stm32f1xx_LCD.c...
compiling Switches.c...
compiling syringepump.c...
compiling stm32f1xx_PWM.c...
compiling Syringe_Size.c...
src\Syringe_Size.c(47): warning:  #83-D: type qualifier specified more than once
compiling stm32f1xx_hal_msp.c...
linking...
Program Size: Code=43240 RO-data=15392 RW-data=84 ZI-data=3076  
"syringe pump.axf" - 0 Error(s), 2 Warning(s).
Load "E:\\syringe pump\\amigo\\syringe pump\\syringe pump.AXF" 
Erase Done.
Programming Done.
Verify OK.
