<html>
<body>
<pre>
<h1>µVision Build Log</h1>
<h2>Project:</h2>
E:\syringe pump\amigo\syringe pump\syringe pump.uvproj
Project File Date:  09/25/2015

<h2>Output:</h2>
Load "E:\\syringe pump\\amigo\\syringe pump\\syringe pump.AXF" 
Erase Done.
Programming Done.
Verify OK.
Rebuild target 'Target 1'
assembling startup_stm32f10x_md.s...
compiling system_stm32f1xx.c...
compiling stm32f1xx_it.c...
.\inc\Switches.h(54): warning:  #1-D: last line of file ends without a newline
compiling stm32f1xx_hal.c...
compiling stm32f1xx_hal_cortex.c...
compiling stm32f1xx_hal_gpio.c...
compiling stm32f1xx_hal_gpio_ex.c...
compiling stm32f1xx_hal_pwr.c...
compiling stm32f1xx_hal_rcc.c...
compiling stm32f1xx_hal_rcc_ex.c...
compiling stm32f1xx_hal_tim.c...
compiling stm32f1xx_hal_tim_ex.c...
compiling stm32f1xx_hal_uart.c...
compiling stm32f1xx_hal_usart.c...
compiling stm32f1xx_hal_wwdg.c...
compiling stm32f1xx_hal_dma.c...
compiling stm32f1xx_hal_adc.c...
compiling stm32f1xx_hal_adc_ex.c...
compiling main.c...
.\inc\Switches.h(54): warning:  #1-D: last line of file ends without a newline
src\main.c(40): warning:  #223-D: function "TIM4_Init" declared implicitly
src\main.c(111): warning:  #223-D: function "PWM_ON" declared implicitly
src\main.c(121): warning:  #223-D: function "PWM_OFF" declared implicitly
src\main.c(14): warning:  #177-D: variable "buttonstate" was declared but never referenced
src\main.c(15): warning:  #177-D: variable "buttonstate2" was declared but never referenced
src\main.c(17): warning:  #177-D: variable "test1" was declared but never referenced
src\main.c(19): warning:  #177-D: variable "x" was declared but never referenced
src\main.c(20): warning:  #177-D: variable "y" was declared but never referenced
src\main.c(168): warning:  #1-D: last line of file ends without a newline
compiling stm32f1xx_LCD.c...
src\stm32f1xx_LCD.c(903): warning:  #177-D: variable "t" was declared but never referenced
src\stm32f1xx_LCD.c(1723): warning:  #177-D: variable "buf" was declared but never referenced
src\stm32f1xx_LCD.c(1829): warning:  #174-D: expression has no effect
compiling Switches.c...
.\inc\Switches.h(54): warning:  #1-D: last line of file ends without a newline
compiling syringepump.c...
.\inc\Switches.h(54): warning:  #1-D: last line of file ends without a newline
src\syringepump.c(21): warning:  #236-D: controlling expression is constant
src\syringepump.c(114): warning:  #223-D: function "PWM_Freq" declared implicitly
src\syringepump.c(120): warning:  #223-D: function "PWM_OFF" declared implicitly
src\syringepump.c(143): warning:  #223-D: function "Get_Syringe_Size" declared implicitly
compiling stm32f1xx_PWM.c...
compiling Syringe_Size.c...
.\inc\Switches.h(54): warning:  #1-D: last line of file ends without a newline
src\Syringe_Size.c(47): warning:  #83-D: type qualifier specified more than once
src\Syringe_Size.c(70): warning:  #177-D: variable "adc_valuetest" was declared but never referenced
src\Syringe_Size.c(202): warning:  #940-D: missing return statement at end of non-void function "Get_Syringe_Size"
compiling stm32f1xx_hal_msp.c...
linking...
Program Size: Code=30512 RO-data=15392 RW-data=96 ZI-data=3272  
"syringe pump.axf" - 0 Error(s), 24 Warning(s).
Rebuild target 'Target 1'
assembling startup_stm32f10x_md.s...
compiling system_stm32f1xx.c...
compiling stm32f1xx_it.c...
.\inc\Switches.h(54): warning:  #1-D: last line of file ends without a newline
compiling stm32f1xx_hal.c...
compiling stm32f1xx_hal_cortex.c...
compiling stm32f1xx_hal_gpio.c...
compiling stm32f1xx_hal_gpio_ex.c...
compiling stm32f1xx_hal_pwr.c...
compiling stm32f1xx_hal_rcc.c...
compiling stm32f1xx_hal_rcc_ex.c...
compiling stm32f1xx_hal_tim.c...
compiling stm32f1xx_hal_tim_ex.c...
compiling stm32f1xx_hal_uart.c...
compiling stm32f1xx_hal_usart.c...
compiling stm32f1xx_hal_wwdg.c...
compiling stm32f1xx_hal_dma.c...
compiling stm32f1xx_hal_adc.c...
compiling stm32f1xx_hal_adc_ex.c...
compiling main.c...
.\inc\Switches.h(54): warning:  #1-D: last line of file ends without a newline
src\main.c(40): warning:  #223-D: function "TIM4_Init" declared implicitly
src\main.c(111): warning:  #223-D: function "PWM_ON" declared implicitly
src\main.c(121): warning:  #223-D: function "PWM_OFF" declared implicitly
src\main.c(14): warning:  #177-D: variable "buttonstate" was declared but never referenced
src\main.c(15): warning:  #177-D: variable "buttonstate2" was declared but never referenced
src\main.c(17): warning:  #177-D: variable "test1" was declared but never referenced
src\main.c(19): warning:  #177-D: variable "x" was declared but never referenced
src\main.c(20): warning:  #177-D: variable "y" was declared but never referenced
src\main.c(175): warning:  #1-D: last line of file ends without a newline
compiling stm32f1xx_LCD.c...
src\stm32f1xx_LCD.c(903): warning:  #177-D: variable "t" was declared but never referenced
src\stm32f1xx_LCD.c(1723): warning:  #177-D: variable "buf" was declared but never referenced
src\stm32f1xx_LCD.c(1829): warning:  #174-D: expression has no effect
compiling Switches.c...
.\inc\Switches.h(54): warning:  #1-D: last line of file ends without a newline
compiling syringepump.c...
.\inc\Switches.h(54): warning:  #1-D: last line of file ends without a newline
src\syringepump.c(21): warning:  #236-D: controlling expression is constant
src\syringepump.c(114): warning:  #223-D: function "PWM_Freq" declared implicitly
src\syringepump.c(120): warning:  #223-D: function "PWM_OFF" declared implicitly
src\syringepump.c(145): warning:  #223-D: function "Get_Syringe_Size" declared implicitly
compiling stm32f1xx_PWM.c...
compiling Syringe_Size.c...
.\inc\Switches.h(54): warning:  #1-D: last line of file ends without a newline
src\Syringe_Size.c(47): warning:  #83-D: type qualifier specified more than once
src\Syringe_Size.c(70): warning:  #177-D: variable "adc_valuetest" was declared but never referenced
src\Syringe_Size.c(202): warning:  #940-D: missing return statement at end of non-void function "Get_Syringe_Size"
compiling stm32f1xx_hal_msp.c...
linking...
Program Size: Code=30596 RO-data=15392 RW-data=96 ZI-data=3272  
"syringe pump.axf" - 0 Error(s), 24 Warning(s).
Load "E:\\syringe pump\\amigo\\syringe pump\\syringe pump.AXF" 
Erase Done.
Programming Done.
Verify OK.
Rebuild target 'Target 1'
assembling startup_stm32f10x_md.s...
compiling system_stm32f1xx.c...
compiling stm32f1xx_it.c...
.\inc\Switches.h(54): warning:  #1-D: last line of file ends without a newline
compiling stm32f1xx_hal.c...
compiling stm32f1xx_hal_cortex.c...
compiling stm32f1xx_hal_gpio.c...
compiling stm32f1xx_hal_gpio_ex.c...
compiling stm32f1xx_hal_pwr.c...
compiling stm32f1xx_hal_rcc.c...
compiling stm32f1xx_hal_rcc_ex.c...
compiling stm32f1xx_hal_tim.c...
compiling stm32f1xx_hal_tim_ex.c...
compiling stm32f1xx_hal_uart.c...
compiling stm32f1xx_hal_usart.c...
compiling stm32f1xx_hal_wwdg.c...
compiling stm32f1xx_hal_dma.c...
compiling stm32f1xx_hal_adc.c...
compiling stm32f1xx_hal_adc_ex.c...
compiling main.c...
.\inc\Switches.h(54): warning:  #1-D: last line of file ends without a newline
src\main.c(40): warning:  #223-D: function "TIM4_Init" declared implicitly
src\main.c(112): warning:  #223-D: function "PWM_ON" declared implicitly
src\main.c(122): warning:  #223-D: function "PWM_OFF" declared implicitly
src\main.c(14): warning:  #177-D: variable "buttonstate" was declared but never referenced
src\main.c(15): warning:  #177-D: variable "buttonstate2" was declared but never referenced
src\main.c(17): warning:  #177-D: variable "test1" was declared but never referenced
src\main.c(19): warning:  #177-D: variable "x" was declared but never referenced
src\main.c(20): warning:  #177-D: variable "y" was declared but never referenced
src\main.c(176): warning:  #1-D: last line of file ends without a newline
compiling stm32f1xx_LCD.c...
src\stm32f1xx_LCD.c(903): warning:  #177-D: variable "t" was declared but never referenced
src\stm32f1xx_LCD.c(1723): warning:  #177-D: variable "buf" was declared but never referenced
src\stm32f1xx_LCD.c(1829): warning:  #174-D: expression has no effect
compiling Switches.c...
.\inc\Switches.h(54): warning:  #1-D: last line of file ends without a newline
compiling syringepump.c...
.\inc\Switches.h(54): warning:  #1-D: last line of file ends without a newline
src\syringepump.c(21): warning:  #236-D: controlling expression is constant
src\syringepump.c(114): warning:  #223-D: function "PWM_Freq" declared implicitly
src\syringepump.c(120): warning:  #223-D: function "PWM_OFF" declared implicitly
src\syringepump.c(145): warning:  #223-D: function "Get_Syringe_Size" declared implicitly
compiling stm32f1xx_PWM.c...
compiling Syringe_Size.c...
.\inc\Switches.h(54): warning:  #1-D: last line of file ends without a newline
src\Syringe_Size.c(47): warning:  #83-D: type qualifier specified more than once
src\Syringe_Size.c(70): warning:  #177-D: variable "adc_valuetest" was declared but never referenced
src\Syringe_Size.c(202): warning:  #940-D: missing return statement at end of non-void function "Get_Syringe_Size"
compiling stm32f1xx_hal_msp.c...
linking...
Program Size: Code=30628 RO-data=15392 RW-data=96 ZI-data=3272  
"syringe pump.axf" - 0 Error(s), 24 Warning(s).
Rebuild target 'Target 1'
assembling startup_stm32f10x_md.s...
compiling system_stm32f1xx.c...
compiling stm32f1xx_it.c...
.\inc\Switches.h(54): warning:  #1-D: last line of file ends without a newline
compiling stm32f1xx_hal.c...
compiling stm32f1xx_hal_cortex.c...
compiling stm32f1xx_hal_gpio.c...
compiling stm32f1xx_hal_gpio_ex.c...
compiling stm32f1xx_hal_pwr.c...
compiling stm32f1xx_hal_rcc.c...
compiling stm32f1xx_hal_rcc_ex.c...
compiling stm32f1xx_hal_tim.c...
compiling stm32f1xx_hal_tim_ex.c...
compiling stm32f1xx_hal_uart.c...
compiling stm32f1xx_hal_usart.c...
compiling stm32f1xx_hal_wwdg.c...
compiling stm32f1xx_hal_dma.c...
compiling stm32f1xx_hal_adc.c...
compiling stm32f1xx_hal_adc_ex.c...
compiling main.c...
.\inc\Switches.h(54): warning:  #1-D: last line of file ends without a newline
src\main.c(40): warning:  #223-D: function "TIM4_Init" declared implicitly
src\main.c(112): warning:  #223-D: function "PWM_ON" declared implicitly
src\main.c(122): warning:  #223-D: function "PWM_OFF" declared implicitly
src\main.c(14): warning:  #177-D: variable "buttonstate" was declared but never referenced
src\main.c(15): warning:  #177-D: variable "buttonstate2" was declared but never referenced
src\main.c(17): warning:  #177-D: variable "test1" was declared but never referenced
src\main.c(19): warning:  #177-D: variable "x" was declared but never referenced
src\main.c(20): warning:  #177-D: variable "y" was declared but never referenced
src\main.c(176): warning:  #1-D: last line of file ends without a newline
compiling stm32f1xx_LCD.c...
src\stm32f1xx_LCD.c(903): warning:  #177-D: variable "t" was declared but never referenced
src\stm32f1xx_LCD.c(1723): warning:  #177-D: variable "buf" was declared but never referenced
src\stm32f1xx_LCD.c(1829): warning:  #174-D: expression has no effect
compiling Switches.c...
.\inc\Switches.h(54): warning:  #1-D: last line of file ends without a newline
compiling syringepump.c...
.\inc\Switches.h(54): warning:  #1-D: last line of file ends without a newline
src\syringepump.c(21): warning:  #236-D: controlling expression is constant
src\syringepump.c(114): warning:  #223-D: function "PWM_Freq" declared implicitly
src\syringepump.c(120): warning:  #223-D: function "PWM_OFF" declared implicitly
src\syringepump.c(145): warning:  #223-D: function "Get_Syringe_Size" declared implicitly
compiling stm32f1xx_PWM.c...
compiling Syringe_Size.c...
.\inc\Switches.h(54): warning:  #1-D: last line of file ends without a newline
src\Syringe_Size.c(47): warning:  #83-D: type qualifier specified more than once
src\Syringe_Size.c(70): warning:  #177-D: variable "adc_valuetest" was declared but never referenced
src\Syringe_Size.c(202): warning:  #940-D: missing return statement at end of non-void function "Get_Syringe_Size"
compiling stm32f1xx_hal_msp.c...
linking...
Program Size: Code=30644 RO-data=15392 RW-data=100 ZI-data=3276  
"syringe pump.axf" - 0 Error(s), 24 Warning(s).
Load "E:\\syringe pump\\amigo\\syringe pump\\syringe pump.AXF" 
Erase Done.
Programming Done.
Verify OK.
Rebuild target 'Target 1'
assembling startup_stm32f10x_md.s...
compiling system_stm32f1xx.c...
compiling stm32f1xx_it.c...
.\inc\Switches.h(54): warning:  #1-D: last line of file ends without a newline
compiling stm32f1xx_hal.c...
compiling stm32f1xx_hal_cortex.c...
compiling stm32f1xx_hal_gpio.c...
compiling stm32f1xx_hal_gpio_ex.c...
compiling stm32f1xx_hal_pwr.c...
compiling stm32f1xx_hal_rcc.c...
compiling stm32f1xx_hal_rcc_ex.c...
compiling stm32f1xx_hal_tim.c...
compiling stm32f1xx_hal_tim_ex.c...
compiling stm32f1xx_hal_uart.c...
compiling stm32f1xx_hal_usart.c...
compiling stm32f1xx_hal_wwdg.c...
compiling stm32f1xx_hal_dma.c...
compiling stm32f1xx_hal_adc.c...
compiling stm32f1xx_hal_adc_ex.c...
compiling main.c...
.\inc\Switches.h(54): warning:  #1-D: last line of file ends without a newline
src\main.c(40): warning:  #223-D: function "TIM4_Init" declared implicitly
src\main.c(112): warning:  #223-D: function "PWM_ON" declared implicitly
src\main.c(122): warning:  #223-D: function "PWM_OFF" declared implicitly
src\main.c(14): warning:  #177-D: variable "buttonstate" was declared but never referenced
src\main.c(15): warning:  #177-D: variable "buttonstate2" was declared but never referenced
src\main.c(17): warning:  #177-D: variable "test1" was declared but never referenced
src\main.c(19): warning:  #177-D: variable "x" was declared but never referenced
src\main.c(20): warning:  #177-D: variable "y" was declared but never referenced
src\main.c(176): warning:  #1-D: last line of file ends without a newline
compiling stm32f1xx_LCD.c...
src\stm32f1xx_LCD.c(903): warning:  #177-D: variable "t" was declared but never referenced
src\stm32f1xx_LCD.c(1723): warning:  #177-D: variable "buf" was declared but never referenced
src\stm32f1xx_LCD.c(1829): warning:  #174-D: expression has no effect
compiling Switches.c...
.\inc\Switches.h(54): warning:  #1-D: last line of file ends without a newline
compiling syringepump.c...
.\inc\Switches.h(54): warning:  #1-D: last line of file ends without a newline
src\syringepump.c(21): warning:  #236-D: controlling expression is constant
src\syringepump.c(114): warning:  #223-D: function "PWM_Freq" declared implicitly
src\syringepump.c(120): warning:  #223-D: function "PWM_OFF" declared implicitly
src\syringepump.c(145): warning:  #223-D: function "Get_Syringe_Size" declared implicitly
compiling stm32f1xx_PWM.c...
compiling Syringe_Size.c...
.\inc\Switches.h(54): warning:  #1-D: last line of file ends without a newline
src\Syringe_Size.c(47): warning:  #83-D: type qualifier specified more than once
src\Syringe_Size.c(70): warning:  #177-D: variable "adc_valuetest" was declared but never referenced
src\Syringe_Size.c(202): warning:  #940-D: missing return statement at end of non-void function "Get_Syringe_Size"
compiling stm32f1xx_hal_msp.c...
linking...
Program Size: Code=30632 RO-data=15392 RW-data=100 ZI-data=3276  
"syringe pump.axf" - 0 Error(s), 24 Warning(s).
Load "E:\\syringe pump\\amigo\\syringe pump\\syringe pump.AXF" 
Erase Done.
Programming Done.
Verify OK.
Rebuild target 'Target 1'
assembling startup_stm32f10x_md.s...
compiling system_stm32f1xx.c...
compiling stm32f1xx_it.c...
.\inc\Switches.h(54): warning:  #1-D: last line of file ends without a newline
compiling stm32f1xx_hal.c...
compiling stm32f1xx_hal_cortex.c...
compiling stm32f1xx_hal_gpio.c...
compiling stm32f1xx_hal_gpio_ex.c...
compiling stm32f1xx_hal_pwr.c...
compiling stm32f1xx_hal_rcc.c...
compiling stm32f1xx_hal_rcc_ex.c...
compiling stm32f1xx_hal_tim.c...
compiling stm32f1xx_hal_tim_ex.c...
compiling stm32f1xx_hal_uart.c...
compiling stm32f1xx_hal_usart.c...
compiling stm32f1xx_hal_wwdg.c...
compiling stm32f1xx_hal_dma.c...
compiling stm32f1xx_hal_adc.c...
compiling stm32f1xx_hal_adc_ex.c...
compiling main.c...
.\inc\Switches.h(54): warning:  #1-D: last line of file ends without a newline
src\main.c(40): warning:  #223-D: function "TIM4_Init" declared implicitly
src\main.c(112): warning:  #223-D: function "PWM_ON" declared implicitly
src\main.c(122): warning:  #223-D: function "PWM_OFF" declared implicitly
src\main.c(14): warning:  #177-D: variable "buttonstate" was declared but never referenced
src\main.c(15): warning:  #177-D: variable "buttonstate2" was declared but never referenced
src\main.c(17): warning:  #177-D: variable "test1" was declared but never referenced
src\main.c(19): warning:  #177-D: variable "x" was declared but never referenced
src\main.c(20): warning:  #177-D: variable "y" was declared but never referenced
src\main.c(178): warning:  #1-D: last line of file ends without a newline
compiling stm32f1xx_LCD.c...
src\stm32f1xx_LCD.c(903): warning:  #177-D: variable "t" was declared but never referenced
src\stm32f1xx_LCD.c(1723): warning:  #177-D: variable "buf" was declared but never referenced
src\stm32f1xx_LCD.c(1829): warning:  #174-D: expression has no effect
compiling Switches.c...
.\inc\Switches.h(54): warning:  #1-D: last line of file ends without a newline
compiling syringepump.c...
.\inc\Switches.h(54): warning:  #1-D: last line of file ends without a newline
src\syringepump.c(21): warning:  #236-D: controlling expression is constant
src\syringepump.c(114): warning:  #223-D: function "PWM_Freq" declared implicitly
src\syringepump.c(120): warning:  #223-D: function "PWM_OFF" declared implicitly
src\syringepump.c(145): warning:  #223-D: function "Get_Syringe_Size" declared implicitly
compiling stm32f1xx_PWM.c...
compiling Syringe_Size.c...
.\inc\Switches.h(54): warning:  #1-D: last line of file ends without a newline
src\Syringe_Size.c(47): warning:  #83-D: type qualifier specified more than once
src\Syringe_Size.c(70): warning:  #177-D: variable "adc_valuetest" was declared but never referenced
src\Syringe_Size.c(202): warning:  #940-D: missing return statement at end of non-void function "Get_Syringe_Size"
compiling stm32f1xx_hal_msp.c...
linking...
Program Size: Code=30636 RO-data=15392 RW-data=100 ZI-data=3276  
"syringe pump.axf" - 0 Error(s), 24 Warning(s).
Load "E:\\syringe pump\\amigo\\syringe pump\\syringe pump.AXF" 
Erase Done.
Programming Done.
Verify OK.
Rebuild target 'Target 1'
assembling startup_stm32f10x_md.s...
compiling system_stm32f1xx.c...
compiling stm32f1xx_it.c...
.\inc\Switches.h(54): warning:  #1-D: last line of file ends without a newline
compiling stm32f1xx_hal.c...
compiling stm32f1xx_hal_cortex.c...
compiling stm32f1xx_hal_gpio.c...
compiling stm32f1xx_hal_gpio_ex.c...
compiling stm32f1xx_hal_pwr.c...
compiling stm32f1xx_hal_rcc.c...
compiling stm32f1xx_hal_rcc_ex.c...
compiling stm32f1xx_hal_tim.c...
compiling stm32f1xx_hal_tim_ex.c...
compiling stm32f1xx_hal_uart.c...
compiling stm32f1xx_hal_usart.c...
compiling stm32f1xx_hal_wwdg.c...
compiling stm32f1xx_hal_dma.c...
compiling stm32f1xx_hal_adc.c...
compiling stm32f1xx_hal_adc_ex.c...
compiling main.c...
.\inc\Switches.h(54): warning:  #1-D: last line of file ends without a newline
src\main.c(40): warning:  #223-D: function "TIM4_Init" declared implicitly
src\main.c(112): warning:  #223-D: function "PWM_ON" declared implicitly
src\main.c(122): warning:  #223-D: function "PWM_OFF" declared implicitly
src\main.c(14): warning:  #177-D: variable "buttonstate" was declared but never referenced
src\main.c(15): warning:  #177-D: variable "buttonstate2" was declared but never referenced
src\main.c(17): warning:  #177-D: variable "test1" was declared but never referenced
src\main.c(19): warning:  #177-D: variable "x" was declared but never referenced
src\main.c(20): warning:  #177-D: variable "y" was declared but never referenced
src\main.c(178): warning:  #1-D: last line of file ends without a newline
compiling stm32f1xx_LCD.c...
src\stm32f1xx_LCD.c(903): warning:  #177-D: variable "t" was declared but never referenced
src\stm32f1xx_LCD.c(1723): warning:  #177-D: variable "buf" was declared but never referenced
src\stm32f1xx_LCD.c(1829): warning:  #174-D: expression has no effect
compiling Switches.c...
.\inc\Switches.h(54): warning:  #1-D: last line of file ends without a newline
compiling syringepump.c...
.\inc\Switches.h(54): warning:  #1-D: last line of file ends without a newline
src\syringepump.c(21): warning:  #236-D: controlling expression is constant
src\syringepump.c(114): warning:  #223-D: function "PWM_Freq" declared implicitly
src\syringepump.c(120): warning:  #223-D: function "PWM_OFF" declared implicitly
src\syringepump.c(127): error:  #165: too few arguments in function call
src\syringepump.c(146): warning:  #223-D: function "Get_Syringe_Size" declared implicitly
compiling stm32f1xx_PWM.c...
compiling Syringe_Size.c...
.\inc\Switches.h(54): warning:  #1-D: last line of file ends without a newline
src\Syringe_Size.c(47): warning:  #83-D: type qualifier specified more than once
src\Syringe_Size.c(70): warning:  #177-D: variable "adc_valuetest" was declared but never referenced
src\Syringe_Size.c(202): warning:  #940-D: missing return statement at end of non-void function "Get_Syringe_Size"
compiling stm32f1xx_hal_msp.c...
Target not created
Rebuild target 'Target 1'
assembling startup_stm32f10x_md.s...
compiling system_stm32f1xx.c...
compiling stm32f1xx_it.c...
.\inc\Switches.h(54): warning:  #1-D: last line of file ends without a newline
compiling stm32f1xx_hal.c...
compiling stm32f1xx_hal_cortex.c...
compiling stm32f1xx_hal_gpio.c...
compiling stm32f1xx_hal_gpio_ex.c...
compiling stm32f1xx_hal_pwr.c...
compiling stm32f1xx_hal_rcc.c...
compiling stm32f1xx_hal_rcc_ex.c...
compiling stm32f1xx_hal_tim.c...
compiling stm32f1xx_hal_tim_ex.c...
compiling stm32f1xx_hal_uart.c...
compiling stm32f1xx_hal_usart.c...
compiling stm32f1xx_hal_wwdg.c...
compiling stm32f1xx_hal_dma.c...
compiling stm32f1xx_hal_adc.c...
compiling stm32f1xx_hal_adc_ex.c...
compiling main.c...
.\inc\Switches.h(54): warning:  #1-D: last line of file ends without a newline
src\main.c(40): warning:  #223-D: function "TIM4_Init" declared implicitly
src\main.c(112): warning:  #223-D: function "PWM_ON" declared implicitly
src\main.c(122): warning:  #223-D: function "PWM_OFF" declared implicitly
src\main.c(14): warning:  #177-D: variable "buttonstate" was declared but never referenced
src\main.c(15): warning:  #177-D: variable "buttonstate2" was declared but never referenced
src\main.c(17): warning:  #177-D: variable "test1" was declared but never referenced
src\main.c(19): warning:  #177-D: variable "x" was declared but never referenced
src\main.c(20): warning:  #177-D: variable "y" was declared but never referenced
src\main.c(178): warning:  #1-D: last line of file ends without a newline
compiling stm32f1xx_LCD.c...
src\stm32f1xx_LCD.c(903): warning:  #177-D: variable "t" was declared but never referenced
src\stm32f1xx_LCD.c(1723): warning:  #177-D: variable "buf" was declared but never referenced
src\stm32f1xx_LCD.c(1829): warning:  #174-D: expression has no effect
compiling Switches.c...
.\inc\Switches.h(54): warning:  #1-D: last line of file ends without a newline
compiling syringepump.c...
.\inc\Switches.h(54): warning:  #1-D: last line of file ends without a newline
src\syringepump.c(21): warning:  #236-D: controlling expression is constant
src\syringepump.c(114): warning:  #223-D: function "PWM_Freq" declared implicitly
src\syringepump.c(120): warning:  #223-D: function "PWM_OFF" declared implicitly
src\syringepump.c(146): warning:  #223-D: function "Get_Syringe_Size" declared implicitly
compiling stm32f1xx_PWM.c...
compiling Syringe_Size.c...
.\inc\Switches.h(54): warning:  #1-D: last line of file ends without a newline
src\Syringe_Size.c(47): warning:  #83-D: type qualifier specified more than once
src\Syringe_Size.c(70): warning:  #177-D: variable "adc_valuetest" was declared but never referenced
src\Syringe_Size.c(202): warning:  #940-D: missing return statement at end of non-void function "Get_Syringe_Size"
compiling stm32f1xx_hal_msp.c...
linking...
Program Size: Code=30628 RO-data=15392 RW-data=100 ZI-data=3276  
"syringe pump.axf" - 0 Error(s), 24 Warning(s).
Load "E:\\syringe pump\\amigo\\syringe pump\\syringe pump.AXF" 
Erase Done.
Programming Done.
Verify OK.
Rebuild target 'Target 1'
assembling startup_stm32f10x_md.s...
compiling system_stm32f1xx.c...
compiling stm32f1xx_it.c...
.\inc\Switches.h(54): warning:  #1-D: last line of file ends without a newline
compiling stm32f1xx_hal.c...
compiling stm32f1xx_hal_cortex.c...
compiling stm32f1xx_hal_gpio.c...
compiling stm32f1xx_hal_gpio_ex.c...
compiling stm32f1xx_hal_pwr.c...
compiling stm32f1xx_hal_rcc.c...
compiling stm32f1xx_hal_rcc_ex.c...
compiling stm32f1xx_hal_tim.c...
compiling stm32f1xx_hal_tim_ex.c...
compiling stm32f1xx_hal_uart.c...
compiling stm32f1xx_hal_usart.c...
compiling stm32f1xx_hal_wwdg.c...
compiling stm32f1xx_hal_dma.c...
compiling stm32f1xx_hal_adc.c...
compiling stm32f1xx_hal_adc_ex.c...
compiling main.c...
.\inc\Switches.h(54): warning:  #1-D: last line of file ends without a newline
src\main.c(40): warning:  #223-D: function "TIM4_Init" declared implicitly
src\main.c(112): warning:  #223-D: function "PWM_ON" declared implicitly
src\main.c(122): warning:  #223-D: function "PWM_OFF" declared implicitly
src\main.c(14): warning:  #177-D: variable "buttonstate" was declared but never referenced
src\main.c(15): warning:  #177-D: variable "buttonstate2" was declared but never referenced
src\main.c(17): warning:  #177-D: variable "test1" was declared but never referenced
src\main.c(19): warning:  #177-D: variable "x" was declared but never referenced
src\main.c(20): warning:  #177-D: variable "y" was declared but never referenced
src\main.c(178): warning:  #1-D: last line of file ends without a newline
compiling stm32f1xx_LCD.c...
src\stm32f1xx_LCD.c(903): warning:  #177-D: variable "t" was declared but never referenced
src\stm32f1xx_LCD.c(1723): warning:  #177-D: variable "buf" was declared but never referenced
src\stm32f1xx_LCD.c(1829): warning:  #174-D: expression has no effect
compiling Switches.c...
.\inc\Switches.h(54): warning:  #1-D: last line of file ends without a newline
compiling syringepump.c...
.\inc\Switches.h(54): warning:  #1-D: last line of file ends without a newline
src\syringepump.c(21): warning:  #236-D: controlling expression is constant
src\syringepump.c(114): warning:  #223-D: function "PWM_Freq" declared implicitly
src\syringepump.c(120): warning:  #223-D: function "PWM_OFF" declared implicitly
src\syringepump.c(147): warning:  #223-D: function "Get_Syringe_Size" declared implicitly
compiling stm32f1xx_PWM.c...
compiling Syringe_Size.c...
.\inc\Switches.h(54): warning:  #1-D: last line of file ends without a newline
src\Syringe_Size.c(47): warning:  #83-D: type qualifier specified more than once
src\Syringe_Size.c(70): warning:  #177-D: variable "adc_valuetest" was declared but never referenced
src\Syringe_Size.c(202): warning:  #940-D: missing return statement at end of non-void function "Get_Syringe_Size"
compiling stm32f1xx_hal_msp.c...
linking...
Program Size: Code=30648 RO-data=15392 RW-data=100 ZI-data=3276  
"syringe pump.axf" - 0 Error(s), 24 Warning(s).
Load "E:\\syringe pump\\amigo\\syringe pump\\syringe pump.AXF" 
Erase Done.
Programming Done.
Verify OK.
Rebuild target 'Target 1'
assembling startup_stm32f10x_md.s...
compiling system_stm32f1xx.c...
compiling stm32f1xx_it.c...
.\inc\Switches.h(54): warning:  #1-D: last line of file ends without a newline
compiling stm32f1xx_hal.c...
compiling stm32f1xx_hal_cortex.c...
compiling stm32f1xx_hal_gpio.c...
compiling stm32f1xx_hal_gpio_ex.c...
compiling stm32f1xx_hal_pwr.c...
compiling stm32f1xx_hal_rcc.c...
compiling stm32f1xx_hal_rcc_ex.c...
compiling stm32f1xx_hal_tim.c...
compiling stm32f1xx_hal_tim_ex.c...
compiling stm32f1xx_hal_uart.c...
compiling stm32f1xx_hal_usart.c...
compiling stm32f1xx_hal_wwdg.c...
compiling stm32f1xx_hal_dma.c...
compiling stm32f1xx_hal_adc.c...
compiling stm32f1xx_hal_adc_ex.c...
compiling main.c...
.\inc\Switches.h(54): warning:  #1-D: last line of file ends without a newline
src\main.c(40): warning:  #223-D: function "TIM4_Init" declared implicitly
src\main.c(112): warning:  #223-D: function "PWM_ON" declared implicitly
src\main.c(122): warning:  #223-D: function "PWM_OFF" declared implicitly
src\main.c(14): warning:  #177-D: variable "buttonstate" was declared but never referenced
src\main.c(15): warning:  #177-D: variable "buttonstate2" was declared but never referenced
src\main.c(17): warning:  #177-D: variable "test1" was declared but never referenced
src\main.c(19): warning:  #177-D: variable "x" was declared but never referenced
src\main.c(20): warning:  #177-D: variable "y" was declared but never referenced
src\main.c(178): warning:  #1-D: last line of file ends without a newline
compiling stm32f1xx_LCD.c...
src\stm32f1xx_LCD.c(903): warning:  #177-D: variable "t" was declared but never referenced
src\stm32f1xx_LCD.c(1723): warning:  #177-D: variable "buf" was declared but never referenced
src\stm32f1xx_LCD.c(1829): warning:  #174-D: expression has no effect
compiling Switches.c...
.\inc\Switches.h(54): warning:  #1-D: last line of file ends without a newline
compiling syringepump.c...
.\inc\Switches.h(54): warning:  #1-D: last line of file ends without a newline
src\syringepump.c(21): warning:  #236-D: controlling expression is constant
src\syringepump.c(114): warning:  #223-D: function "PWM_Freq" declared implicitly
src\syringepump.c(120): warning:  #223-D: function "PWM_OFF" declared implicitly
src\syringepump.c(147): warning:  #223-D: function "Get_Syringe_Size" declared implicitly
compiling stm32f1xx_PWM.c...
compiling Syringe_Size.c...
.\inc\Switches.h(54): warning:  #1-D: last line of file ends without a newline
src\Syringe_Size.c(47): warning:  #83-D: type qualifier specified more than once
src\Syringe_Size.c(70): warning:  #177-D: variable "adc_valuetest" was declared but never referenced
src\Syringe_Size.c(202): warning:  #940-D: missing return statement at end of non-void function "Get_Syringe_Size"
compiling stm32f1xx_hal_msp.c...
linking...
Program Size: Code=30648 RO-data=15392 RW-data=100 ZI-data=3276  
"syringe pump.axf" - 0 Error(s), 24 Warning(s).
Load "E:\\syringe pump\\amigo\\syringe pump\\syringe pump.AXF" 
Erase Done.
Programming Done.
Verify OK.
Rebuild target 'Target 1'
assembling startup_stm32f10x_md.s...
compiling system_stm32f1xx.c...
compiling stm32f1xx_it.c...
.\inc\Switches.h(54): warning:  #1-D: last line of file ends without a newline
compiling stm32f1xx_hal.c...
compiling stm32f1xx_hal_cortex.c...
compiling stm32f1xx_hal_gpio.c...
compiling stm32f1xx_hal_gpio_ex.c...
compiling stm32f1xx_hal_pwr.c...
compiling stm32f1xx_hal_rcc.c...
compiling stm32f1xx_hal_rcc_ex.c...
compiling stm32f1xx_hal_tim.c...
compiling stm32f1xx_hal_tim_ex.c...
compiling stm32f1xx_hal_uart.c...
compiling stm32f1xx_hal_usart.c...
compiling stm32f1xx_hal_wwdg.c...
compiling stm32f1xx_hal_dma.c...
compiling stm32f1xx_hal_adc.c...
compiling stm32f1xx_hal_adc_ex.c...
compiling main.c...
.\inc\Switches.h(54): warning:  #1-D: last line of file ends without a newline
src\main.c(40): warning:  #223-D: function "TIM4_Init" declared implicitly
src\main.c(112): warning:  #223-D: function "PWM_ON" declared implicitly
src\main.c(122): warning:  #223-D: function "PWM_OFF" declared implicitly
src\main.c(14): warning:  #177-D: variable "buttonstate" was declared but never referenced
src\main.c(15): warning:  #177-D: variable "buttonstate2" was declared but never referenced
src\main.c(17): warning:  #177-D: variable "test1" was declared but never referenced
src\main.c(19): warning:  #177-D: variable "x" was declared but never referenced
src\main.c(20): warning:  #177-D: variable "y" was declared but never referenced
src\main.c(178): warning:  #1-D: last line of file ends without a newline
compiling stm32f1xx_LCD.c...
src\stm32f1xx_LCD.c(903): warning:  #177-D: variable "t" was declared but never referenced
src\stm32f1xx_LCD.c(1723): warning:  #177-D: variable "buf" was declared but never referenced
src\stm32f1xx_LCD.c(1829): warning:  #174-D: expression has no effect
compiling Switches.c...
.\inc\Switches.h(54): warning:  #1-D: last line of file ends without a newline
compiling syringepump.c...
.\inc\Switches.h(54): warning:  #1-D: last line of file ends without a newline
src\syringepump.c(21): warning:  #236-D: controlling expression is constant
src\syringepump.c(114): warning:  #223-D: function "PWM_Freq" declared implicitly
src\syringepump.c(120): warning:  #223-D: function "PWM_OFF" declared implicitly
src\syringepump.c(149): warning:  #223-D: function "Get_Syringe_Size" declared implicitly
compiling stm32f1xx_PWM.c...
compiling Syringe_Size.c...
.\inc\Switches.h(54): warning:  #1-D: last line of file ends without a newline
src\Syringe_Size.c(47): warning:  #83-D: type qualifier specified more than once
src\Syringe_Size.c(70): warning:  #177-D: variable "adc_valuetest" was declared but never referenced
src\Syringe_Size.c(202): warning:  #940-D: missing return statement at end of non-void function "Get_Syringe_Size"
compiling stm32f1xx_hal_msp.c...
linking...
Program Size: Code=30688 RO-data=15392 RW-data=100 ZI-data=3276  
"syringe pump.axf" - 0 Error(s), 24 Warning(s).
Load "E:\\syringe pump\\amigo\\syringe pump\\syringe pump.AXF" 
Erase Done.
Programming Done.
Verify OK.
Rebuild target 'Target 1'
assembling startup_stm32f10x_md.s...
compiling system_stm32f1xx.c...
compiling stm32f1xx_it.c...
.\inc\Switches.h(54): warning:  #1-D: last line of file ends without a newline
compiling stm32f1xx_hal.c...
compiling stm32f1xx_hal_cortex.c...
compiling stm32f1xx_hal_gpio.c...
compiling stm32f1xx_hal_gpio_ex.c...
compiling stm32f1xx_hal_pwr.c...
compiling stm32f1xx_hal_rcc.c...
compiling stm32f1xx_hal_rcc_ex.c...
compiling stm32f1xx_hal_tim.c...
compiling stm32f1xx_hal_tim_ex.c...
compiling stm32f1xx_hal_uart.c...
compiling stm32f1xx_hal_usart.c...
compiling stm32f1xx_hal_wwdg.c...
compiling stm32f1xx_hal_dma.c...
compiling stm32f1xx_hal_adc.c...
compiling stm32f1xx_hal_adc_ex.c...
compiling main.c...
.\inc\Switches.h(54): warning:  #1-D: last line of file ends without a newline
src\main.c(40): warning:  #223-D: function "TIM4_Init" declared implicitly
src\main.c(112): warning:  #223-D: function "PWM_ON" declared implicitly
src\main.c(122): warning:  #223-D: function "PWM_OFF" declared implicitly
src\main.c(14): warning:  #177-D: variable "buttonstate" was declared but never referenced
src\main.c(15): warning:  #177-D: variable "buttonstate2" was declared but never referenced
src\main.c(17): warning:  #177-D: variable "test1" was declared but never referenced
src\main.c(19): warning:  #177-D: variable "x" was declared but never referenced
src\main.c(20): warning:  #177-D: variable "y" was declared but never referenced
src\main.c(178): warning:  #1-D: last line of file ends without a newline
compiling stm32f1xx_LCD.c...
src\stm32f1xx_LCD.c(903): warning:  #177-D: variable "t" was declared but never referenced
src\stm32f1xx_LCD.c(1723): warning:  #177-D: variable "buf" was declared but never referenced
src\stm32f1xx_LCD.c(1829): warning:  #174-D: expression has no effect
compiling Switches.c...
.\inc\Switches.h(54): warning:  #1-D: last line of file ends without a newline
compiling syringepump.c...
.\inc\Switches.h(54): warning:  #1-D: last line of file ends without a newline
src\syringepump.c(21): warning:  #236-D: controlling expression is constant
src\syringepump.c(114): warning:  #223-D: function "PWM_Freq" declared implicitly
src\syringepump.c(120): warning:  #223-D: function "PWM_OFF" declared implicitly
src\syringepump.c(150): warning:  #223-D: function "Get_Syringe_Size" declared implicitly
compiling stm32f1xx_PWM.c...
compiling Syringe_Size.c...
.\inc\Switches.h(54): warning:  #1-D: last line of file ends without a newline
src\Syringe_Size.c(47): warning:  #83-D: type qualifier specified more than once
src\Syringe_Size.c(70): warning:  #177-D: variable "adc_valuetest" was declared but never referenced
src\Syringe_Size.c(202): warning:  #940-D: missing return statement at end of non-void function "Get_Syringe_Size"
compiling stm32f1xx_hal_msp.c...
linking...
Program Size: Code=30700 RO-data=15392 RW-data=100 ZI-data=3276  
"syringe pump.axf" - 0 Error(s), 24 Warning(s).
Load "E:\\syringe pump\\amigo\\syringe pump\\syringe pump.AXF" 
Erase Done.
Programming Done.
Verify OK.
Rebuild target 'Target 1'
assembling startup_stm32f10x_md.s...
compiling system_stm32f1xx.c...
compiling stm32f1xx_it.c...
.\inc\Switches.h(54): warning:  #1-D: last line of file ends without a newline
compiling stm32f1xx_hal.c...
compiling stm32f1xx_hal_cortex.c...
compiling stm32f1xx_hal_gpio.c...
compiling stm32f1xx_hal_gpio_ex.c...
compiling stm32f1xx_hal_pwr.c...
compiling stm32f1xx_hal_rcc.c...
compiling stm32f1xx_hal_rcc_ex.c...
compiling stm32f1xx_hal_tim.c...
compiling stm32f1xx_hal_tim_ex.c...
compiling stm32f1xx_hal_uart.c...
compiling stm32f1xx_hal_usart.c...
compiling stm32f1xx_hal_wwdg.c...
compiling stm32f1xx_hal_dma.c...
compiling stm32f1xx_hal_adc.c...
compiling stm32f1xx_hal_adc_ex.c...
compiling main.c...
.\inc\Switches.h(54): warning:  #1-D: last line of file ends without a newline
src\main.c(40): warning:  #223-D: function "TIM4_Init" declared implicitly
src\main.c(112): warning:  #223-D: function "PWM_ON" declared implicitly
src\main.c(122): warning:  #223-D: function "PWM_OFF" declared implicitly
src\main.c(14): warning:  #177-D: variable "buttonstate" was declared but never referenced
src\main.c(15): warning:  #177-D: variable "buttonstate2" was declared but never referenced
src\main.c(17): warning:  #177-D: variable "test1" was declared but never referenced
src\main.c(19): warning:  #177-D: variable "x" was declared but never referenced
src\main.c(20): warning:  #177-D: variable "y" was declared but never referenced
src\main.c(178): warning:  #1-D: last line of file ends without a newline
compiling stm32f1xx_LCD.c...
src\stm32f1xx_LCD.c(903): warning:  #177-D: variable "t" was declared but never referenced
src\stm32f1xx_LCD.c(1723): warning:  #177-D: variable "buf" was declared but never referenced
src\stm32f1xx_LCD.c(1829): warning:  #174-D: expression has no effect
compiling Switches.c...
.\inc\Switches.h(54): warning:  #1-D: last line of file ends without a newline
compiling syringepump.c...
.\inc\Switches.h(54): warning:  #1-D: last line of file ends without a newline
src\syringepump.c(21): warning:  #236-D: controlling expression is constant
src\syringepump.c(114): warning:  #223-D: function "PWM_Freq" declared implicitly
src\syringepump.c(120): warning:  #223-D: function "PWM_OFF" declared implicitly
src\syringepump.c(151): warning:  #223-D: function "Get_Syringe_Size" declared implicitly
compiling stm32f1xx_PWM.c...
compiling Syringe_Size.c...
.\inc\Switches.h(54): warning:  #1-D: last line of file ends without a newline
src\Syringe_Size.c(47): warning:  #83-D: type qualifier specified more than once
src\Syringe_Size.c(70): warning:  #177-D: variable "adc_valuetest" was declared but never referenced
src\Syringe_Size.c(202): warning:  #940-D: missing return statement at end of non-void function "Get_Syringe_Size"
compiling stm32f1xx_hal_msp.c...
linking...
Program Size: Code=30716 RO-data=15392 RW-data=100 ZI-data=3276  
"syringe pump.axf" - 0 Error(s), 24 Warning(s).
Load "E:\\syringe pump\\amigo\\syringe pump\\syringe pump.AXF" 
Erase Done.
Programming Done.
Verify OK.
compiling stm32f1xx_hal_adc.c...
CMSIS\src\stm32f1xx_hal_adc.c - 0 Error(s), 0 Warning(s).
Rebuild target 'Target 1'
assembling startup_stm32f10x_md.s...
compiling system_stm32f1xx.c...
compiling stm32f1xx_it.c...
.\inc\Switches.h(54): warning:  #1-D: last line of file ends without a newline
compiling stm32f1xx_hal.c...
compiling stm32f1xx_hal_cortex.c...
compiling stm32f1xx_hal_gpio.c...
compiling stm32f1xx_hal_gpio_ex.c...
compiling stm32f1xx_hal_pwr.c...
compiling stm32f1xx_hal_rcc.c...
compiling stm32f1xx_hal_rcc_ex.c...
compiling stm32f1xx_hal_tim.c...
compiling stm32f1xx_hal_tim_ex.c...
compiling stm32f1xx_hal_uart.c...
compiling stm32f1xx_hal_usart.c...
compiling stm32f1xx_hal_wwdg.c...
compiling stm32f1xx_hal_dma.c...
compiling stm32f1xx_hal_adc.c...
compiling stm32f1xx_hal_adc_ex.c...
compiling main.c...
.\inc\Switches.h(54): warning:  #1-D: last line of file ends without a newline
src\main.c(40): warning:  #223-D: function "TIM4_Init" declared implicitly
src\main.c(112): warning:  #223-D: function "PWM_ON" declared implicitly
src\main.c(122): warning:  #223-D: function "PWM_OFF" declared implicitly
src\main.c(14): warning:  #177-D: variable "buttonstate" was declared but never referenced
src\main.c(15): warning:  #177-D: variable "buttonstate2" was declared but never referenced
src\main.c(17): warning:  #177-D: variable "test1" was declared but never referenced
src\main.c(19): warning:  #177-D: variable "x" was declared but never referenced
src\main.c(20): warning:  #177-D: variable "y" was declared but never referenced
src\main.c(178): warning:  #1-D: last line of file ends without a newline
compiling stm32f1xx_LCD.c...
src\stm32f1xx_LCD.c(903): warning:  #177-D: variable "t" was declared but never referenced
src\stm32f1xx_LCD.c(1723): warning:  #177-D: variable "buf" was declared but never referenced
src\stm32f1xx_LCD.c(1829): warning:  #174-D: expression has no effect
compiling Switches.c...
.\inc\Switches.h(54): warning:  #1-D: last line of file ends without a newline
compiling syringepump.c...
.\inc\Switches.h(54): warning:  #1-D: last line of file ends without a newline
src\syringepump.c(21): warning:  #236-D: controlling expression is constant
src\syringepump.c(114): warning:  #223-D: function "PWM_Freq" declared implicitly
src\syringepump.c(120): warning:  #223-D: function "PWM_OFF" declared implicitly
src\syringepump.c(152): warning:  #223-D: function "Get_Syringe_Size" declared implicitly
compiling stm32f1xx_PWM.c...
compiling Syringe_Size.c...
.\inc\Switches.h(54): warning:  #1-D: last line of file ends without a newline
src\Syringe_Size.c(47): warning:  #83-D: type qualifier specified more than once
src\Syringe_Size.c(70): warning:  #177-D: variable "adc_valuetest" was declared but never referenced
src\Syringe_Size.c(202): warning:  #940-D: missing return statement at end of non-void function "Get_Syringe_Size"
compiling stm32f1xx_hal_msp.c...
linking...
Program Size: Code=30732 RO-data=15392 RW-data=100 ZI-data=3276  
"syringe pump.axf" - 0 Error(s), 24 Warning(s).
Load "E:\\syringe pump\\amigo\\syringe pump\\syringe pump.AXF" 
Erase Done.
Programming Done.
Verify OK.
Rebuild target 'Target 1'
assembling startup_stm32f10x_md.s...
compiling system_stm32f1xx.c...
compiling stm32f1xx_it.c...
.\inc\Switches.h(54): warning:  #1-D: last line of file ends without a newline
compiling stm32f1xx_hal.c...
compiling stm32f1xx_hal_cortex.c...
compiling stm32f1xx_hal_gpio.c...
compiling stm32f1xx_hal_gpio_ex.c...
compiling stm32f1xx_hal_pwr.c...
compiling stm32f1xx_hal_rcc.c...
compiling stm32f1xx_hal_rcc_ex.c...
compiling stm32f1xx_hal_tim.c...
compiling stm32f1xx_hal_tim_ex.c...
compiling stm32f1xx_hal_uart.c...
compiling stm32f1xx_hal_usart.c...
compiling stm32f1xx_hal_wwdg.c...
compiling stm32f1xx_hal_dma.c...
compiling stm32f1xx_hal_adc.c...
compiling stm32f1xx_hal_adc_ex.c...
compiling main.c...
.\inc\Switches.h(54): warning:  #1-D: last line of file ends without a newline
src\main.c(40): warning:  #223-D: function "TIM4_Init" declared implicitly
src\main.c(112): warning:  #223-D: function "PWM_ON" declared implicitly
src\main.c(122): warning:  #223-D: function "PWM_OFF" declared implicitly
src\main.c(14): warning:  #177-D: variable "buttonstate" was declared but never referenced
src\main.c(15): warning:  #177-D: variable "buttonstate2" was declared but never referenced
src\main.c(17): warning:  #177-D: variable "test1" was declared but never referenced
src\main.c(19): warning:  #177-D: variable "x" was declared but never referenced
src\main.c(20): warning:  #177-D: variable "y" was declared but never referenced
src\main.c(178): warning:  #1-D: last line of file ends without a newline
compiling stm32f1xx_LCD.c...
src\stm32f1xx_LCD.c(903): warning:  #177-D: variable "t" was declared but never referenced
src\stm32f1xx_LCD.c(1723): warning:  #177-D: variable "buf" was declared but never referenced
src\stm32f1xx_LCD.c(1829): warning:  #174-D: expression has no effect
compiling Switches.c...
.\inc\Switches.h(54): warning:  #1-D: last line of file ends without a newline
compiling syringepump.c...
.\inc\Switches.h(54): warning:  #1-D: last line of file ends without a newline
src\syringepump.c(21): warning:  #236-D: controlling expression is constant
src\syringepump.c(114): warning:  #223-D: function "PWM_Freq" declared implicitly
src\syringepump.c(120): warning:  #223-D: function "PWM_OFF" declared implicitly
src\syringepump.c(153): warning:  #223-D: function "Get_Syringe_Size" declared implicitly
compiling stm32f1xx_PWM.c...
compiling Syringe_Size.c...
.\inc\Switches.h(54): warning:  #1-D: last line of file ends without a newline
src\Syringe_Size.c(47): warning:  #83-D: type qualifier specified more than once
src\Syringe_Size.c(70): warning:  #177-D: variable "adc_valuetest" was declared but never referenced
src\Syringe_Size.c(202): warning:  #940-D: missing return statement at end of non-void function "Get_Syringe_Size"
compiling stm32f1xx_hal_msp.c...
linking...
Program Size: Code=30748 RO-data=15392 RW-data=100 ZI-data=3276  
"syringe pump.axf" - 0 Error(s), 24 Warning(s).
Load "E:\\syringe pump\\amigo\\syringe pump\\syringe pump.AXF" 
Erase Done.
Programming Done.
Verify OK.
Rebuild target 'Target 1'
assembling startup_stm32f10x_md.s...
compiling system_stm32f1xx.c...
compiling stm32f1xx_it.c...
.\inc\Switches.h(54): warning:  #1-D: last line of file ends without a newline
compiling stm32f1xx_hal.c...
compiling stm32f1xx_hal_cortex.c...
compiling stm32f1xx_hal_gpio.c...
compiling stm32f1xx_hal_gpio_ex.c...
compiling stm32f1xx_hal_pwr.c...
compiling stm32f1xx_hal_rcc.c...
compiling stm32f1xx_hal_rcc_ex.c...
compiling stm32f1xx_hal_tim.c...
compiling stm32f1xx_hal_tim_ex.c...
compiling stm32f1xx_hal_uart.c...
compiling stm32f1xx_hal_usart.c...
compiling stm32f1xx_hal_wwdg.c...
compiling stm32f1xx_hal_dma.c...
compiling stm32f1xx_hal_adc.c...
compiling stm32f1xx_hal_adc_ex.c...
compiling main.c...
.\inc\Switches.h(54): warning:  #1-D: last line of file ends without a newline
src\main.c(40): warning:  #223-D: function "TIM4_Init" declared implicitly
src\main.c(112): warning:  #223-D: function "PWM_ON" declared implicitly
src\main.c(122): warning:  #223-D: function "PWM_OFF" declared implicitly
src\main.c(14): warning:  #177-D: variable "buttonstate" was declared but never referenced
src\main.c(15): warning:  #177-D: variable "buttonstate2" was declared but never referenced
src\main.c(17): warning:  #177-D: variable "test1" was declared but never referenced
src\main.c(19): warning:  #177-D: variable "x" was declared but never referenced
src\main.c(20): warning:  #177-D: variable "y" was declared but never referenced
src\main.c(178): warning:  #1-D: last line of file ends without a newline
compiling stm32f1xx_LCD.c...
src\stm32f1xx_LCD.c(903): warning:  #177-D: variable "t" was declared but never referenced
src\stm32f1xx_LCD.c(1723): warning:  #177-D: variable "buf" was declared but never referenced
src\stm32f1xx_LCD.c(1829): warning:  #174-D: expression has no effect
compiling Switches.c...
.\inc\Switches.h(54): warning:  #1-D: last line of file ends without a newline
compiling syringepump.c...
.\inc\Switches.h(54): warning:  #1-D: last line of file ends without a newline
src\syringepump.c(21): warning:  #236-D: controlling expression is constant
src\syringepump.c(114): warning:  #223-D: function "PWM_Freq" declared implicitly
src\syringepump.c(120): warning:  #223-D: function "PWM_OFF" declared implicitly
src\syringepump.c(154): warning:  #223-D: function "Get_Syringe_Size" declared implicitly
compiling stm32f1xx_PWM.c...
compiling Syringe_Size.c...
.\inc\Switches.h(54): warning:  #1-D: last line of file ends without a newline
src\Syringe_Size.c(47): warning:  #83-D: type qualifier specified more than once
src\Syringe_Size.c(70): warning:  #177-D: variable "adc_valuetest" was declared but never referenced
src\Syringe_Size.c(202): warning:  #940-D: missing return statement at end of non-void function "Get_Syringe_Size"
compiling stm32f1xx_hal_msp.c...
linking...
Program Size: Code=30764 RO-data=15392 RW-data=100 ZI-data=3276  
"syringe pump.axf" - 0 Error(s), 24 Warning(s).
Load "E:\\syringe pump\\amigo\\syringe pump\\syringe pump.AXF" 
Erase Done.
Programming Done.
Verify OK.
Rebuild target 'Target 1'
assembling startup_stm32f10x_md.s...
compiling system_stm32f1xx.c...
compiling stm32f1xx_it.c...
.\inc\Switches.h(54): warning:  #1-D: last line of file ends without a newline
compiling stm32f1xx_hal.c...
compiling stm32f1xx_hal_cortex.c...
compiling stm32f1xx_hal_gpio.c...
compiling stm32f1xx_hal_gpio_ex.c...
compiling stm32f1xx_hal_pwr.c...
compiling stm32f1xx_hal_rcc.c...
compiling stm32f1xx_hal_rcc_ex.c...
compiling stm32f1xx_hal_tim.c...
compiling stm32f1xx_hal_tim_ex.c...
compiling stm32f1xx_hal_uart.c...
compiling stm32f1xx_hal_usart.c...
compiling stm32f1xx_hal_wwdg.c...
compiling stm32f1xx_hal_dma.c...
compiling stm32f1xx_hal_adc.c...
compiling stm32f1xx_hal_adc_ex.c...
compiling main.c...
.\inc\Switches.h(54): warning:  #1-D: last line of file ends without a newline
src\main.c(40): warning:  #223-D: function "TIM4_Init" declared implicitly
src\main.c(112): warning:  #223-D: function "PWM_ON" declared implicitly
src\main.c(122): warning:  #223-D: function "PWM_OFF" declared implicitly
src\main.c(14): warning:  #177-D: variable "buttonstate" was declared but never referenced
src\main.c(15): warning:  #177-D: variable "buttonstate2" was declared but never referenced
src\main.c(17): warning:  #177-D: variable "test1" was declared but never referenced
src\main.c(19): warning:  #177-D: variable "x" was declared but never referenced
src\main.c(20): warning:  #177-D: variable "y" was declared but never referenced
src\main.c(178): warning:  #1-D: last line of file ends without a newline
compiling stm32f1xx_LCD.c...
src\stm32f1xx_LCD.c(903): warning:  #177-D: variable "t" was declared but never referenced
src\stm32f1xx_LCD.c(1723): warning:  #177-D: variable "buf" was declared but never referenced
src\stm32f1xx_LCD.c(1829): warning:  #174-D: expression has no effect
compiling Switches.c...
.\inc\Switches.h(54): warning:  #1-D: last line of file ends without a newline
compiling syringepump.c...
.\inc\Switches.h(54): warning:  #1-D: last line of file ends without a newline
src\syringepump.c(21): warning:  #236-D: controlling expression is constant
src\syringepump.c(114): warning:  #223-D: function "PWM_Freq" declared implicitly
src\syringepump.c(120): warning:  #223-D: function "PWM_OFF" declared implicitly
src\syringepump.c(154): warning:  #223-D: function "Get_Syringe_Size" declared implicitly
compiling stm32f1xx_PWM.c...
compiling Syringe_Size.c...
.\inc\Switches.h(54): warning:  #1-D: last line of file ends without a newline
src\Syringe_Size.c(47): warning:  #83-D: type qualifier specified more than once
src\Syringe_Size.c(70): warning:  #177-D: variable "adc_valuetest" was declared but never referenced
src\Syringe_Size.c(202): warning:  #940-D: missing return statement at end of non-void function "Get_Syringe_Size"
compiling stm32f1xx_hal_msp.c...
linking...
Program Size: Code=30764 RO-data=15392 RW-data=100 ZI-data=3276  
"syringe pump.axf" - 0 Error(s), 24 Warning(s).
Load "E:\\syringe pump\\amigo\\syringe pump\\syringe pump.AXF" 
Erase Done.
Programming Done.
Verify OK.
Rebuild target 'Target 1'
assembling startup_stm32f10x_md.s...
compiling system_stm32f1xx.c...
compiling stm32f1xx_it.c...
.\inc\Switches.h(54): warning:  #1-D: last line of file ends without a newline
compiling stm32f1xx_hal.c...
compiling stm32f1xx_hal_cortex.c...
compiling stm32f1xx_hal_gpio.c...
compiling stm32f1xx_hal_gpio_ex.c...
compiling stm32f1xx_hal_pwr.c...
compiling stm32f1xx_hal_rcc.c...
compiling stm32f1xx_hal_rcc_ex.c...
compiling stm32f1xx_hal_tim.c...
compiling stm32f1xx_hal_tim_ex.c...
compiling stm32f1xx_hal_uart.c...
compiling stm32f1xx_hal_usart.c...
compiling stm32f1xx_hal_wwdg.c...
compiling stm32f1xx_hal_dma.c...
compiling stm32f1xx_hal_adc.c...
compiling stm32f1xx_hal_adc_ex.c...
compiling main.c...
.\inc\Switches.h(54): warning:  #1-D: last line of file ends without a newline
src\main.c(40): warning:  #223-D: function "TIM4_Init" declared implicitly
src\main.c(112): warning:  #223-D: function "PWM_ON" declared implicitly
src\main.c(122): warning:  #223-D: function "PWM_OFF" declared implicitly
src\main.c(14): warning:  #177-D: variable "buttonstate" was declared but never referenced
src\main.c(15): warning:  #177-D: variable "buttonstate2" was declared but never referenced
src\main.c(17): warning:  #177-D: variable "test1" was declared but never referenced
src\main.c(19): warning:  #177-D: variable "x" was declared but never referenced
src\main.c(20): warning:  #177-D: variable "y" was declared but never referenced
src\main.c(178): warning:  #1-D: last line of file ends without a newline
compiling stm32f1xx_LCD.c...
src\stm32f1xx_LCD.c(903): warning:  #177-D: variable "t" was declared but never referenced
src\stm32f1xx_LCD.c(1723): warning:  #177-D: variable "buf" was declared but never referenced
src\stm32f1xx_LCD.c(1829): warning:  #174-D: expression has no effect
compiling Switches.c...
.\inc\Switches.h(54): warning:  #1-D: last line of file ends without a newline
compiling syringepump.c...
.\inc\Switches.h(54): warning:  #1-D: last line of file ends without a newline
src\syringepump.c(21): warning:  #236-D: controlling expression is constant
src\syringepump.c(114): warning:  #223-D: function "PWM_Freq" declared implicitly
src\syringepump.c(120): warning:  #223-D: function "PWM_OFF" declared implicitly
src\syringepump.c(154): warning:  #223-D: function "Get_Syringe_Size" declared implicitly
compiling stm32f1xx_PWM.c...
compiling Syringe_Size.c...
.\inc\Switches.h(54): warning:  #1-D: last line of file ends without a newline
src\Syringe_Size.c(47): warning:  #83-D: type qualifier specified more than once
src\Syringe_Size.c(70): warning:  #177-D: variable "adc_valuetest" was declared but never referenced
src\Syringe_Size.c(202): warning:  #940-D: missing return statement at end of non-void function "Get_Syringe_Size"
compiling stm32f1xx_hal_msp.c...
linking...
Program Size: Code=30764 RO-data=15392 RW-data=100 ZI-data=3276  
"syringe pump.axf" - 0 Error(s), 24 Warning(s).
Load "E:\\syringe pump\\amigo\\syringe pump\\syringe pump.AXF" 
Erase Done.
Programming Done.
Verify OK.
Rebuild target 'Target 1'
assembling startup_stm32f10x_md.s...
compiling system_stm32f1xx.c...
compiling stm32f1xx_it.c...
.\inc\Switches.h(54): warning:  #1-D: last line of file ends without a newline
compiling stm32f1xx_hal.c...
compiling stm32f1xx_hal_cortex.c...
compiling stm32f1xx_hal_gpio.c...
compiling stm32f1xx_hal_gpio_ex.c...
compiling stm32f1xx_hal_pwr.c...
compiling stm32f1xx_hal_rcc.c...
compiling stm32f1xx_hal_rcc_ex.c...
compiling stm32f1xx_hal_tim.c...
compiling stm32f1xx_hal_tim_ex.c...
compiling stm32f1xx_hal_uart.c...
compiling stm32f1xx_hal_usart.c...
compiling stm32f1xx_hal_wwdg.c...
compiling stm32f1xx_hal_dma.c...
compiling stm32f1xx_hal_adc.c...
compiling stm32f1xx_hal_adc_ex.c...
compiling main.c...
.\inc\Switches.h(54): warning:  #1-D: last line of file ends without a newline
src\main.c(40): warning:  #223-D: function "TIM4_Init" declared implicitly
src\main.c(112): warning:  #223-D: function "PWM_ON" declared implicitly
src\main.c(122): warning:  #223-D: function "PWM_OFF" declared implicitly
src\main.c(14): warning:  #177-D: variable "buttonstate" was declared but never referenced
src\main.c(15): warning:  #177-D: variable "buttonstate2" was declared but never referenced
src\main.c(17): warning:  #177-D: variable "test1" was declared but never referenced
src\main.c(19): warning:  #177-D: variable "x" was declared but never referenced
src\main.c(20): warning:  #177-D: variable "y" was declared but never referenced
src\main.c(179): warning:  #1-D: last line of file ends without a newline
compiling stm32f1xx_LCD.c...
src\stm32f1xx_LCD.c(903): warning:  #177-D: variable "t" was declared but never referenced
src\stm32f1xx_LCD.c(1723): warning:  #177-D: variable "buf" was declared but never referenced
src\stm32f1xx_LCD.c(1829): warning:  #174-D: expression has no effect
compiling Switches.c...
.\inc\Switches.h(54): warning:  #1-D: last line of file ends without a newline
compiling syringepump.c...
.\inc\Switches.h(54): warning:  #1-D: last line of file ends without a newline
src\syringepump.c(22): warning:  #236-D: controlling expression is constant
src\syringepump.c(115): warning:  #223-D: function "PWM_Freq" declared implicitly
src\syringepump.c(121): warning:  #223-D: function "PWM_OFF" declared implicitly
src\syringepump.c(155): warning:  #223-D: function "Get_Syringe_Size" declared implicitly
compiling stm32f1xx_PWM.c...
compiling Syringe_Size.c...
.\inc\Switches.h(54): warning:  #1-D: last line of file ends without a newline
src\Syringe_Size.c(47): warning:  #83-D: type qualifier specified more than once
src\Syringe_Size.c(70): warning:  #177-D: variable "adc_valuetest" was declared but never referenced
src\Syringe_Size.c(202): warning:  #940-D: missing return statement at end of non-void function "Get_Syringe_Size"
compiling stm32f1xx_hal_msp.c...
linking...
Program Size: Code=30776 RO-data=15392 RW-data=100 ZI-data=3276  
"syringe pump.axf" - 0 Error(s), 24 Warning(s).
Load "E:\\syringe pump\\amigo\\syringe pump\\syringe pump.AXF" 
Erase Done.
Programming Done.
Verify OK.
